 win32_hh

 Timestamp is 5aa831f6 (Tue Mar 13 23:17:58 2018)

 Preferred load address is 0000000140000000

 Start         Length     Name                   Class
 0001:00000000 0005efe0H .text$mn                CODE
 0001:0005efe0 00001110H .text$mn$00             CODE
 0001:000600f0 00001791H .text$x                 CODE
 0002:00000000 00000110H .CRT$XCA                DATA
 0002:00000110 00000110H .CRT$XCAA               DATA
 0002:00000220 00000110H .CRT$XCZ                DATA
 0002:00000330 00000110H .CRT$XIA                DATA
 0002:00000440 00000110H .CRT$XIAA               DATA
 0002:00000550 00000110H .CRT$XIAC               DATA
 0002:00000660 00000130H .CRT$XIC                DATA
 0002:00000790 00000110H .CRT$XIZ                DATA
 0002:000008a0 00000110H .CRT$XPA                DATA
 0002:000009b0 00000120H .CRT$XPX                DATA
 0002:00000ad0 00000110H .CRT$XPXA               DATA
 0002:00000be0 00000110H .CRT$XPZ                DATA
 0002:00000cf0 00000110H .CRT$XTA                DATA
 0002:00000e00 00000110H .CRT$XTZ                DATA
 0002:00000f10 0000c078H .rdata                  DATA
 0002:0000cf88 000004ecH .rdata$r                DATA
 0002:0000d474 00000174H .rdata$zzzdbg           DATA
 0002:0000d5e8 00000110H .rtc$IAA                DATA
 0002:0000d6f8 00000110H .rtc$IZZ                DATA
 0002:0000d808 00000110H .rtc$TAA                DATA
 0002:0000d918 00000110H .rtc$TZZ                DATA
 0002:0000da28 00005809H .xdata                  DATA
 0002:00013231 00000000H .edata                  DATA
 0003:00000000 00000c50H .data                   DATA
 0003:00000c50 00000230H .data$r                 DATA
 0003:00000e80 00002071H .bss                    DATA
 0004:00000000 000047b8H .pdata                  DATA
 0005:00000000 000004d0H .idata$5                DATA
 0005:000004d0 0000003cH .idata$2                DATA
 0005:0000050c 00000014H .idata$3                DATA
 0005:00000520 000004d0H .idata$4                DATA
 0005:000009f0 00000942H .idata$6                DATA
 0006:00000000 0000013fH .00cfg                  DATA

  Address         Publics by Value              Rva+Base               Lib:Object

 0000:00000000       __guard_longjmp_count      0000000000000000     <absolute>
 0000:00000000       __guard_iat_table          0000000000000000     <absolute>
 0000:00000000       __hybrid_code_map          0000000000000000     <absolute>
 0000:00000000       ___safe_se_handler_count   0000000000000000     <absolute>
 0000:00000000       __guard_fids_count         0000000000000000     <absolute>
 0000:00000000       __hybrid_code_map_count    0000000000000000     <absolute>
 0000:00000000       __guard_fids_table         0000000000000000     <absolute>
 0000:00000000       __enclave_config           0000000000000000     <absolute>
 0000:00000000       __guard_longjmp_table      0000000000000000     <absolute>
 0000:00000000       __guard_iat_count          0000000000000000     <absolute>
 0000:00000000       __hybrid_auxiliary_iat     0000000000000000     <absolute>
 0000:00000000       ___safe_se_handler_table   0000000000000000     <absolute>
 0000:00000000       __dynamic_value_reloc_table 0000000000000000     <absolute>
 0000:00000100       __guard_flags              0000000000000100     <absolute>
 0000:00000000       __ImageBase                0000000140000000     <linker-defined>
 0001:000052f4       ?XInputGetStateStub@@YAKKPEAU_XINPUT_STATE@@@Z 00000001400062f4 f   win32_hh.obj
 0001:000052fc       ?XInputSetStateStub@@YAKKPEAU_XINPUT_VIBRATION@@@Z 00000001400062fc f   win32_hh.obj
 0001:000058e4       ?SafeTruncateUInt64@@YAI_K@Z 00000001400068e4 f i win32_hh.obj
 0001:00005e58       ?Win32MainWindowCallback@@YA_JPEAUHWND__@@I_K_J@Z 0000000140006e58 f   win32_hh.obj
 0001:000068da       TranslateMessage           00000001400078da f   user32:USER32.dll
 0001:000068e0       DispatchMessageA           00000001400078e0 f   user32:USER32.dll
 0001:000068e6       PeekMessageA               00000001400078e6 f   user32:USER32.dll
 0001:000068ec       DefWindowProcA             00000001400078ec f   user32:USER32.dll
 0001:000068f2       RegisterClassA             00000001400078f2 f   user32:USER32.dll
 0001:000068f8       CreateWindowExA            00000001400078f8 f   user32:USER32.dll
 0001:000068fe       GetDC                      00000001400078fe f   user32:USER32.dll
 0001:00006904       BeginPaint                 0000000140007904 f   user32:USER32.dll
 0001:0000690a       EndPaint                   000000014000790a f   user32:USER32.dll
 0001:00006910       GetClientRect              0000000140007910 f   user32:USER32.dll
 0001:00006916       StretchDIBits              0000000140007916 f   gdi32:GDI32.dll
 0001:0000691c       __GSHandlerCheck           000000014000791c f   LIBCMT:_gshandler_.obj
 0001:00006940       __GSHandlerCheckCommon     0000000140007940 f   LIBCMT:_gshandler_.obj
 0001:000069d0       __security_check_cookie    00000001400079d0 f   LIBCMT:_amdsecgs_.obj
 0001:00006d0c       ?configure_argv@__scrt_narrow_argv_policy@@SAHXZ 0000000140007d0c f i LIBCMT:exe_winmain.obj
 0001:00006d28       ?initialize_environment@__scrt_narrow_environment_policy@@SAHXZ 0000000140007d28 f i LIBCMT:exe_winmain.obj
 0001:00006d68       ?set_app_type@__scrt_winmain_policy@@SAXXZ 0000000140007d68 f i LIBCMT:exe_winmain.obj
 0001:00006d74       ?set_commode@__scrt_file_policy@@SAXXZ 0000000140007d74 f i LIBCMT:exe_winmain.obj
 0001:00006d98       ?set_fmode@__scrt_file_policy@@SAXXZ 0000000140007d98 f i LIBCMT:exe_winmain.obj
 0001:00006db4       WinMainCRTStartup          0000000140007db4 f   LIBCMT:exe_winmain.obj
 0001:00006dcc       __raise_securityfailure    0000000140007dcc f   LIBCMT:gs_report.obj
 0001:00006e10       __report_gsfailure         0000000140007e10 f   LIBCMT:gs_report.obj
 0001:00006f18       __report_rangecheckfailure 0000000140007f18 f   LIBCMT:gs_report.obj
 0001:00006f30       __report_securityfailure   0000000140007f30 f   LIBCMT:gs_report.obj
 0001:00006ff4       __report_securityfailureEx 0000000140007ff4 f   LIBCMT:gs_report.obj
 0001:00007260       ??$__crt_fast_decode_pointer@PEAP6AXXZ@@YAPEAP6AXXZQEAP6AXXZ@Z 0000000140008260 f i LIBCMT:utility.obj
 0001:0000727c       ??$__crt_fast_encode_pointer@PEAP6AXXZ@@YAPEAP6AXXZQEAP6AXXZ@Z 000000014000827c f i LIBCMT:utility.obj
 0001:000072a4       ?__crt_rotate_pointer_value@@YA_K_KH@Z 00000001400082a4 f i LIBCMT:utility.obj
 0001:00007348       NtCurrentTeb               0000000140008348 f i LIBCMT:utility.obj
 0001:00007354       __scrt_acquire_startup_lock 0000000140008354 f   LIBCMT:utility.obj
 0001:0000739c       __scrt_dllmain_after_initialize_c 000000014000839c f   LIBCMT:utility.obj
 0001:000073e0       __scrt_dllmain_before_initialize_c 00000001400083e0 f   LIBCMT:utility.obj
 0001:000073fc       __scrt_dllmain_crt_thread_attach 00000001400083fc f   LIBCMT:utility.obj
 0001:00007430       __scrt_dllmain_crt_thread_detach 0000000140008430 f   LIBCMT:utility.obj
 0001:0000744c       __scrt_dllmain_exception_filter 000000014000844c f   LIBCMT:utility.obj
 0001:000074c8       __scrt_dllmain_uninitialize_c 00000001400084c8 f   LIBCMT:utility.obj
 0001:00007504       __scrt_dllmain_uninitialize_critical 0000000140008504 f   LIBCMT:utility.obj
 0001:00007520       __scrt_initialize_crt      0000000140008520 f   LIBCMT:utility.obj
 0001:0000757c       __scrt_initialize_onexit_tables 000000014000857c f   LIBCMT:utility.obj
 0001:00007694       __scrt_is_nonwritable_in_current_image 0000000140008694 f   LIBCMT:utility.obj
 0001:00007754       __scrt_release_startup_lock 0000000140008754 f   LIBCMT:utility.obj
 0001:00007784       __scrt_uninitialize_crt    0000000140008784 f   LIBCMT:utility.obj
 0001:000077bc       _onexit                    00000001400087bc f   LIBCMT:utility.obj
 0001:00007820       at_quick_exit              0000000140008820 f   LIBCMT:utility.obj
 0001:00007864       atexit                     0000000140008864 f   LIBCMT:utility.obj
 0001:00007908       __security_init_cookie     0000000140008908 f   LIBCMT:gs_support.obj
 0001:000079e0       _matherr                   00000001400089e0 f   LIBCMT:matherr.obj
 0001:000079e4       _get_startup_argv_mode     00000001400089e4 f   LIBCMT:argv_mode.obj
 0001:000079ec       _get_startup_commit_mode   00000001400089ec f   LIBCMT:commit_mode.obj
 0001:000079f0       _get_startup_file_mode     00000001400089f0 f   LIBCMT:file_mode.obj
 0001:000079f8       _get_startup_new_mode      00000001400089f8 f   LIBCMT:new_mode.obj
 0001:000079fc       _get_startup_thread_locale_mode 00000001400089fc f   LIBCMT:thread_locale.obj
 0001:00007a00       ?__scrt_initialize_type_info@@YAXXZ 0000000140008a00 f   LIBCMT:tncleanup.obj
 0001:00007a14       ?__scrt_uninitialize_type_info@@YAXXZ 0000000140008a14 f   LIBCMT:tncleanup.obj
 0001:00007a24       _should_initialize_environment 0000000140008a24 f   LIBCMT:env_mode.obj
 0001:00007a28       _initialize_invalid_parameter_handler 0000000140008a28 f   LIBCMT:invalid_parameter_handler.obj
 0001:00007a2c       _initialize_denormal_control 0000000140008a2c f   LIBCMT:denormal_control.obj
 0001:00007a30       __local_stdio_printf_options 0000000140008a30 f i LIBCMT:default_local_stdio_options.obj
 0001:00007a3c       __local_stdio_scanf_options 0000000140008a3c f i LIBCMT:default_local_stdio_options.obj
 0001:00007a48       __scrt_initialize_default_local_stdio_options 0000000140008a48 f   LIBCMT:default_local_stdio_options.obj
 0001:00007a6c       __scrt_is_user_matherr_present 0000000140008a6c f   LIBCMT:matherr_detection.obj
 0001:00007a7c       __scrt_get_dyn_tls_init_callback 0000000140008a7c f   LIBCMT:dyn_tls_init.obj
 0001:00007a88       __scrt_get_dyn_tls_dtor_callback 0000000140008a88 f   LIBCMT:dyn_tls_dtor.obj
 0001:00007a94       __crt_debugger_hook        0000000140008a94 f   LIBCMT:utility_desktop.obj
 0001:00007aa0       __scrt_fastfail            0000000140008aa0 f   LIBCMT:utility_desktop.obj
 0001:00007c3c       __scrt_get_show_window_mode 0000000140008c3c f   LIBCMT:utility_desktop.obj
 0001:00007c84       __scrt_initialize_winrt    0000000140008c84 f   LIBCMT:utility_desktop.obj
 0001:00007c88       __scrt_is_managed_app      0000000140008c88 f   LIBCMT:utility_desktop.obj
 0001:00007cf4       __scrt_set_unhandled_exception_filter 0000000140008cf4 f   LIBCMT:utility_desktop.obj
 0001:00007d08       __scrt_unhandled_exception_filter 0000000140008d08 f   LIBCMT:utility_desktop.obj
 0001:00007d50       _RTC_Initialize            0000000140008d50 f   LIBCMT:_initsect_.obj
 0001:00007dac       _RTC_Terminate             0000000140008dac f   LIBCMT:_initsect_.obj
 0001:00007e08       _guard_check_icall         0000000140008e08 f i LIBCMT:checkcfg.obj
 0001:00007e10       __isa_available_init       0000000140008e10 f   LIBCMT:_cpu_disp_.obj
 0001:00008038       __scrt_is_ucrt_dll_in_use  0000000140009038 f   LIBCMT:ucrt_detection.obj
 0001:00008048       _guard_check_icall_nop     0000000140009048 f i LIBCMT:guard_support.obj
 0001:0000804c       ReadNoFence64              000000014000904c f i LIBCMT:guard_support.obj
 0001:00008050       ReadPointerNoFence         0000000140009050 f i LIBCMT:guard_support.obj
 0001:00008054       __guard_ss_common_verify_stub 0000000140009054 f i LIBCMT:guard_support.obj
 0001:00008058       _guard_icall_checks_enforced 0000000140009058 f i LIBCMT:guard_support.obj
 0001:00008074       _guard_rf_checks_enforced  0000000140009074 f i LIBCMT:guard_support.obj
 0001:00008090       CreateFileA                0000000140009090 f   kernel32:KERNEL32.dll
 0001:00008096       GetFileSizeEx              0000000140009096 f   kernel32:KERNEL32.dll
 0001:0000809c       ReadFile                   000000014000909c f   kernel32:KERNEL32.dll
 0001:000080a2       OutputDebugStringA         00000001400090a2 f   kernel32:KERNEL32.dll
 0001:000080a8       CloseHandle                00000001400090a8 f   kernel32:KERNEL32.dll
 0001:000080ae       QueryPerformanceCounter    00000001400090ae f   kernel32:KERNEL32.dll
 0001:000080b4       QueryPerformanceFrequency  00000001400090b4 f   kernel32:KERNEL32.dll
 0001:000080ba       VirtualAlloc               00000001400090ba f   kernel32:KERNEL32.dll
 0001:000080c0       VirtualFree                00000001400090c0 f   kernel32:KERNEL32.dll
 0001:000080c6       GetProcAddress             00000001400090c6 f   kernel32:KERNEL32.dll
 0001:000080cc       LoadLibraryA               00000001400090cc f   kernel32:KERNEL32.dll
 0001:000080d2       RtlCaptureContext          00000001400090d2 f   kernel32:KERNEL32.dll
 0001:000080d8       RtlLookupFunctionEntry     00000001400090d8 f   kernel32:KERNEL32.dll
 0001:000080de       RtlVirtualUnwind           00000001400090de f   kernel32:KERNEL32.dll
 0001:000080e4       UnhandledExceptionFilter   00000001400090e4 f   kernel32:KERNEL32.dll
 0001:000080ea       SetUnhandledExceptionFilter 00000001400090ea f   kernel32:KERNEL32.dll
 0001:000080f0       GetCurrentProcess          00000001400090f0 f   kernel32:KERNEL32.dll
 0001:000080f6       TerminateProcess           00000001400090f6 f   kernel32:KERNEL32.dll
 0001:000080fc       IsProcessorFeaturePresent  00000001400090fc f   kernel32:KERNEL32.dll
 0001:00008102       GetCurrentProcessId        0000000140009102 f   kernel32:KERNEL32.dll
 0001:00008108       GetCurrentThreadId         0000000140009108 f   kernel32:KERNEL32.dll
 0001:0000810e       GetSystemTimeAsFileTime    000000014000910e f   kernel32:KERNEL32.dll
 0001:00008114       InitializeSListHead        0000000140009114 f   kernel32:KERNEL32.dll
 0001:0000811a       IsDebuggerPresent          000000014000911a f   kernel32:KERNEL32.dll
 0001:00008120       GetStartupInfoW            0000000140009120 f   kernel32:KERNEL32.dll
 0001:00008126       GetModuleHandleW           0000000140009126 f   kernel32:KERNEL32.dll
 0001:00008140       memset                     0000000140009140 f   libvcruntime:memset.obj
 0001:00008360       __C_specific_handler       0000000140009360 f   libvcruntime:_riscchandler_.obj
 0001:000085f0       __vcrt_initialize          00000001400095f0 f   libvcruntime:initialization.obj
 0001:00008630       __vcrt_thread_attach       0000000140009630 f   libvcruntime:initialization.obj
 0001:0000864c       __vcrt_thread_detach       000000014000964c f   libvcruntime:initialization.obj
 0001:00008664       __vcrt_uninitialize        0000000140009664 f   libvcruntime:initialization.obj
 0001:0000868c       __vcrt_uninitialize_critical 000000014000968c f   libvcruntime:initialization.obj
 0001:000086b4       ??$?RD@__crt_internal_free_policy@@QEBAXQEBD@Z 00000001400096b4 f i libvcruntime:std_type_info.obj
 0001:000086c0       ??$?RX@__crt_internal_free_policy@@QEBAXQEBX@Z 00000001400096c0 f i libvcruntime:std_type_info.obj
 0001:000086cc       ??$__crt_interlocked_compare_exchange_pointer@$$CBDPEAD$$T@@YAPEBDPEDSEBDQEAD$$T@Z 00000001400096cc f i libvcruntime:std_type_info.obj
 0001:000086d8       ??$__crt_interlocked_read_pointer@$$CBD@@YAPEBDPEDSEBD@Z 00000001400096d8 f i libvcruntime:std_type_info.obj
 0001:000086dc       ??0?$__crt_unique_heap_ptr@DU__crt_internal_free_policy@@@@QEAA@QEAD@Z 00000001400096dc f i libvcruntime:std_type_info.obj
 0001:000086e4       ??0?$__crt_unique_heap_ptr@XU__crt_internal_free_policy@@@@QEAA@QEAX@Z 00000001400096e4 f i libvcruntime:std_type_info.obj
 0001:000086ec       ??1?$__crt_unique_heap_ptr@DU__crt_internal_free_policy@@@@QEAA@XZ 00000001400096ec f i libvcruntime:std_type_info.obj
 0001:00008710       ??1?$__crt_unique_heap_ptr@XU__crt_internal_free_policy@@@@QEAA@XZ 0000000140009710 f i libvcruntime:std_type_info.obj
 0001:0000874c       ??B?$__crt_unique_heap_ptr@DU__crt_internal_free_policy@@@@QEBA_NXZ 000000014000974c f i libvcruntime:std_type_info.obj
 0001:00008758       ??B?$__crt_unique_heap_ptr@XU__crt_internal_free_policy@@@@QEBA_NXZ 0000000140009758 f i libvcruntime:std_type_info.obj
 0001:0000877c       ?__crt_interlocked_read_64@@YA_JPED_J@Z 000000014000977c f i libvcruntime:std_type_info.obj
 0001:00008780       ?detach@?$__crt_unique_heap_ptr@XU__crt_internal_free_policy@@@@QEAAPEAXXZ 0000000140009780 f i libvcruntime:std_type_info.obj
 0001:0000878c       ?get@?$__crt_unique_heap_ptr@DU__crt_internal_free_policy@@@@QEBAPEADXZ 000000014000978c f i libvcruntime:std_type_info.obj
 0001:00008790       ?get@?$__crt_unique_heap_ptr@XU__crt_internal_free_policy@@@@QEBAPEAXXZ 0000000140009790 f i libvcruntime:std_type_info.obj
 0001:00008794       ?is_valid@?$__crt_unique_heap_ptr@DU__crt_internal_free_policy@@@@QEBA_NXZ 0000000140009794 f i libvcruntime:std_type_info.obj
 0001:000087a0       ?is_valid@?$__crt_unique_heap_ptr@XU__crt_internal_free_policy@@@@QEBA_NXZ 00000001400097a0 f i libvcruntime:std_type_info.obj
 0001:000087ac       ?release@?$__crt_unique_heap_ptr@DU__crt_internal_free_policy@@@@QEAAXXZ 00000001400097ac f i libvcruntime:std_type_info.obj
 0001:000087d0       ?release@?$__crt_unique_heap_ptr@XU__crt_internal_free_policy@@@@QEAAXXZ 00000001400097d0 f i libvcruntime:std_type_info.obj
 0001:000087f4       __std_type_info_compare    00000001400097f4 f   libvcruntime:std_type_info.obj
 0001:00008824       __std_type_info_destroy_list 0000000140009824 f   libvcruntime:std_type_info.obj
 0001:00008858       __std_type_info_hash       0000000140009858 f   libvcruntime:std_type_info.obj
 0001:000088a4       __std_type_info_name       00000001400098a4 f   libvcruntime:std_type_info.obj
 0001:00008a20       _local_unwind              0000000140009a20 f   libvcruntime:_jmpuwind_.obj
 0001:00008a50       _NLG_Notify                0000000140009a50 f   libvcruntime:_jmpuwind_.obj
 0001:00008a70       __NLG_Dispatch2            0000000140009a70 f   libvcruntime:_jmpuwind_.obj
 0001:00008a80       __NLG_Return2              0000000140009a80 f   libvcruntime:_jmpuwind_.obj
 0001:00008aa8       __except_validate_context_record 0000000140009aa8 f   libvcruntime:jbcxrval.obj
 0001:00008aec       __except_validate_jump_buffer 0000000140009aec f   libvcruntime:jbcxrval.obj
 0001:00008b3c       __except_validate_jump_buffer_common 0000000140009b3c f i libvcruntime:jbcxrval.obj
 0001:00008bc0       ??$?RU__vcrt_ptd@@@__crt_internal_free_policy@@QEBAXQEBU__vcrt_ptd@@@Z 0000000140009bc0 f i libvcruntime:per_thread_data.obj
 0001:00008bcc       ??0?$__crt_unique_heap_ptr@U__vcrt_ptd@@U__crt_internal_free_policy@@@@QEAA@QEAU__vcrt_ptd@@@Z 0000000140009bcc f i libvcruntime:per_thread_data.obj
 0001:00008bf4       ??1?$__crt_unique_heap_ptr@U__vcrt_ptd@@U__crt_internal_free_policy@@@@QEAA@XZ 0000000140009bf4 f i libvcruntime:per_thread_data.obj
 0001:00008c24       ??B?$__crt_unique_heap_ptr@U__vcrt_ptd@@U__crt_internal_free_policy@@@@QEBA_NXZ 0000000140009c24 f i libvcruntime:per_thread_data.obj
 0001:00008c30       ?detach@?$__crt_unique_heap_ptr@U__vcrt_ptd@@U__crt_internal_free_policy@@@@QEAAPEAU__vcrt_ptd@@XZ 0000000140009c30 f i libvcruntime:per_thread_data.obj
 0001:00008c3c       ?get@?$__crt_unique_heap_ptr@U__vcrt_ptd@@U__crt_internal_free_policy@@@@QEBAPEAU__vcrt_ptd@@XZ 0000000140009c3c f i libvcruntime:per_thread_data.obj
 0001:00008c40       ?is_valid@?$__crt_unique_heap_ptr@U__vcrt_ptd@@U__crt_internal_free_policy@@@@QEBA_NXZ 0000000140009c40 f i libvcruntime:per_thread_data.obj
 0001:00008c4c       ?release@?$__crt_unique_heap_ptr@U__vcrt_ptd@@U__crt_internal_free_policy@@@@QEAAXXZ 0000000140009c4c f i libvcruntime:per_thread_data.obj
 0001:00008c94       __vcrt_freefls             0000000140009c94 f   libvcruntime:per_thread_data.obj
 0001:00008cbc       __vcrt_freeptd             0000000140009cbc f   libvcruntime:per_thread_data.obj
 0001:00008d1c       __vcrt_getptd              0000000140009d1c f   libvcruntime:per_thread_data.obj
 0001:00008d3c       __vcrt_getptd_noexit       0000000140009d3c f   libvcruntime:per_thread_data.obj
 0001:00008e24       __vcrt_getptd_noinit       0000000140009e24 f   libvcruntime:per_thread_data.obj
 0001:00008e84       __vcrt_initialize_ptd      0000000140009e84 f   libvcruntime:per_thread_data.obj
 0001:00008eec       __vcrt_uninitialize_ptd    0000000140009eec f   libvcruntime:per_thread_data.obj
 0001:00008f18       __vcrt_initialize_locks    0000000140009f18 f   libvcruntime:locks.obj
 0001:00008f70       __vcrt_lock                0000000140009f70 f   libvcruntime:locks.obj
 0001:00008f90       __vcrt_uninitialize_locks  0000000140009f90 f   libvcruntime:locks.obj
 0001:00008fd4       __vcrt_unlock              0000000140009fd4 f   libvcruntime:locks.obj
 0001:00008ff4       ??$?BX@__crt_fast_encoded_nullptr_t@@QEBAPEAXXZ 0000000140009ff4 f i libvcruntime:winapi_downlevel.obj
 0001:00009018       ??$__crt_fast_decode_pointer@PEAX@@YAPEAXQEAX@Z 000000014000a018 f i libvcruntime:winapi_downlevel.obj
 0001:00009034       ??$__crt_fast_encode_pointer@PEAX@@YAPEAXQEAX@Z 000000014000a034 f i libvcruntime:winapi_downlevel.obj
 0001:0000905c       ??$__crt_interlocked_exchange_pointer@UHINSTANCE__@@PEAU1@@@YAPEAUHINSTANCE__@@PEDSEAU0@QEAU0@@Z 000000014000a05c f i libvcruntime:winapi_downlevel.obj
 0001:00009064       ??$__crt_interlocked_exchange_pointer@UHINSTANCE__@@PEAX@@YAPEAUHINSTANCE__@@PEDSEAU0@QEAX@Z 000000014000a064 f i libvcruntime:winapi_downlevel.obj
 0001:0000906c       ??$__crt_interlocked_exchange_pointer@XPEAX@@YAPEAXPEDSEAXQEAX@Z 000000014000a06c f i libvcruntime:winapi_downlevel.obj
 0001:00009074       ??$__crt_interlocked_read_pointer@UHINSTANCE__@@@@YAPEAUHINSTANCE__@@PEDSEAU0@@Z 000000014000a074 f i libvcruntime:winapi_downlevel.obj
 0001:00009078       ??$__crt_interlocked_read_pointer@X@@YAPEAXPEDSEAX@Z 000000014000a078 f i libvcruntime:winapi_downlevel.obj
 0001:0000907c       ?__crt_fast_encode_pointer@@YA?AU__crt_fast_encoded_nullptr_t@@$$T@Z 000000014000a07c f i libvcruntime:winapi_downlevel.obj
 0001:00009850       __vcrt_FlsAlloc            000000014000a850 f   libvcruntime:winapi_downlevel.obj
 0001:000098b8       __vcrt_FlsFree             000000014000a8b8 f   libvcruntime:winapi_downlevel.obj
 0001:00009924       __vcrt_FlsGetValue         000000014000a924 f   libvcruntime:winapi_downlevel.obj
 0001:00009990       __vcrt_FlsSetValue         000000014000a990 f   libvcruntime:winapi_downlevel.obj
 0001:00009a10       __vcrt_InitializeCriticalSectionEx 000000014000aa10 f   libvcruntime:winapi_downlevel.obj
 0001:00009aa4       __vcrt_initialize_winapi_thunks 000000014000aaa4 f   libvcruntime:winapi_downlevel.obj
 0001:00009af8       __vcrt_uninitialize_winapi_thunks 000000014000aaf8 f   libvcruntime:winapi_downlevel.obj
 0001:00009b48       ??$?B$$A6AXXZ@__crt_fast_encoded_nullptr_t@@QEBAP6AXXZXZ 000000014000ab48 f i libvcruntime:purevirt_data.obj
 0001:00009b6c       ??$__crt_fast_encode_pointer@P6AXXZ@@YAP6AXXZQ6AXXZ@Z 000000014000ab6c f i libvcruntime:purevirt_data.obj
 0001:00009b94       __vcrt_initialize_pure_virtual_call_handler 000000014000ab94 f   libvcruntime:purevirt_data.obj
 0001:00009bc0       ??$__vcrt_va_start_verify_argument_type@QEBD@@YAXXZ 000000014000abc0 f i libvcruntime:undname.obj
 0001:00009bc4       ??0Block@_HeapManager@@QEAA@XZ 000000014000abc4 f i libvcruntime:undname.obj
 0001:00009bd0       ??0DName@@QEAA@AEAPEBDD@Z  000000014000abd0 f   libvcruntime:undname.obj
 0001:00009ce0       ??0DName@@QEAA@AEBV0@@Z    000000014000ace0 f i libvcruntime:undname.obj
 0001:00009cf4       ??0DName@@QEAA@D@Z         000000014000acf4 f   libvcruntime:undname.obj
 0001:00009d34       ??0DName@@QEAA@PEAV0@@Z    000000014000ad34 f   libvcruntime:undname.obj
 0001:00009ddc       ??0DName@@QEAA@PEBD@Z      000000014000addc f   libvcruntime:undname.obj
 0001:00009e2c       ??0DName@@QEAA@W4DNameStatus@@@Z 000000014000ae2c f   libvcruntime:undname.obj
 0001:00009e64       ??0DName@@QEAA@XZ          000000014000ae64 f i libvcruntime:undname.obj
 0001:00009e74       ??0DName@@QEAA@_J@Z        000000014000ae74 f   libvcruntime:undname.obj
 0001:00009f44       ??0DName@@QEAA@_K@Z        000000014000af44 f   libvcruntime:undname.obj
 0001:00009ff0       ??0DNameNode@@IEAA@XZ      000000014000aff0 f i libvcruntime:undname.obj
 0001:0000a004       ??0Replicator@@QEAA@XZ     000000014000b004 f i libvcruntime:undname.obj
 0001:0000a00c       ??0UnDecorator@@QEAA@PEADPEBDHP6APEADJ@ZK@Z 000000014000b00c f i libvcruntime:undname.obj
 0001:0000a088       ??0charNode@@QEAA@D@Z      000000014000b088 f i libvcruntime:undname.obj
 0001:0000a0a0       ??0pDNameNode@@QEAA@PEAVDName@@@Z 000000014000b0a0 f   libvcruntime:undname.obj
 0001:0000a0d0       ??0pairNode@@QEAA@PEBVDNameNode@@0@Z 000000014000b0d0 f i libvcruntime:undname.obj
 0001:0000a0f0       ??0pcharNode@@QEAA@PEBDH@Z 000000014000b0f0 f   libvcruntime:undname.obj
 0001:0000a19c       ??2@YAPEAX_KAEAV_HeapManager@@H@Z 000000014000b19c f i libvcruntime:undname.obj
 0001:0000a1b0       ??4DName@@QEAAAEAV0@AEBV0@@Z 000000014000b1b0 f   libvcruntime:undname.obj
 0001:0000a1c4       ??4DName@@QEAAAEAV0@D@Z    000000014000b1c4 f i libvcruntime:undname.obj
 0001:0000a204       ??4DName@@QEAAAEAV0@PEAV0@@Z 000000014000b204 f   libvcruntime:undname.obj
 0001:0000a2a4       ??4DName@@QEAAAEAV0@PEBD@Z 000000014000b2a4 f   libvcruntime:undname.obj
 0001:0000a2e8       ??4DName@@QEAAAEAV0@W4DNameStatus@@@Z 000000014000b2e8 f   libvcruntime:undname.obj
 0001:0000a310       ??AReplicator@@QEBA?AVDName@@H@Z 000000014000b310 f   libvcruntime:undname.obj
 0001:0000a360       ??BUnDecorator@@QEAAPEADXZ 000000014000b360 f i libvcruntime:undname.obj
 0001:0000a5b4       ??H@YA?AVDName@@DAEBV0@@Z  000000014000b5b4 f i libvcruntime:undname.obj
 0001:0000a5f8       ??H@YA?AVDName@@PEBDAEBV0@@Z 000000014000b5f8 f i libvcruntime:undname.obj
 0001:0000a63c       ??H@YA?AVDName@@W4DNameStatus@@AEBV0@@Z 000000014000b63c f i libvcruntime:undname.obj
 0001:0000a698       ??HDName@@QEBA?AV0@AEBV0@@Z 000000014000b698 f   libvcruntime:undname.obj
 0001:0000a6cc       ??HDName@@QEBA?AV0@D@Z     000000014000b6cc f   libvcruntime:undname.obj
 0001:0000a700       ??HDName@@QEBA?AV0@PEAV0@@Z 000000014000b700 f   libvcruntime:undname.obj
 0001:0000a734       ??HDName@@QEBA?AV0@PEBD@Z  000000014000b734 f   libvcruntime:undname.obj
 0001:0000a768       ??HDName@@QEBA?AV0@W4DNameStatus@@@Z 000000014000b768 f   libvcruntime:undname.obj
 0001:0000a79c       ??YDName@@QEAAAEAV0@AEBV0@@Z 000000014000b79c f   libvcruntime:undname.obj
 0001:0000a7f4       ??YDName@@QEAAAEAV0@D@Z    000000014000b7f4 f   libvcruntime:undname.obj
 0001:0000a890       ??YDName@@QEAAAEAV0@PEAV0@@Z 000000014000b890 f   libvcruntime:undname.obj
 0001:0000a94c       ??YDName@@QEAAAEAV0@PEBD@Z 000000014000b94c f   libvcruntime:undname.obj
 0001:0000a9f8       ??YDName@@QEAAAEAV0@W4DNameStatus@@@Z 000000014000b9f8 f   libvcruntime:undname.obj
 0001:0000aa80       ??YReplicator@@QEAAAEAV0@AEBVDName@@@Z 000000014000ba80 f   libvcruntime:undname.obj
 0001:0000ab00       ??_5DName@@QEAAAEAV0@AEBV0@@Z 000000014000bb00 f   libvcruntime:undname.obj
 0001:0000ab1c       ?Constructor@_HeapManager@@QEAAXP6APEAX_K@ZP6AXPEAX@Z@Z 000000014000bb1c f i libvcruntime:undname.obj
 0001:0000ab38       ?Destructor@_HeapManager@@QEAAXXZ 000000014000bb38 f i libvcruntime:undname.obj
 0001:0000abac       ?UScore@UnDecorator@@SAPEBDW4Tokens@@@Z 000000014000bbac f   libvcruntime:undname.obj
 0001:0000abd4       ?append@DName@@AEAAXPEBVDNameNode@@@Z 000000014000bbd4 f   libvcruntime:undname.obj
 0001:0000ac50       ?composeDeclaration@UnDecorator@@CA?AVDName@@AEBV2@@Z 000000014000bc50 f i libvcruntime:undname.obj
 0001:0000bd2c       ?doAccessSpecifiers@UnDecorator@@SAHXZ 000000014000cd2c f i libvcruntime:undname.obj
 0001:0000bd40       ?doAllocationLanguage@UnDecorator@@SAHXZ 000000014000cd40 f i libvcruntime:undname.obj
 0001:0000bd54       ?doAllocationModel@UnDecorator@@SAHXZ 000000014000cd54 f i libvcruntime:undname.obj
 0001:0000bd68       ?doEcsu@UnDecorator@@SAHXZ 000000014000cd68 f i libvcruntime:undname.obj
 0001:0000bd7c       ?doEllipsis@UnDecorator@@SAHXZ 000000014000cd7c f i libvcruntime:undname.obj
 0001:0000bd90       ?doFunctionReturns@UnDecorator@@SAHXZ 000000014000cd90 f i libvcruntime:undname.obj
 0001:0000bda4       ?doMSKeywords@UnDecorator@@SAHXZ 000000014000cda4 f i libvcruntime:undname.obj
 0001:0000bdb8       ?doMemberTypes@UnDecorator@@SAHXZ 000000014000cdb8 f i libvcruntime:undname.obj
 0001:0000bdcc       ?doNameOnly@UnDecorator@@SAHXZ 000000014000cdcc f i libvcruntime:undname.obj
 0001:0000bddc       ?doNoIdentCharCheck@UnDecorator@@SAHXZ 000000014000cddc f i libvcruntime:undname.obj
 0001:0000bdec       ?doPchar@DName@@AEAAXPEBDH@Z 000000014000cdec f   libvcruntime:undname.obj
 0001:0000bebc       ?doPtr64@UnDecorator@@SAHXZ 000000014000cebc f i libvcruntime:undname.obj
 0001:0000bed0       ?doRestrictionSpec@UnDecorator@@SAHXZ 000000014000ced0 f i libvcruntime:undname.obj
 0001:0000bee4       ?doThisTypes@UnDecorator@@SAHXZ 000000014000cee4 f i libvcruntime:undname.obj
 0001:0000befc       ?doThrowTypes@UnDecorator@@SAHXZ 000000014000cefc f i libvcruntime:undname.obj
 0001:0000bf10       ?doTypeOnly@UnDecorator@@SAHXZ 000000014000cf10 f i libvcruntime:undname.obj
 0001:0000bf20       ?doUnderScore@UnDecorator@@SAHXZ 000000014000cf20 f i libvcruntime:undname.obj
 0001:0000bf30       ?getArgumentList@UnDecorator@@CA?AVDName@@XZ 000000014000cf30 f   libvcruntime:undname.obj
 0001:0000c0a8       ?getArgumentTypes@UnDecorator@@CA?AVDName@@XZ 000000014000d0a8 f   libvcruntime:undname.obj
 0001:0000c1ec       ?getArrayType@UnDecorator@@CA?AVDName@@AEBV2@@Z 000000014000d1ec f i libvcruntime:undname.obj
 0001:0000c4d4       ?getBasedType@UnDecorator@@CA?AVDName@@XZ 000000014000d4d4 f   libvcruntime:undname.obj
 0001:0000c5d0       ?getBasicDataType@UnDecorator@@CA?AVDName@@AEBV2@@Z 000000014000d5d0 f   libvcruntime:undname.obj
 0001:0000cb40       ?getCallIndex@UnDecorator@@CA?AVDName@@XZ 000000014000db40 f i libvcruntime:undname.obj
 0001:0000cb60       ?getCallingConvention@UnDecorator@@CA?AVDName@@XZ 000000014000db60 f   libvcruntime:undname.obj
 0001:0000ccc0       ?getDataIndirectType@UnDecorator@@CA?AVDName@@AEBV2@PEBD0H@Z 000000014000dcc0 f   libvcruntime:undname.obj
 0001:0000d664       ?getDataIndirectType@UnDecorator@@CA?AVDName@@XZ 000000014000e664 f i libvcruntime:undname.obj
 0001:0000d6b4       ?getDataType@UnDecorator@@CA?AVDName@@PEAV2@@Z 000000014000e6b4 f   libvcruntime:undname.obj
 0001:0000d7d4       ?getDecoratedName@UnDecorator@@CA?AVDName@@XZ 000000014000e7d4 f   libvcruntime:undname.obj
 0001:0000db20       ?getDimension@UnDecorator@@CA?AVDName@@_N@Z 000000014000eb20 f   libvcruntime:undname.obj
 0001:0000dcec       ?getDispatchTarget@UnDecorator@@CA?AVDName@@XZ 000000014000ecec f   libvcruntime:undname.obj
 0001:0000dd4c       ?getDisplacement@UnDecorator@@CA?AVDName@@XZ 000000014000ed4c f i libvcruntime:undname.obj
 0001:0000dd6c       ?getECSUDataType@UnDecorator@@CA?AVDName@@XZ 000000014000ed6c f   libvcruntime:undname.obj
 0001:0000df24       ?getECSUName@UnDecorator@@CA?AVDName@@XZ 000000014000ef24 f i libvcruntime:undname.obj
 0001:0000df40       ?getEnumType@UnDecorator@@CA?AVDName@@XZ 000000014000ef40 f i libvcruntime:undname.obj
 0001:0000e080       ?getExtendedDataIndirectType@UnDecorator@@CA?AVDName@@AEAPEBDAEA_NH@Z 000000014000f080 f   libvcruntime:undname.obj
 0001:0000e33c       ?getExternalDataType@UnDecorator@@CA?AVDName@@AEBV2@@Z 000000014000f33c f i libvcruntime:undname.obj
 0001:0000e434       ?getFunctionIndirectType@UnDecorator@@CA?AVDName@@AEBV2@@Z 000000014000f434 f   libvcruntime:undname.obj
 0001:0000eadc       ?getGuardNumber@UnDecorator@@CA?AVDName@@XZ 000000014000fadc f i libvcruntime:undname.obj
 0001:0000eafc       ?getLastChar@DName@@QEBADXZ 000000014000fafc f i libvcruntime:undname.obj
 0001:0000eb40       ?getLastChar@DNameStatusNode@@UEBADXZ 000000014000fb40 f i libvcruntime:undname.obj
 0001:0000eb50       ?getLastChar@charNode@@UEBADXZ 000000014000fb50 f i libvcruntime:undname.obj
 0001:0000eb54       ?getLastChar@pDNameNode@@UEBADXZ 000000014000fb54 f i libvcruntime:undname.obj
 0001:0000eba0       ?getLastChar@pairNode@@UEBADXZ 000000014000fba0 f i libvcruntime:undname.obj
 0001:0000ec0c       ?getLastChar@pcharNode@@UEBADXZ 000000014000fc0c f i libvcruntime:undname.obj
 0001:0000ec28       ?getLexicalFrame@UnDecorator@@CA?AVDName@@XZ 000000014000fc28 f i libvcruntime:undname.obj
 0001:0000ecb8       ?getMemory@_HeapManager@@QEAAPEAX_KH@Z 000000014000fcb8 f   libvcruntime:undname.obj
 0001:0000ed98       ?getNoexcept@UnDecorator@@CA?AVDName@@XZ 000000014000fd98 f   libvcruntime:undname.obj
 0001:0000edf0       ?getNumberOfDimensions@UnDecorator@@CAHXZ 000000014000fdf0 f   libvcruntime:undname.obj
 0001:0000ee80       ?getOperatorName@UnDecorator@@CA?AVDName@@_NPEA_N@Z 000000014000fe80 f i libvcruntime:undname.obj
 0001:0000f7e8       ?getPointerType@UnDecorator@@CA?AVDName@@AEBV2@0@Z 00000001400107e8 f i libvcruntime:undname.obj
 0001:0000f810       ?getPointerTypeArray@UnDecorator@@CA?AVDName@@AEBV2@0@Z 0000000140010810 f i libvcruntime:undname.obj
 0001:0000f838       ?getPrimaryDataType@UnDecorator@@CA?AVDName@@AEBV2@@Z 0000000140010838 f   libvcruntime:undname.obj
 0001:0000fb28       ?getPtrRefDataType@UnDecorator@@CA?AVDName@@AEBV2@H@Z 0000000140010b28 f   libvcruntime:undname.obj
 0001:0000fce4       ?getPtrRefType@UnDecorator@@CA?AVDName@@AEBV2@0PEBD@Z 0000000140010ce4 f   libvcruntime:undname.obj
 0001:0000fe68       ?getReferenceType@UnDecorator@@CA?AVDName@@AEBV2@0PEBD@Z 0000000140010e68 f i libvcruntime:undname.obj
 0001:0000fe84       ?getRestrictionSpec@UnDecorator@@CA?AVDName@@XZ 0000000140010e84 f   libvcruntime:undname.obj
 0001:0001001c       ?getReturnType@UnDecorator@@CA?AVDName@@PEAV2@@Z 000000014001101c f   libvcruntime:undname.obj
 0001:00010060       ?getScope@UnDecorator@@CA?AVDName@@XZ 0000000140011060 f   libvcruntime:undname.obj
 0001:000105f8       ?getScopedName@UnDecorator@@CA?AVDName@@XZ 00000001400115f8 f   libvcruntime:undname.obj
 0001:0001073c       ?getSignedDimension@UnDecorator@@CA?AVDName@@XZ 000000014001173c f   libvcruntime:undname.obj
 0001:000107f8       ?getStorageConvention@UnDecorator@@CA?AVDName@@XZ 00000001400117f8 f i libvcruntime:undname.obj
 0001:00010848       ?getString@DName@@QEBAPEADPEAD0@Z 0000000140011848 f i libvcruntime:undname.obj
 0001:000108b4       ?getString@DName@@QEBAPEADPEADH@Z 00000001400118b4 f i libvcruntime:undname.obj
 0001:00010990       ?getString@DNameStatusNode@@UEBAPEADPEAD0@Z 0000000140011990 f i libvcruntime:undname.obj
 0001:000109e8       ?getString@charNode@@UEBAPEADPEAD0@Z 00000001400119e8 f i libvcruntime:undname.obj
 0001:00010a00       ?getString@pDNameNode@@UEBAPEADPEAD0@Z 0000000140011a00 f i libvcruntime:undname.obj
 0001:00010a78       ?getString@pairNode@@UEBAPEADPEAD0@Z 0000000140011a78 f i libvcruntime:undname.obj
 0001:00010b1c       ?getString@pcharNode@@UEBAPEADPEAD0@Z 0000000140011b1c f i libvcruntime:undname.obj
 0001:00010b60       ?getStringEncoding@UnDecorator@@CA?AVDName@@PEBDH@Z 0000000140011b60 f   libvcruntime:undname.obj
 0001:00010c68       ?getStringHelper@@YAPEADPEADPEBD1H@Z 0000000140011c68 f i libvcruntime:undname.obj
 0001:00010ca0       ?getSymbolName@UnDecorator@@CA?AVDName@@XZ 0000000140011ca0 f i libvcruntime:undname.obj
 0001:00010d00       ?getTemplateArgumentList@UnDecorator@@CA?AVDName@@XZ 0000000140011d00 f   libvcruntime:undname.obj
 0001:00011100       ?getTemplateConstant@UnDecorator@@CA?AVDName@@XZ 0000000140012100 f   libvcruntime:undname.obj
 0001:000115c8       ?getTemplateName@UnDecorator@@CA?AVDName@@_N@Z 00000001400125c8 f   libvcruntime:undname.obj
 0001:0001185c       ?getThisType@UnDecorator@@CA?AVDName@@XZ 000000014001285c f i libvcruntime:undname.obj
 0001:000118b0       ?getThrowTypes@UnDecorator@@CA?AVDName@@XZ 00000001400128b0 f   libvcruntime:undname.obj
 0001:000118dc       ?getTypeEncoding@UnDecorator@@CAHXZ 00000001400128dc f i libvcruntime:undname.obj
 0001:00011d08       ?getVCallThunkType@UnDecorator@@CA?AVDName@@XZ 0000000140012d08 f i libvcruntime:undname.obj
 0001:00011d7c       ?getVbTableType@UnDecorator@@CA?AVDName@@AEBV2@@Z 0000000140012d7c f i libvcruntime:undname.obj
 0001:00011d98       ?getVdispMapType@UnDecorator@@CA?AVDName@@AEBV2@@Z 0000000140012d98 f i libvcruntime:undname.obj
 0001:00011e10       ?getVfTableType@UnDecorator@@CA?AVDName@@AEBV2@@Z 0000000140012e10 f i libvcruntime:undname.obj
 0001:0001208c       ?getZName@UnDecorator@@CA?AVDName@@_N0@Z 000000014001308c f   libvcruntime:undname.obj
 0001:00012438       ?haveTemplateParameters@UnDecorator@@SAHXZ 0000000140013438 f i libvcruntime:undname.obj
 0001:00012448       ?isArray@DName@@QEBAHXZ    0000000140013448 f i libvcruntime:undname.obj
 0001:00012454       ?isComArray@DName@@QEBAHXZ 0000000140013454 f i libvcruntime:undname.obj
 0001:00012460       ?isEmpty@DName@@QEBAHXZ    0000000140013460 f i libvcruntime:undname.obj
 0001:0001246c       ?isFull@Replicator@@QEBAHXZ 000000014001346c f i libvcruntime:undname.obj
 0001:00012478       ?isNoTE@DName@@QEBAHXZ     0000000140013478 f i libvcruntime:undname.obj
 0001:00012484       ?isPinPtr@DName@@QEBAHXZ   0000000140013484 f i libvcruntime:undname.obj
 0001:00012490       ?isPtrRef@DName@@QEBAHXZ   0000000140013490 f i libvcruntime:undname.obj
 0001:0001249c       ?isUDC@DName@@QEBAHXZ      000000014001349c f i libvcruntime:undname.obj
 0001:000124b8       ?isUDTThunk@DName@@QEBAHXZ 00000001400134b8 f i libvcruntime:undname.obj
 0001:000124d4       ?isVCallThunk@DName@@QEBAHXZ 00000001400134d4 f i libvcruntime:undname.obj
 0001:000124e0       ?isValid@DName@@QEBAHXZ    00000001400134e0 f i libvcruntime:undname.obj
 0001:000124ec       ?length@DName@@QEBAHXZ     00000001400134ec f i libvcruntime:undname.obj
 0001:00012530       ?length@DNameStatusNode@@UEBAHXZ 0000000140013530 f i libvcruntime:undname.obj
 0001:00012534       ?length@charNode@@UEBAHXZ  0000000140013534 f i libvcruntime:undname.obj
 0001:0001253c       ?length@pDNameNode@@UEBAHXZ 000000014001353c f i libvcruntime:undname.obj
 0001:00012588       ?length@pairNode@@UEBAHXZ  0000000140013588 f i libvcruntime:undname.obj
 0001:0001260c       ?length@pcharNode@@UEBAHXZ 000000014001360c f i libvcruntime:undname.obj
 0001:00012610       ?make@DNameStatusNode@@SAPEBV1@W4DNameStatus@@@Z 0000000140013610 f i libvcruntime:undname.obj
 0001:00012638       ?setIsArray@DName@@QEAAXXZ 0000000140013638 f i libvcruntime:undname.obj
 0001:00012640       ?setIsComArray@DName@@QEAAXXZ 0000000140013640 f i libvcruntime:undname.obj
 0001:00012648       ?setIsNoTE@DName@@QEAAXXZ  0000000140013648 f i libvcruntime:undname.obj
 0001:00012650       ?setIsPinPtr@DName@@QEAAXXZ 0000000140013650 f i libvcruntime:undname.obj
 0001:00012658       ?setIsUDC@DName@@QEAAXXZ   0000000140013658 f i libvcruntime:undname.obj
 0001:00012668       ?setIsVCallThunk@DName@@QEAAXXZ 0000000140013668 f i libvcruntime:undname.obj
 0001:00012670       ?setPtrRef@DName@@QEAAAEAV1@XZ 0000000140013670 f i libvcruntime:undname.obj
 0001:0001267c       ?status@DName@@QEBA?AW4DNameStatus@@XZ 000000014001367c f i libvcruntime:undname.obj
 0001:000126f4       __unDName                  00000001400136f4 f   libvcruntime:undname.obj
 0001:00012848       __unDNameEx                0000000140013848 f   libvcruntime:undname.obj
 0001:000129a4       _vsprintf_s_l              00000001400139a4 f i libvcruntime:undname.obj
 0001:00012a20       sprintf_s                  0000000140013a20 f i libvcruntime:undname.obj
 0001:00012a88       ??$__crt_fast_decode_pointer@P6AXXZ@@YAP6AXXZQ6AXXZ@Z 0000000140013a88 f i libvcruntime:purevirt.obj
 0001:00012aa4       ??$__crt_interlocked_exchange_pointer@$$A6AXXZP6AXXZ@@YAP6AXXZPEDS6AXXZQ6AXXZ@Z 0000000140013aa4 f i libvcruntime:purevirt.obj
 0001:00012aac       ??$__crt_interlocked_read_pointer@$$A6AXXZ@@YAP6AXXZPEDS6AXXZ@Z 0000000140013aac f i libvcruntime:purevirt.obj
 0001:00012ab0       _get_purecall_handler      0000000140013ab0 f   libvcruntime:purevirt.obj
 0001:00012ad0       _purecall                  0000000140013ad0 f   libvcruntime:purevirt.obj
 0001:00012b14       _set_purecall_handler      0000000140013b14 f   libvcruntime:purevirt.obj
 0001:00012b60       sinf                       0000000140013b60 f   libucrt:sinf.obj
 0001:00013438       _seh_filter_dll            0000000140014438 f   libucrt:exception_filter.obj
 0001:00013450       _seh_filter_exe            0000000140014450 f   libucrt:exception_filter.obj
 0001:0001374c       __acrt_report_runtime_error 000000014001474c f   libucrt:report_runtime_error.obj
 0001:0001396c       _invoke_watson_if_error    000000014001496c f i libucrt:report_runtime_error.obj
 0001:000139ac       _query_app_type            00000001400149ac f   libucrt:report_runtime_error.obj
 0001:000139b4       _set_app_type              00000001400149b4 f   libucrt:report_runtime_error.obj
 0001:000139bc       ??$__crt_fast_decode_pointer@P6AHPEAU_exception@@@Z@@YAP6AHPEAU_exception@@@ZQ6AH0@Z@Z 00000001400149bc f i libucrt:matherr.obj
 0001:000139d8       ??$__crt_fast_encode_pointer@P6AHPEAU_exception@@@Z@@YAP6AHPEAU_exception@@@ZQ6AH0@Z@Z 00000001400149d8 f i libucrt:matherr.obj
 0001:00013a00       ?get_current_state_index@__crt_state_management@@YA_KXZ 0000000140014a00 f i libucrt:matherr.obj
 0001:00013a04       ?initialize@?$dual_state_global@P6AHPEAU_exception@@@Z@__crt_state_management@@QEAAXQ6AHPEAU_exception@@@Z@Z 0000000140014a04 f i libucrt:matherr.obj
 0001:00013a38       ?value@?$dual_state_global@P6AHPEAU_exception@@@Z@__crt_state_management@@QEAAAEAP6AHPEAU_exception@@@ZXZ 0000000140014a38 f i libucrt:matherr.obj
 0001:00013a3c       __acrt_has_user_matherr    0000000140014a3c f   libucrt:matherr.obj
 0001:00013a60       __acrt_initialize_user_matherr 0000000140014a60 f   libucrt:matherr.obj
 0001:00013a6c       __acrt_invoke_user_matherr 0000000140014a6c f   libucrt:matherr.obj
 0001:00013aa8       __setusermatherr           0000000140014aa8 f   libucrt:matherr.obj
 0001:00013ad8       ??$?RE@__crt_internal_free_policy@@QEBAXQEBE@Z 0000000140014ad8 f i libucrt:argv_parsing.obj
 0001:00013ae4       ??$?RPEAD@__crt_internal_free_policy@@QEBAXQEBQEAD@Z 0000000140014ae4 f i libucrt:argv_parsing.obj
 0001:00013af0       ??$?RPEA_W@__crt_internal_free_policy@@QEBAXQEBQEA_W@Z 0000000140014af0 f i libucrt:argv_parsing.obj
 0001:00013ea0       ??$get_module_file_name@$$TAEAY0BAF@DH@?$__crt_char_traits@D@@SAK$$QEA$$TAEAY0BAF@D$$QEAH@Z 0000000140014ea0 f i libucrt:argv_parsing.obj
 0001:00013eb0       ??$get_module_file_name@$$TAEAY0BAF@_WH@?$__crt_char_traits@_W@@SAK$$QEA$$TAEAY0BAF@_W$$QEAH@Z 0000000140014eb0 f i libucrt:argv_parsing.obj
 0001:000142e8       ??$set_program_name@PEAD@?$__crt_char_traits@D@@SAX$$QEAPEAD@Z 00000001400152e8 f i libucrt:argv_parsing.obj
 0001:000142f8       ??$set_program_name@PEA_W@?$__crt_char_traits@_W@@SAX$$QEAPEA_W@Z 00000001400152f8 f i libucrt:argv_parsing.obj
 0001:00014318       ??0?$__crt_unique_heap_ptr@EU__crt_internal_free_policy@@@@QEAA@QEAE@Z 0000000140015318 f i libucrt:argv_parsing.obj
 0001:00014320       ??0?$__crt_unique_heap_ptr@PEADU__crt_internal_free_policy@@@@QEAA@QEAPEAD@Z 0000000140015320 f i libucrt:argv_parsing.obj
 0001:00014328       ??0?$__crt_unique_heap_ptr@PEA_WU__crt_internal_free_policy@@@@QEAA@QEAPEA_W@Z 0000000140015328 f i libucrt:argv_parsing.obj
 0001:00014330       ??1?$__crt_unique_heap_ptr@EU__crt_internal_free_policy@@@@QEAA@XZ 0000000140015330 f i libucrt:argv_parsing.obj
 0001:00014354       ??1?$__crt_unique_heap_ptr@PEADU__crt_internal_free_policy@@@@QEAA@XZ 0000000140015354 f i libucrt:argv_parsing.obj
 0001:00014378       ??1?$__crt_unique_heap_ptr@PEA_WU__crt_internal_free_policy@@@@QEAA@XZ 0000000140015378 f i libucrt:argv_parsing.obj
 0001:0001439c       ??B?$__crt_unique_heap_ptr@EU__crt_internal_free_policy@@@@QEBA_NXZ 000000014001539c f i libucrt:argv_parsing.obj
 0001:000143f0       ?detach@?$__crt_unique_heap_ptr@EU__crt_internal_free_policy@@@@QEAAPEAEXZ 00000001400153f0 f i libucrt:argv_parsing.obj
 0001:000143fc       ?detach@?$__crt_unique_heap_ptr@PEADU__crt_internal_free_policy@@@@QEAAPEAPEADXZ 00000001400153fc f i libucrt:argv_parsing.obj
 0001:00014408       ?detach@?$__crt_unique_heap_ptr@PEA_WU__crt_internal_free_policy@@@@QEAAPEAPEA_WXZ 0000000140015408 f i libucrt:argv_parsing.obj
 0001:00014430       ?get@?$__crt_unique_heap_ptr@EU__crt_internal_free_policy@@@@QEBAPEAEXZ 0000000140015430 f i libucrt:argv_parsing.obj
 0001:00014434       ?get@?$__crt_unique_heap_ptr@PEADU__crt_internal_free_policy@@@@QEBAPEAPEADXZ 0000000140015434 f i libucrt:argv_parsing.obj
 0001:00014438       ?get@?$__crt_unique_heap_ptr@PEA_WU__crt_internal_free_policy@@@@QEBAPEAPEA_WXZ 0000000140015438 f i libucrt:argv_parsing.obj
 0001:0001443c       ?get_address_of@?$__crt_unique_heap_ptr@PEADU__crt_internal_free_policy@@@@QEAAPEAPEAPEADXZ 000000014001543c f i libucrt:argv_parsing.obj
 0001:00014440       ?get_address_of@?$__crt_unique_heap_ptr@PEA_WU__crt_internal_free_policy@@@@QEAAPEAPEAPEA_WXZ 0000000140015440 f i libucrt:argv_parsing.obj
 0001:00014474       ?is_valid@?$__crt_unique_heap_ptr@EU__crt_internal_free_policy@@@@QEBA_NXZ 0000000140015474 f i libucrt:argv_parsing.obj
 0001:00014480       ?release@?$__crt_unique_heap_ptr@EU__crt_internal_free_policy@@@@QEAAXXZ 0000000140015480 f i libucrt:argv_parsing.obj
 0001:000144a4       ?release@?$__crt_unique_heap_ptr@PEADU__crt_internal_free_policy@@@@QEAAXXZ 00000001400154a4 f i libucrt:argv_parsing.obj
 0001:000144c8       ?release@?$__crt_unique_heap_ptr@PEA_WU__crt_internal_free_policy@@@@QEAAXXZ 00000001400154c8 f i libucrt:argv_parsing.obj
 0001:0001450c       __acrt_allocate_buffer_for_argv 000000014001550c f   libucrt:argv_parsing.obj
 0001:00014580       _configure_narrow_argv     0000000140015580 f   libucrt:argv_parsing.obj
 0001:00014768       _configure_wide_argv       0000000140015768 f   libucrt:argv_parsing.obj
 0001:0001494c       _set_pgmptr                000000014001594c f i libucrt:argv_parsing.obj
 0001:00014958       _set_wpgmptr               0000000140015958 f i libucrt:argv_parsing.obj
 0001:00014964       ??$?R_W@__crt_internal_free_policy@@QEBAXQEB_W@Z 0000000140015964 f i libucrt:environment_initialization.obj
 0001:00014fc8       ??$get_environment_from_os@$$V@?$__crt_char_traits@D@@SAPEADXZ 0000000140015fc8 f i libucrt:environment_initialization.obj
 0001:00014fd0       ??$get_environment_from_os@$$V@?$__crt_char_traits@_W@@SAPEA_WXZ 0000000140015fd0 f i libucrt:environment_initialization.obj
 0001:000151bc       ??$set_variable_in_environment_nolock@PEADH@?$__crt_char_traits@D@@SAH$$QEAPEAD$$QEAH@Z 00000001400161bc f i libucrt:environment_initialization.obj
 0001:000151c8       ??$set_variable_in_environment_nolock@PEA_WH@?$__crt_char_traits@_W@@SAH$$QEAPEA_W$$QEAH@Z 00000001400161c8 f i libucrt:environment_initialization.obj
 0001:000151d4       ??$tcscpy_s@PEADAEB_KAEAPEAD@?$__crt_char_traits@D@@SAH$$QEAPEADAEB_KAEAPEAD@Z 00000001400161d4 f i libucrt:environment_initialization.obj
 0001:000151e8       ??$tcscpy_s@PEA_WAEB_KAEAPEA_W@?$__crt_char_traits@_W@@SAH$$QEAPEA_WAEB_KAEAPEA_W@Z 00000001400161e8 f i libucrt:environment_initialization.obj
 0001:000151fc       ??$tcslen@AEAPEAD@?$__crt_char_traits@D@@SA_KAEAPEAD@Z 00000001400161fc f i libucrt:environment_initialization.obj
 0001:00015214       ??$tcslen@AEAPEA_W@?$__crt_char_traits@_W@@SA_KAEAPEA_W@Z 0000000140016214 f i libucrt:environment_initialization.obj
 0001:0001522c       ??$uninitialize@A6AXAEAPEAPEAD@Z@?$dual_state_global@PEAPEAD@__crt_state_management@@QEAAXA6AXAEAPEAPEAD@Z@Z 000000014001622c f i libucrt:environment_initialization.obj
 0001:00015280       ??$uninitialize@A6AXAEAPEAPEA_W@Z@?$dual_state_global@PEAPEA_W@__crt_state_management@@QEAAXA6AXAEAPEAPEA_W@Z@Z 0000000140016280 f i libucrt:environment_initialization.obj
 0001:00015314       ??0?$__crt_unique_heap_ptr@_WU__crt_internal_free_policy@@@@QEAA@QEA_W@Z 0000000140016314 f i libucrt:environment_initialization.obj
 0001:0001531c       ??1?$__crt_unique_heap_ptr@_WU__crt_internal_free_policy@@@@QEAA@XZ 000000014001631c f i libucrt:environment_initialization.obj
 0001:00015340       ??B?$__crt_unique_heap_ptr@PEADU__crt_internal_free_policy@@@@QEBA_NXZ 0000000140016340 f i libucrt:environment_initialization.obj
 0001:0001534c       ??B?$__crt_unique_heap_ptr@PEA_WU__crt_internal_free_policy@@@@QEBA_NXZ 000000014001634c f i libucrt:environment_initialization.obj
 0001:00015358       ??B?$__crt_unique_heap_ptr@_WU__crt_internal_free_policy@@@@QEBA_NXZ 0000000140016358 f i libucrt:environment_initialization.obj
 0001:00015364       ?__crt_compute_required_transform_buffer_count@@YA_KIQEBD@Z 0000000140016364 f i libucrt:environment_initialization.obj
 0001:00015394       ?__crt_compute_required_transform_buffer_count@@YA_KIQEB_W@Z 0000000140016394 f i libucrt:environment_initialization.obj
 0001:000153d0       ?__crt_transform_string@@YA_KIQEBDQEA_W_K@Z 00000001400163d0 f i libucrt:environment_initialization.obj
 0001:00015400       ?__crt_transform_string@@YA_KIQEB_WQEAD_K@Z 0000000140016400 f i libucrt:environment_initialization.obj
 0001:0001543c       ?detach@?$__crt_unique_heap_ptr@DU__crt_internal_free_policy@@@@QEAAPEADXZ 000000014001643c f i libucrt:environment_initialization.obj
 0001:00015448       ?detach@?$__crt_unique_heap_ptr@_WU__crt_internal_free_policy@@@@QEAAPEA_WXZ 0000000140016448 f i libucrt:environment_initialization.obj
 0001:00015454       ?get@?$__crt_unique_heap_ptr@_WU__crt_internal_free_policy@@@@QEBAPEA_WXZ 0000000140016454 f i libucrt:environment_initialization.obj
 0001:000154a0       ?initialize@?$dual_state_global@PEAPEAD@__crt_state_management@@QEAAXQEAPEAD@Z 00000001400164a0 f i libucrt:environment_initialization.obj
 0001:000154d4       ?initialize@?$dual_state_global@PEAPEA_W@__crt_state_management@@QEAAXQEAPEA_W@Z 00000001400164d4 f i libucrt:environment_initialization.obj
 0001:00015508       ?is_valid@?$__crt_unique_heap_ptr@PEADU__crt_internal_free_policy@@@@QEBA_NXZ 0000000140016508 f i libucrt:environment_initialization.obj
 0001:00015514       ?is_valid@?$__crt_unique_heap_ptr@PEA_WU__crt_internal_free_policy@@@@QEBA_NXZ 0000000140016514 f i libucrt:environment_initialization.obj
 0001:00015520       ?is_valid@?$__crt_unique_heap_ptr@_WU__crt_internal_free_policy@@@@QEBA_NXZ 0000000140016520 f i libucrt:environment_initialization.obj
 0001:00015538       ?release@?$__crt_unique_heap_ptr@_WU__crt_internal_free_policy@@@@QEAAXXZ 0000000140016538 f i libucrt:environment_initialization.obj
 0001:0001555c       ?value@?$dual_state_global@PEAPEAD@__crt_state_management@@QEAAAEAPEAPEADXZ 000000014001655c f i libucrt:environment_initialization.obj
 0001:00015560       ?value@?$dual_state_global@PEAPEA_W@__crt_state_management@@QEAAAEAPEAPEA_WXZ 0000000140016560 f i libucrt:environment_initialization.obj
 0001:00015564       __dcrt_get_or_create_narrow_environment_nolock 0000000140016564 f   libucrt:environment_initialization.obj
 0001:000155b0       __dcrt_get_or_create_wide_environment_nolock 00000001400165b0 f   libucrt:environment_initialization.obj
 0001:000155fc       __dcrt_uninitialize_environments_nolock 00000001400165fc f   libucrt:environment_initialization.obj
 0001:00015644       __p__environ               0000000140016644 f   libucrt:environment_initialization.obj
 0001:00015650       __p__wenviron              0000000140016650 f   libucrt:environment_initialization.obj
 0001:0001565c       _get_initial_narrow_environment 000000014001665c f   libucrt:environment_initialization.obj
 0001:000156c0       _get_initial_wide_environment 00000001400166c0 f   libucrt:environment_initialization.obj
 0001:00015724       _initialize_narrow_environment 0000000140016724 f   libucrt:environment_initialization.obj
 0001:0001572c       _initialize_wide_environment 000000014001672c f   libucrt:environment_initialization.obj
 0001:00015870       _get_narrow_winmain_command_line 0000000140016870 f   libucrt:argv_winmain.obj
 0001:000158fc       _get_wide_winmain_command_line 00000001400168fc f   libucrt:argv_winmain.obj
 0001:00015968       _initterm                  0000000140016968 f   libucrt:initterm.obj
 0001:000159e8       _initterm_e                00000001400169e8 f   libucrt:initterm.obj
 0001:00015a34       ??$?B$$A6AXPEAXK0@Z@__crt_fast_encoded_nullptr_t@@QEBAP6AXPEAXK0@ZXZ 0000000140016a34 f i libucrt:exit.obj
 0001:00015ad0       ??$__crt_fast_decode_pointer@P6AXPEAXK0@Z@@YAP6AXPEAXK0@ZQ6AX0K0@Z@Z 0000000140016ad0 f i libucrt:exit.obj
 0001:00015aec       ??$__crt_fast_encode_pointer@P6AXPEAXK0@Z@@YAP6AXPEAXK0@ZQ6AX0K0@Z@Z 0000000140016aec f i libucrt:exit.obj
 0001:00015b14       ??$__crt_get_proc_address@P6AXI@Z@@YAP6AXI@ZQEAUHINSTANCE__@@QEBD@Z 0000000140016b14 f i libucrt:exit.obj
 0001:00015b1c       ??$__crt_interlocked_read@J@@YAJPEDJ@Z 0000000140016b1c f i libucrt:exit.obj
 0001:00015b4c       ??0?$__crt_unique_handle_t@U__crt_hmodule_traits@@@@QEAA@QEAUHINSTANCE__@@@Z 0000000140016b4c f i libucrt:exit.obj
 0001:00015b54       ??1?$__crt_unique_handle_t@U__crt_hmodule_traits@@@@QEAA@XZ 0000000140016b54 f i libucrt:exit.obj
 0001:00015ca0       ?__acrt_select_exit_lock@@YA?AW4__acrt_lock_id@@XZ 0000000140016ca0 f i libucrt:exit.obj
 0001:00015ca8       ?__crt_interlocked_read_32@@YAHPEDH@Z 0000000140016ca8 f i libucrt:exit.obj
 0001:00015cbc       ?close@?$__crt_unique_handle_t@U__crt_hmodule_traits@@@@QEAAXXZ 0000000140016cbc f i libucrt:exit.obj
 0001:00015ce8       ?close@__crt_hmodule_traits@@SA_NPEAUHINSTANCE__@@@Z 0000000140016ce8 f i libucrt:exit.obj
 0001:00015e4c       ?get@?$__crt_unique_handle_t@U__crt_hmodule_traits@@@@QEBAPEAUHINSTANCE__@@XZ 0000000140016e4c f i libucrt:exit.obj
 0001:00015e50       ?get_address_of@?$__crt_unique_handle_t@U__crt_hmodule_traits@@@@QEAAPEAPEAUHINSTANCE__@@XZ 0000000140016e50 f i libucrt:exit.obj
 0001:00015e54       ?get_invalid_value@__crt_hmodule_traits@@SAPEAUHINSTANCE__@@XZ 0000000140016e54 f i libucrt:exit.obj
 0001:00015f70       _Exit                      0000000140016f70 f   libucrt:exit.obj
 0001:00015f80       __acrt_initialize_thread_local_exit_callback 0000000140016f80 f   libucrt:exit.obj
 0001:00015f8c       _c_exit                    0000000140016f8c f   libucrt:exit.obj
 0001:00015fa0       _cexit                     0000000140016fa0 f   libucrt:exit.obj
 0001:00015fb0       _exit                      0000000140016fb0 f   libucrt:exit.obj
 0001:00015fc0       _is_c_termination_complete 0000000140016fc0 f   libucrt:exit.obj
 0001:00015fc8       _register_thread_local_exe_atexit_callback 0000000140016fc8 f   libucrt:exit.obj
 0001:00016020       exit                       0000000140017020 f   libucrt:exit.obj
 0001:0001602c       quick_exit                 000000014001702c f   libucrt:exit.obj
 0001:0001603c       ??$__crt_interlocked_read@H@@YAHPEDH@Z 000000014001703c f i libucrt:setmode.obj
 0001:00016040       ?value@?$dual_state_global@H@__crt_state_management@@QEAAAEAHXZ 0000000140017040 f i libucrt:setmode.obj
 0001:00016044       _get_fmode                 0000000140017044 f   libucrt:setmode.obj
 0001:00016080       _set_fmode                 0000000140017080 f   libucrt:setmode.obj
 0001:000160cc       _setmode                   00000001400170cc f   libucrt:setmode.obj
 0001:00016210       _setmode_nolock            0000000140017210 f   libucrt:setmode.obj
 0001:0001632c       ??$?RU__crt_locale_data@@@__crt_internal_free_policy@@QEBAXQEBU__crt_locale_data@@@Z 000000014001732c f i libucrt:wsetlocale.obj
 0001:00016338       ??$?RU__crt_locale_pointers@@@__crt_internal_free_policy@@QEBAXQEBU__crt_locale_pointers@@@Z 0000000140017338 f i libucrt:wsetlocale.obj
 0001:00016344       ??$?RU__crt_multibyte_data@@@__crt_internal_free_policy@@QEBAXQEBU__crt_multibyte_data@@@Z 0000000140017344 f i libucrt:wsetlocale.obj
 0001:00016718       ??$__vcrt_va_start_verify_argument_type@H@@YAXXZ 0000000140017718 f i libucrt:wsetlocale.obj
 0001:00016850       ??0?$__crt_unique_heap_ptr@U__crt_locale_data@@U__crt_internal_free_policy@@@@QEAA@QEAU__crt_locale_data@@@Z 0000000140017850 f i libucrt:wsetlocale.obj
 0001:00016858       ??0?$__crt_unique_heap_ptr@U__crt_locale_pointers@@U__crt_internal_free_policy@@@@QEAA@QEAU__crt_locale_pointers@@@Z 0000000140017858 f i libucrt:wsetlocale.obj
 0001:00016860       ??0?$__crt_unique_heap_ptr@U__crt_multibyte_data@@U__crt_internal_free_policy@@@@QEAA@QEAU__crt_multibyte_data@@@Z 0000000140017860 f i libucrt:wsetlocale.obj
 0001:00016868       ??1?$__crt_unique_heap_ptr@U__crt_locale_data@@U__crt_internal_free_policy@@@@QEAA@XZ 0000000140017868 f i libucrt:wsetlocale.obj
 0001:0001688c       ??1?$__crt_unique_heap_ptr@U__crt_locale_pointers@@U__crt_internal_free_policy@@@@QEAA@XZ 000000014001788c f i libucrt:wsetlocale.obj
 0001:000168b0       ??1?$__crt_unique_heap_ptr@U__crt_multibyte_data@@U__crt_internal_free_policy@@@@QEAA@XZ 00000001400178b0 f i libucrt:wsetlocale.obj
 0001:000168d4       ??B?$__crt_unique_heap_ptr@U__crt_locale_data@@U__crt_internal_free_policy@@@@QEBA_NXZ 00000001400178d4 f i libucrt:wsetlocale.obj
 0001:000168e0       ??B?$__crt_unique_heap_ptr@U__crt_locale_pointers@@U__crt_internal_free_policy@@@@QEBA_NXZ 00000001400178e0 f i libucrt:wsetlocale.obj
 0001:000168ec       ??B?$__crt_unique_heap_ptr@U__crt_multibyte_data@@U__crt_internal_free_policy@@@@QEBA_NXZ 00000001400178ec f i libucrt:wsetlocale.obj
 0001:00016bf8       ?detach@?$__crt_unique_heap_ptr@U__crt_locale_data@@U__crt_internal_free_policy@@@@QEAAPEAU__crt_locale_data@@XZ 0000000140017bf8 f i libucrt:wsetlocale.obj
 0001:00016c04       ?detach@?$__crt_unique_heap_ptr@U__crt_locale_pointers@@U__crt_internal_free_policy@@@@QEAAPEAU__crt_locale_pointers@@XZ 0000000140017c04 f i libucrt:wsetlocale.obj
 0001:00016c10       ?detach@?$__crt_unique_heap_ptr@U__crt_multibyte_data@@U__crt_internal_free_policy@@@@QEAAPEAU__crt_multibyte_data@@XZ 0000000140017c10 f i libucrt:wsetlocale.obj
 0001:00016c1c       ?get@?$__crt_unique_heap_ptr@U__crt_locale_data@@U__crt_internal_free_policy@@@@QEBAPEAU__crt_locale_data@@XZ 0000000140017c1c f i libucrt:wsetlocale.obj
 0001:00016c20       ?get@?$__crt_unique_heap_ptr@U__crt_locale_pointers@@U__crt_internal_free_policy@@@@QEBAPEAU__crt_locale_pointers@@XZ 0000000140017c20 f i libucrt:wsetlocale.obj
 0001:00016c24       ?get@?$__crt_unique_heap_ptr@U__crt_multibyte_data@@U__crt_internal_free_policy@@@@QEBAPEAU__crt_multibyte_data@@XZ 0000000140017c24 f i libucrt:wsetlocale.obj
 0001:00016c28       ?is_valid@?$__crt_unique_heap_ptr@U__crt_locale_data@@U__crt_internal_free_policy@@@@QEBA_NXZ 0000000140017c28 f i libucrt:wsetlocale.obj
 0001:00016c34       ?is_valid@?$__crt_unique_heap_ptr@U__crt_locale_pointers@@U__crt_internal_free_policy@@@@QEBA_NXZ 0000000140017c34 f i libucrt:wsetlocale.obj
 0001:00016c40       ?is_valid@?$__crt_unique_heap_ptr@U__crt_multibyte_data@@U__crt_internal_free_policy@@@@QEBA_NXZ 0000000140017c40 f i libucrt:wsetlocale.obj
 0001:00016c4c       ?release@?$__crt_unique_heap_ptr@U__crt_locale_data@@U__crt_internal_free_policy@@@@QEAAXXZ 0000000140017c4c f i libucrt:wsetlocale.obj
 0001:00016c70       ?release@?$__crt_unique_heap_ptr@U__crt_locale_pointers@@U__crt_internal_free_policy@@@@QEAAXXZ 0000000140017c70 f i libucrt:wsetlocale.obj
 0001:00016c94       ?release@?$__crt_unique_heap_ptr@U__crt_multibyte_data@@U__crt_internal_free_policy@@@@QEAAXXZ 0000000140017c94 f i libucrt:wsetlocale.obj
 0001:00016cb8       ?value@?$dual_state_global@PEAU__crt_locale_data@@@__crt_state_management@@QEAAAEAPEAU__crt_locale_data@@XZ 0000000140017cb8 f i libucrt:wsetlocale.obj
 0001:00016cbc       __acrt_copy_locale_name    0000000140017cbc f   libucrt:wsetlocale.obj
 0001:00016d60       __acrt_set_locale_changed  0000000140017d60 f   libucrt:wsetlocale.obj
 0001:00016d70       __acrt_uninitialize_locale 0000000140017d70 f   libucrt:wsetlocale.obj
 0001:00016dac       __lc_lctowcs               0000000140017dac f   libucrt:wsetlocale.obj
 0001:00016e78       __lc_wcstolc               0000000140017e78 f   libucrt:wsetlocale.obj
 0001:0001709c       _configthreadlocale        000000014001809c f   libucrt:wsetlocale.obj
 0001:00017210       _create_locale             0000000140018210 f   libucrt:wsetlocale.obj
 0001:000172a4       _expandlocale              00000001400182a4 f   libucrt:wsetlocale.obj
 0001:000177a0       _free_locale               00000001400187a0 f   libucrt:wsetlocale.obj
 0001:0001786c       _get_current_locale        000000014001886c f   libucrt:wsetlocale.obj
 0001:00017958       _wcreate_locale            0000000140018958 f   libucrt:wsetlocale.obj
 0001:00017af4       _wcscats                   0000000140018af4 f   libucrt:wsetlocale.obj
 0001:00017b74       _wsetlocale                0000000140018b74 f   libucrt:wsetlocale.obj
 0001:00018608       ?value@?$dual_state_global@J@__crt_state_management@@QEAAAEAJXZ 0000000140019608 f i libucrt:new_mode.obj
 0001:0001860c       _query_new_mode            000000014001960c f   libucrt:new_mode.obj
 0001:00018614       _set_new_mode              0000000140019614 f   libucrt:new_mode.obj
 0001:0001864c       __p__commode               000000014001964c f   libucrt:ncommode.obj
 0001:00018658       ??$?BP6AXXZ@__crt_fast_encoded_nullptr_t@@QEBAPEAP6AXXZXZ 0000000140019658 f i libucrt:onexit.obj
 0001:0001867c       ??$?RP6AXXZ@__crt_internal_free_policy@@QEBAXQEBQ6AXXZ@Z 000000014001967c f i libucrt:onexit.obj
 0001:00018780       ??$__crt_fast_encode_pointer@P6AHXZ@@YAP6AHXZQ6AHXZ@Z 0000000140019780 f i libucrt:onexit.obj
 0001:000187f0       ??0?$__crt_unique_heap_ptr@P6AXXZU__crt_internal_free_policy@@@@QEAA@QEAP6AXXZ@Z 00000001400197f0 f i libucrt:onexit.obj
 0001:000187f8       ??1?$__crt_unique_heap_ptr@P6AXXZU__crt_internal_free_policy@@@@QEAA@XZ 00000001400197f8 f i libucrt:onexit.obj
 0001:0001881c       ??1scoped_global_state_reset@__crt_state_management@@QEAA@XZ 000000014001981c f i libucrt:onexit.obj
 0001:00018c10       ?detach@?$__crt_unique_heap_ptr@P6AXXZU__crt_internal_free_policy@@@@QEAAPEAP6AXXZXZ 0000000140019c10 f i libucrt:onexit.obj
 0001:00018c1c       ?release@?$__crt_unique_heap_ptr@P6AXXZU__crt_internal_free_policy@@@@QEAAXXZ 0000000140019c1c f i libucrt:onexit.obj
 0001:00018c40       _crt_at_quick_exit         0000000140019c40 f   libucrt:onexit.obj
 0001:00018c54       _crt_atexit                0000000140019c54 f   libucrt:onexit.obj
 0001:00018c68       _execute_onexit_table      0000000140019c68 f   libucrt:onexit.obj
 0001:00018cb0       _initialize_onexit_table   0000000140019cb0 f   libucrt:onexit.obj
 0001:00018d00       _register_onexit_function  0000000140019d00 f   libucrt:onexit.obj
 0001:00018fdc       ?__acrt_stdio_is_initialized@@YA_NXZ 0000000140019fdc f i libucrt:initialization.obj
 0001:00018fec       ?initialize@?$dual_state_global@PEAU__crt_locale_data@@@__crt_state_management@@QEAAXQEAU__crt_locale_data@@@Z 0000000140019fec f i libucrt:initialization.obj
 0001:00019020       __acrt_initialize          000000014001a020 f   libucrt:initialization.obj
 0001:00019038       __acrt_thread_attach       000000014001a038 f   libucrt:initialization.obj
 0001:00019054       __acrt_thread_detach       000000014001a054 f   libucrt:initialization.obj
 0001:00019068       __acrt_uninitialize        000000014001a068 f   libucrt:initialization.obj
 0001:000190ac       __acrt_uninitialize_critical 000000014001a0ac f   libucrt:initialization.obj
 0001:000190d8       _get_terminate             000000014001a0d8 f   libucrt:terminate.obj
 0001:00019104       set_terminate              000000014001a104 f   libucrt:terminate.obj
 0001:0001913c       terminate                  000000014001a13c f   libucrt:terminate.obj
 0001:00019170       _free_base                 000000014001a170 f   libucrt:free_base.obj
 0001:000191bc       _malloc_base               000000014001a1bc f   libucrt:malloc_base.obj
 0001:000192b0       strcpy_s                   000000014001a2b0 f   libucrt:strcpy_s.obj
 0001:00019328       _set_abort_behavior        000000014001a328 f   libucrt:abort.obj
 0001:0001934c       abort                      000000014001a34c f   libucrt:abort.obj
 0001:000193b8       _calloc_base               000000014001a3b8 f   libucrt:calloc_base.obj
 0001:0001944c       wcsncmp                    000000014001a44c f   libucrt:wcsncmp.obj
 0001:00019484       ??$?0AEBV?$stream_output_adapter@D@__crt_stdio_output@@AEB_KAEBQEBDAEBQEAU__crt_locale_pointers@@AEBQEAD@?$format_validation_base@DV?$stream_output_adapter@D@__crt_stdio_output@@@__crt_stdio_output@@IEAA@AEBV?$stream_output_adapter@D@1@AEB_KAEBQEBDAEBQEAU__crt_locale_pointers@@AEBQEAD@Z 000000014001a484 f i libucrt:output.obj
 0001:00019528       ??$?0AEBV?$stream_output_adapter@D@__crt_stdio_output@@AEB_KAEBQEBDAEBQEAU__crt_locale_pointers@@AEBQEAD@?$positional_parameter_base@DV?$stream_output_adapter@D@__crt_stdio_output@@@__crt_stdio_output@@IEAA@AEBV?$stream_output_adapter@D@1@AEB_KAEBQEBDAEBQEAU__crt_locale_pointers@@AEBQEAD@Z 000000014001a528 f i libucrt:output.obj
 0001:000195f0       ??$?0AEBV?$stream_output_adapter@D@__crt_stdio_output@@AEB_KAEBQEBDAEBQEAU__crt_locale_pointers@@AEBQEAD@?$standard_base@DV?$stream_output_adapter@D@__crt_stdio_output@@@__crt_stdio_output@@IEAA@AEBV?$stream_output_adapter@D@1@AEB_KAEBQEBDAEBQEAU__crt_locale_pointers@@AEBQEAD@Z 000000014001a5f0 f i libucrt:output.obj
 0001:00019694       ??$?0AEBV?$stream_output_adapter@_W@__crt_stdio_output@@AEB_KAEBQEB_WAEBQEAU__crt_locale_pointers@@AEBQEAD@?$format_validation_base@_WV?$stream_output_adapter@_W@__crt_stdio_output@@@__crt_stdio_output@@IEAA@AEBV?$stream_output_adapter@_W@1@AEB_KAEBQEB_WAEBQEAU__crt_locale_pointers@@AEBQEAD@Z 000000014001a694 f i libucrt:output.obj
 0001:0001973c       ??$?0AEBV?$stream_output_adapter@_W@__crt_stdio_output@@AEB_KAEBQEB_WAEBQEAU__crt_locale_pointers@@AEBQEAD@?$positional_parameter_base@_WV?$stream_output_adapter@_W@__crt_stdio_output@@@__crt_stdio_output@@IEAA@AEBV?$stream_output_adapter@_W@1@AEB_KAEBQEB_WAEBQEAU__crt_locale_pointers@@AEBQEAD@Z 000000014001a73c f i libucrt:output.obj
 0001:00019808       ??$?0AEBV?$stream_output_adapter@_W@__crt_stdio_output@@AEB_KAEBQEB_WAEBQEAU__crt_locale_pointers@@AEBQEAD@?$standard_base@_WV?$stream_output_adapter@_W@__crt_stdio_output@@@__crt_stdio_output@@IEAA@AEBV?$stream_output_adapter@_W@1@AEB_KAEBQEB_WAEBQEAU__crt_locale_pointers@@AEBQEAD@Z 000000014001a808 f i libucrt:output.obj
 0001:000198b0       ??$?0AEBV?$string_output_adapter@D@__crt_stdio_output@@AEB_KAEBQEBDAEBQEAU__crt_locale_pointers@@AEBQEAD@?$format_validation_base@DV?$string_output_adapter@D@__crt_stdio_output@@@__crt_stdio_output@@IEAA@AEBV?$string_output_adapter@D@1@AEB_KAEBQEBDAEBQEAU__crt_locale_pointers@@AEBQEAD@Z 000000014001a8b0 f i libucrt:output.obj
 0001:00019954       ??$?0AEBV?$string_output_adapter@D@__crt_stdio_output@@AEB_KAEBQEBDAEBQEAU__crt_locale_pointers@@AEBQEAD@?$positional_parameter_base@DV?$string_output_adapter@D@__crt_stdio_output@@@__crt_stdio_output@@IEAA@AEBV?$string_output_adapter@D@1@AEB_KAEBQEBDAEBQEAU__crt_locale_pointers@@AEBQEAD@Z 000000014001a954 f i libucrt:output.obj
 0001:00019a1c       ??$?0AEBV?$string_output_adapter@D@__crt_stdio_output@@AEB_KAEBQEBDAEBQEAU__crt_locale_pointers@@AEBQEAD@?$standard_base@DV?$string_output_adapter@D@__crt_stdio_output@@@__crt_stdio_output@@IEAA@AEBV?$string_output_adapter@D@1@AEB_KAEBQEBDAEBQEAU__crt_locale_pointers@@AEBQEAD@Z 000000014001aa1c f i libucrt:output.obj
 0001:00019ac0       ??$?0AEBV?$string_output_adapter@_W@__crt_stdio_output@@AEB_KAEBQEB_WAEBQEAU__crt_locale_pointers@@AEBQEAD@?$format_validation_base@_WV?$string_output_adapter@_W@__crt_stdio_output@@@__crt_stdio_output@@IEAA@AEBV?$string_output_adapter@_W@1@AEB_KAEBQEB_WAEBQEAU__crt_locale_pointers@@AEBQEAD@Z 000000014001aac0 f i libucrt:output.obj
 0001:00019b68       ??$?0AEBV?$string_output_adapter@_W@__crt_stdio_output@@AEB_KAEBQEB_WAEBQEAU__crt_locale_pointers@@AEBQEAD@?$positional_parameter_base@_WV?$string_output_adapter@_W@__crt_stdio_output@@@__crt_stdio_output@@IEAA@AEBV?$string_output_adapter@_W@1@AEB_KAEBQEB_WAEBQEAU__crt_locale_pointers@@AEBQEAD@Z 000000014001ab68 f i libucrt:output.obj
 0001:00019c34       ??$?0AEBV?$string_output_adapter@_W@__crt_stdio_output@@AEB_KAEBQEB_WAEBQEAU__crt_locale_pointers@@AEBQEAD@?$standard_base@_WV?$string_output_adapter@_W@__crt_stdio_output@@@__crt_stdio_output@@IEAA@AEBV?$string_output_adapter@_W@1@AEB_KAEBQEB_WAEBQEAU__crt_locale_pointers@@AEBQEAD@Z 000000014001ac34 f i libucrt:output.obj
 0001:0001b5bc       ??$count@D@formatting_buffer@__crt_stdio_output@@QEBA_KXZ 000000014001c5bc f i libucrt:output.obj
 0001:0001b5e0       ??$count@_W@formatting_buffer@__crt_stdio_output@@QEBA_KXZ 000000014001c5e0 f i libucrt:output.obj
 0001:0001b604       ??$data@D@formatting_buffer@__crt_stdio_output@@QEAAPEADXZ 000000014001c604 f i libucrt:output.obj
 0001:0001b618       ??$data@_W@formatting_buffer@__crt_stdio_output@@QEAAPEA_WXZ 000000014001c618 f i libucrt:output.obj
 0001:0001b62c       ??$ensure_buffer_is_big_enough@D@formatting_buffer@__crt_stdio_output@@QEAA_N_K@Z 000000014001c62c f i libucrt:output.obj
 0001:0001b6fc       ??$ensure_buffer_is_big_enough@_W@formatting_buffer@__crt_stdio_output@@QEAA_N_K@Z 000000014001c6fc f i libucrt:output.obj
 0001:0001b7d0       ??$extract_argument_from_va_list@C_J@?$positional_parameter_base@DV?$stream_output_adapter@D@__crt_stdio_output@@@__crt_stdio_output@@IEAA_NAEA_J@Z 000000014001c7d0 f i libucrt:output.obj
 0001:0001b8c4       ??$extract_argument_from_va_list@C_J@?$positional_parameter_base@DV?$string_output_adapter@D@__crt_stdio_output@@@__crt_stdio_output@@IEAA_NAEA_J@Z 000000014001c8c4 f i libucrt:output.obj
 0001:0001b9b8       ??$extract_argument_from_va_list@C_J@?$positional_parameter_base@_WV?$stream_output_adapter@_W@__crt_stdio_output@@@__crt_stdio_output@@IEAA_NAEA_J@Z 000000014001c9b8 f i libucrt:output.obj
 0001:0001bab0       ??$extract_argument_from_va_list@C_J@?$positional_parameter_base@_WV?$string_output_adapter@_W@__crt_stdio_output@@@__crt_stdio_output@@IEAA_NAEA_J@Z 000000014001cab0 f i libucrt:output.obj
 0001:0001bba8       ??$extract_argument_from_va_list@C_J@?$standard_base@DV?$stream_output_adapter@D@__crt_stdio_output@@@__crt_stdio_output@@IEAA_NAEA_J@Z 000000014001cba8 f i libucrt:output.obj
 0001:0001bbc4       ??$extract_argument_from_va_list@C_J@?$standard_base@DV?$string_output_adapter@D@__crt_stdio_output@@@__crt_stdio_output@@IEAA_NAEA_J@Z 000000014001cbc4 f i libucrt:output.obj
 0001:0001bbe0       ??$extract_argument_from_va_list@C_J@?$standard_base@_WV?$stream_output_adapter@_W@__crt_stdio_output@@@__crt_stdio_output@@IEAA_NAEA_J@Z 000000014001cbe0 f i libucrt:output.obj
 0001:0001bbfc       ??$extract_argument_from_va_list@C_J@?$standard_base@_WV?$string_output_adapter@_W@__crt_stdio_output@@@__crt_stdio_output@@IEAA_NAEA_J@Z 000000014001cbfc f i libucrt:output.obj
 0001:0001bc18       ??$extract_argument_from_va_list@E_J@?$positional_parameter_base@DV?$stream_output_adapter@D@__crt_stdio_output@@@__crt_stdio_output@@IEAA_NAEA_J@Z 000000014001cc18 f i libucrt:output.obj
 0001:0001bd0c       ??$extract_argument_from_va_list@E_J@?$positional_parameter_base@DV?$string_output_adapter@D@__crt_stdio_output@@@__crt_stdio_output@@IEAA_NAEA_J@Z 000000014001cd0c f i libucrt:output.obj
 0001:0001be00       ??$extract_argument_from_va_list@E_J@?$positional_parameter_base@_WV?$stream_output_adapter@_W@__crt_stdio_output@@@__crt_stdio_output@@IEAA_NAEA_J@Z 000000014001ce00 f i libucrt:output.obj
 0001:0001bef8       ??$extract_argument_from_va_list@E_J@?$positional_parameter_base@_WV?$string_output_adapter@_W@__crt_stdio_output@@@__crt_stdio_output@@IEAA_NAEA_J@Z 000000014001cef8 f i libucrt:output.obj
 0001:0001bff0       ??$extract_argument_from_va_list@E_J@?$standard_base@DV?$stream_output_adapter@D@__crt_stdio_output@@@__crt_stdio_output@@IEAA_NAEA_J@Z 000000014001cff0 f i libucrt:output.obj
 0001:0001c008       ??$extract_argument_from_va_list@E_J@?$standard_base@DV?$string_output_adapter@D@__crt_stdio_output@@@__crt_stdio_output@@IEAA_NAEA_J@Z 000000014001d008 f i libucrt:output.obj
 0001:0001c020       ??$extract_argument_from_va_list@E_J@?$standard_base@_WV?$stream_output_adapter@_W@__crt_stdio_output@@@__crt_stdio_output@@IEAA_NAEA_J@Z 000000014001d020 f i libucrt:output.obj
 0001:0001c038       ??$extract_argument_from_va_list@E_J@?$standard_base@_WV?$string_output_adapter@_W@__crt_stdio_output@@@__crt_stdio_output@@IEAA_NAEA_J@Z 000000014001d038 f i libucrt:output.obj
 0001:0001c050       ??$extract_argument_from_va_list@F_J@?$positional_parameter_base@DV?$stream_output_adapter@D@__crt_stdio_output@@@__crt_stdio_output@@IEAA_NAEA_J@Z 000000014001d050 f i libucrt:output.obj
 0001:0001c144       ??$extract_argument_from_va_list@F_J@?$positional_parameter_base@DV?$string_output_adapter@D@__crt_stdio_output@@@__crt_stdio_output@@IEAA_NAEA_J@Z 000000014001d144 f i libucrt:output.obj
 0001:0001c238       ??$extract_argument_from_va_list@F_J@?$positional_parameter_base@_WV?$stream_output_adapter@_W@__crt_stdio_output@@@__crt_stdio_output@@IEAA_NAEA_J@Z 000000014001d238 f i libucrt:output.obj
 0001:0001c330       ??$extract_argument_from_va_list@F_J@?$positional_parameter_base@_WV?$string_output_adapter@_W@__crt_stdio_output@@@__crt_stdio_output@@IEAA_NAEA_J@Z 000000014001d330 f i libucrt:output.obj
 0001:0001c428       ??$extract_argument_from_va_list@F_J@?$standard_base@DV?$stream_output_adapter@D@__crt_stdio_output@@@__crt_stdio_output@@IEAA_NAEA_J@Z 000000014001d428 f i libucrt:output.obj
 0001:0001c444       ??$extract_argument_from_va_list@F_J@?$standard_base@DV?$string_output_adapter@D@__crt_stdio_output@@@__crt_stdio_output@@IEAA_NAEA_J@Z 000000014001d444 f i libucrt:output.obj
 0001:0001c460       ??$extract_argument_from_va_list@F_J@?$standard_base@_WV?$stream_output_adapter@_W@__crt_stdio_output@@@__crt_stdio_output@@IEAA_NAEA_J@Z 000000014001d460 f i libucrt:output.obj
 0001:0001c47c       ??$extract_argument_from_va_list@F_J@?$standard_base@_WV?$string_output_adapter@_W@__crt_stdio_output@@@__crt_stdio_output@@IEAA_NAEA_J@Z 000000014001d47c f i libucrt:output.obj
 0001:0001c498       ??$extract_argument_from_va_list@GD@?$positional_parameter_base@DV?$stream_output_adapter@D@__crt_stdio_output@@@__crt_stdio_output@@IEAA_NAEAD@Z 000000014001d498 f i libucrt:output.obj
 0001:0001c588       ??$extract_argument_from_va_list@GD@?$positional_parameter_base@DV?$string_output_adapter@D@__crt_stdio_output@@@__crt_stdio_output@@IEAA_NAEAD@Z 000000014001d588 f i libucrt:output.obj
 0001:0001c678       ??$extract_argument_from_va_list@GD@?$standard_base@DV?$stream_output_adapter@D@__crt_stdio_output@@@__crt_stdio_output@@IEAA_NAEAD@Z 000000014001d678 f i libucrt:output.obj
 0001:0001c690       ??$extract_argument_from_va_list@GD@?$standard_base@DV?$string_output_adapter@D@__crt_stdio_output@@@__crt_stdio_output@@IEAA_NAEAD@Z 000000014001d690 f i libucrt:output.obj
 0001:0001c6a8       ??$extract_argument_from_va_list@G_J@?$positional_parameter_base@DV?$stream_output_adapter@D@__crt_stdio_output@@@__crt_stdio_output@@IEAA_NAEA_J@Z 000000014001d6a8 f i libucrt:output.obj
 0001:0001c79c       ??$extract_argument_from_va_list@G_J@?$positional_parameter_base@DV?$string_output_adapter@D@__crt_stdio_output@@@__crt_stdio_output@@IEAA_NAEA_J@Z 000000014001d79c f i libucrt:output.obj
 0001:0001c890       ??$extract_argument_from_va_list@G_J@?$positional_parameter_base@_WV?$stream_output_adapter@_W@__crt_stdio_output@@@__crt_stdio_output@@IEAA_NAEA_J@Z 000000014001d890 f i libucrt:output.obj
 0001:0001c988       ??$extract_argument_from_va_list@G_J@?$positional_parameter_base@_WV?$string_output_adapter@_W@__crt_stdio_output@@@__crt_stdio_output@@IEAA_NAEA_J@Z 000000014001d988 f i libucrt:output.obj
 0001:0001ca80       ??$extract_argument_from_va_list@G_J@?$standard_base@DV?$stream_output_adapter@D@__crt_stdio_output@@@__crt_stdio_output@@IEAA_NAEA_J@Z 000000014001da80 f i libucrt:output.obj
 0001:0001ca98       ??$extract_argument_from_va_list@G_J@?$standard_base@DV?$string_output_adapter@D@__crt_stdio_output@@@__crt_stdio_output@@IEAA_NAEA_J@Z 000000014001da98 f i libucrt:output.obj
 0001:0001cab0       ??$extract_argument_from_va_list@G_J@?$standard_base@_WV?$stream_output_adapter@_W@__crt_stdio_output@@@__crt_stdio_output@@IEAA_NAEA_J@Z 000000014001dab0 f i libucrt:output.obj
 0001:0001cac8       ??$extract_argument_from_va_list@G_J@?$standard_base@_WV?$string_output_adapter@_W@__crt_stdio_output@@@__crt_stdio_output@@IEAA_NAEA_J@Z 000000014001dac8 f i libucrt:output.obj
 0001:0001cae0       ??$extract_argument_from_va_list@H_J@?$positional_parameter_base@DV?$stream_output_adapter@D@__crt_stdio_output@@@__crt_stdio_output@@IEAA_NAEA_J@Z 000000014001dae0 f i libucrt:output.obj
 0001:0001cbd4       ??$extract_argument_from_va_list@H_J@?$positional_parameter_base@DV?$string_output_adapter@D@__crt_stdio_output@@@__crt_stdio_output@@IEAA_NAEA_J@Z 000000014001dbd4 f i libucrt:output.obj
 0001:0001ccc8       ??$extract_argument_from_va_list@H_J@?$positional_parameter_base@_WV?$stream_output_adapter@_W@__crt_stdio_output@@@__crt_stdio_output@@IEAA_NAEA_J@Z 000000014001dcc8 f i libucrt:output.obj
 0001:0001cdbc       ??$extract_argument_from_va_list@H_J@?$positional_parameter_base@_WV?$string_output_adapter@_W@__crt_stdio_output@@@__crt_stdio_output@@IEAA_NAEA_J@Z 000000014001ddbc f i libucrt:output.obj
 0001:0001ceb0       ??$extract_argument_from_va_list@H_J@?$standard_base@DV?$stream_output_adapter@D@__crt_stdio_output@@@__crt_stdio_output@@IEAA_NAEA_J@Z 000000014001deb0 f i libucrt:output.obj
 0001:0001cec8       ??$extract_argument_from_va_list@H_J@?$standard_base@DV?$string_output_adapter@D@__crt_stdio_output@@@__crt_stdio_output@@IEAA_NAEA_J@Z 000000014001dec8 f i libucrt:output.obj
 0001:0001cee0       ??$extract_argument_from_va_list@H_J@?$standard_base@_WV?$stream_output_adapter@_W@__crt_stdio_output@@@__crt_stdio_output@@IEAA_NAEA_J@Z 000000014001dee0 f i libucrt:output.obj
 0001:0001cef8       ??$extract_argument_from_va_list@H_J@?$standard_base@_WV?$string_output_adapter@_W@__crt_stdio_output@@@__crt_stdio_output@@IEAA_NAEA_J@Z 000000014001def8 f i libucrt:output.obj
 0001:0001cf10       ??$extract_argument_from_va_list@I_J@?$positional_parameter_base@DV?$stream_output_adapter@D@__crt_stdio_output@@@__crt_stdio_output@@IEAA_NAEA_J@Z 000000014001df10 f i libucrt:output.obj
 0001:0001d000       ??$extract_argument_from_va_list@I_J@?$positional_parameter_base@DV?$string_output_adapter@D@__crt_stdio_output@@@__crt_stdio_output@@IEAA_NAEA_J@Z 000000014001e000 f i libucrt:output.obj
 0001:0001d0f0       ??$extract_argument_from_va_list@I_J@?$positional_parameter_base@_WV?$stream_output_adapter@_W@__crt_stdio_output@@@__crt_stdio_output@@IEAA_NAEA_J@Z 000000014001e0f0 f i libucrt:output.obj
 0001:0001d1e4       ??$extract_argument_from_va_list@I_J@?$positional_parameter_base@_WV?$string_output_adapter@_W@__crt_stdio_output@@@__crt_stdio_output@@IEAA_NAEA_J@Z 000000014001e1e4 f i libucrt:output.obj
 0001:0001d2d8       ??$extract_argument_from_va_list@I_J@?$standard_base@DV?$stream_output_adapter@D@__crt_stdio_output@@@__crt_stdio_output@@IEAA_NAEA_J@Z 000000014001e2d8 f i libucrt:output.obj
 0001:0001d2f0       ??$extract_argument_from_va_list@I_J@?$standard_base@DV?$string_output_adapter@D@__crt_stdio_output@@@__crt_stdio_output@@IEAA_NAEA_J@Z 000000014001e2f0 f i libucrt:output.obj
 0001:0001d308       ??$extract_argument_from_va_list@I_J@?$standard_base@_WV?$stream_output_adapter@_W@__crt_stdio_output@@@__crt_stdio_output@@IEAA_NAEA_J@Z 000000014001e308 f i libucrt:output.obj
[...]
 0002:0000d1c0       ??_R4DNameStatusNode@@6B@  00000001400701c0     libvcruntime:undname.obj
 0002:0000d1f0       ??_R3DNameStatusNode@@8    00000001400701f0     libvcruntime:undname.obj
 0002:0000d208       ??_R2DNameStatusNode@@8    0000000140070208     libvcruntime:undname.obj
 0002:0000d220       ??_R1A@?0A@EA@DNameStatusNode@@8 0000000140070220     libvcruntime:undname.obj
 0002:0000d250       ??_R4pairNode@@6B@         0000000140070250     libvcruntime:undname.obj
 0002:0000d280       ??_R3pairNode@@8           0000000140070280     libvcruntime:undname.obj
 0002:0000d298       ??_R2pairNode@@8           0000000140070298     libvcruntime:undname.obj
 0002:0000d2b0       ??_R1A@?0A@EA@pairNode@@8  00000001400702b0     libvcruntime:undname.obj
 0002:0000d2e0       ??_R4type_info@@6B@        00000001400702e0     LIBCMT:std_type_info_static.obj
 0002:0000d310       ??_R3type_info@@8          0000000140070310     LIBCMT:std_type_info_static.obj
 0002:0000d328       ??_R2type_info@@8          0000000140070328     LIBCMT:std_type_info_static.obj
 0002:0000d338       ??_R1A@?0A@EA@type_info@@8 0000000140070338     LIBCMT:std_type_info_static.obj
 0002:0000d5e8       __rtc_iaa                  00000001400705e8     LIBCMT:_initsect_.obj
 0002:0000d6f8       __rtc_izz                  00000001400706f8     LIBCMT:_initsect_.obj
 0002:0000d808       __rtc_taa                  0000000140070808     LIBCMT:_initsect_.obj
 0002:0000d918       __rtc_tzz                  0000000140070918     LIBCMT:_initsect_.obj
 0003:00000020       __security_cookie          0000000140077020     LIBCMT:gs_cookie.obj
 0003:00000028       __security_cookie_complement 0000000140077028     LIBCMT:gs_cookie.obj
 0003:00000034       _fltused                   0000000140077034     LIBCMT:fltused.obj
 0003:00000038       __scrt_native_dllmain_reason 0000000140077038     LIBCMT:utility.obj
 0003:0000003c       __scrt_default_matherr     000000014007703c     LIBCMT:matherr.obj
 0003:00000040       __isa_available            0000000140077040     LIBCMT:_cpu_disp_.obj
 0003:00000044       __isa_enabled              0000000140077044     LIBCMT:_cpu_disp_.obj
 0003:00000048       __memcpy_nt_iters          0000000140077048     LIBCMT:_cpu_disp_.obj
 0003:0000007c       __abort_behavior           000000014007707c     libucrt:abort.obj
 0003:00000090       __acrt_initial_multibyte_data 0000000140077090     libucrt:mbctype.obj
 0003:000006d0       __badioinfo                00000001400776d0     libucrt:ioinit.obj
 0003:0000071c       __mb_cur_max               000000014007771c     libucrt:nlsdata.obj
 0003:00000720       __acrt_initial_locale_data 0000000140077720     libucrt:nlsdata.obj
 0003:000008c0       __acrt_initial_locale_pointers 00000001400778c0     libucrt:nlsdata.obj
 0003:000008d4       __acrt_wide_c_locale_string 00000001400778d4     libucrt:nlsdata.obj
 0003:000008d8       _pctype                    00000001400778d8     libucrt:ctype.obj
 0003:000008e8       _pwctype                   00000001400778e8     libucrt:ctype.obj
 0003:00000900       __acrt_lconv_c             0000000140077900     libucrt:localeconv.obj
 0003:000009b8       __acrt_lconv               00000001400779b8     libucrt:localeconv.obj
 0003:000009c4       __acrt_lconv_static_decimal 00000001400779c4     libucrt:localeconv.obj
 0003:000009c8       __acrt_lconv_static_W_decimal 00000001400779c8     libucrt:localeconv.obj
 0003:000009cc       __globallocalestatus       00000001400779cc     libucrt:glstatus.obj
 0003:000009d0       _iob                       00000001400779d0     libucrt:_file.obj
 0003:00000c50       ??_R0?AVDNameNode@@@8      0000000140077c50     libvcruntime:undname.obj
 0003:00000c78       ??_R0?AVcharNode@@@8       0000000140077c78     libvcruntime:undname.obj
 0003:00000ca0       ??_R0?AVpcharNode@@@8      0000000140077ca0     libvcruntime:undname.obj
 0003:00000cc8       ??_R0?AVpDNameNode@@@8     0000000140077cc8     libvcruntime:undname.obj
 0003:00000cf0       ??_R0?AVDNameStatusNode@@@8 0000000140077cf0     libvcruntime:undname.obj
 0003:00000d20       ??_R0?AVpairNode@@@8       0000000140077d20     libvcruntime:undname.obj
 0003:00000d48       ??_R0?AVtype_info@@@8      0000000140077d48     LIBCMT:std_type_info_static.obj
 0003:00001598       __scrt_current_native_startup_state 0000000140078598     LIBCMT:utility.obj
 0003:000015a0       __scrt_native_startup_lock 00000001400785a0     LIBCMT:utility.obj
 0003:000015f0       ?__type_info_root_node@@3U__type_info_node@@A 00000001400785f0     LIBCMT:tncleanup.obj
 0003:00001608       ?_OptionsStorage@?1??__local_stdio_printf_options@@9@4_KA 0000000140078608     LIBCMT:default_local_stdio_options.obj
 0003:00001618       ?_OptionsStorage@?1??__local_stdio_scanf_options@@9@4_KA 0000000140078618     LIBCMT:default_local_stdio_options.obj
 0003:00001624       __scrt_debugger_hook_flag  0000000140078624     LIBCMT:utility_desktop.obj
 0003:00001628       __favor                    0000000140078628     LIBCMT:_cpu_disp_.obj
 0003:00001748       __pPurecall                0000000140078748     libvcruntime:purevirt_data.obj
 0003:00001758       ?pArgList@UnDecorator@@0PEAVReplicator@@EA 0000000140078758     libvcruntime:undname.obj
 0003:00001760       ?pZNameList@UnDecorator@@0PEAVReplicator@@EA 0000000140078760     libvcruntime:undname.obj
 0003:00001768       ?pTemplateArgList@UnDecorator@@0PEAVReplicator@@EA 0000000140078768     libvcruntime:undname.obj
 0003:00001770       ?gName@UnDecorator@@0PEBDEB 0000000140078770     libvcruntime:undname.obj
 0003:00001778       ?name@UnDecorator@@0PEBDEB 0000000140078778     libvcruntime:undname.obj
 0003:00001780       ?outputString@UnDecorator@@0PEADEA 0000000140078780     libvcruntime:undname.obj
 0003:00001788       ?maxStringLength@UnDecorator@@0HA 0000000140078788     libvcruntime:undname.obj
 0003:0000178c       ?disableFlags@UnDecorator@@0KA 000000014007878c     libvcruntime:undname.obj
 0003:00001790       ?fExplicitTemplateParams@UnDecorator@@0_NA 0000000140078790     libvcruntime:undname.obj
 0003:00001791       ?fGetTemplateArgumentList@UnDecorator@@0_NA 0000000140078791     libvcruntime:undname.obj
 0003:00001798       ?m_pGetParameter@UnDecorator@@0P6APEADJ@ZEA 0000000140078798     libvcruntime:undname.obj
 0003:00002328       _environ_table             0000000140079328     libucrt:environment_initialization.obj
 0003:00002330       _wenviron_table            0000000140079330     libucrt:environment_initialization.obj
 0003:00002340       __dcrt_initial_wide_environment 0000000140079340     libucrt:environment_initialization.obj
 0003:00002350       __dcrt_initial_narrow_environment 0000000140079350     libucrt:environment_initialization.obj
 0003:00002371       ?c_exit_complete@?1???R<lambda_6e4b09c48022b2350581041d5f6b0c4c>@@QEBA@XZ@4_NA 0000000140079371     libucrt:exit.obj
 0003:00002374       __acrt_locale_changed_data 0000000140079374     libucrt:wsetlocale.obj
 0003:0000237c       _commode                   000000014007937c     libucrt:ncommode.obj
 0003:00002380       __acrt_atexit_table        0000000140079380     libucrt:onexit.obj
 0003:000023a0       __acrt_at_quick_exit_table 00000001400793a0     libucrt:onexit.obj
 0003:000023bc       __fma3_is_available        00000001400793bc     libucrt:fma3_available.obj
 0003:000023c0       __use_fma3_lib             00000001400793c0     libucrt:fma3_available.obj
 0003:000023d8       __acrt_current_multibyte_data 00000001400793d8     libucrt:mbctype.obj
 0003:000023e0       _mbctype                   00000001400793e0     libucrt:mbctype.obj
 0003:000023e8       _mbcasemap                 00000001400793e8     libucrt:mbctype.obj
 0003:000023fc       __argc                     00000001400793fc     libucrt:argv_data.obj
 0003:00002400       __argv                     0000000140079400     libucrt:argv_data.obj
 0003:00002410       __wargv                    0000000140079410     libucrt:argv_data.obj
 0003:00002420       _acmdln                    0000000140079420     libucrt:argv_data.obj
 0003:00002430       _wcmdln                    0000000140079430     libucrt:argv_data.obj
 0003:00002440       _pgmptr                    0000000140079440     libucrt:argv_data.obj
 0003:00002450       _wpgmptr                   0000000140079450     libucrt:argv_data.obj
 0003:00002710       _fmode                     0000000140079710     libucrt:txtmode.obj
 0003:00002720       __pioinfo                  0000000140079720     libucrt:ioinit.obj
 0003:00002bec       _nhandle                   0000000140079bec     libucrt:ioinit.obj
 0003:00002bf0       __acrt_current_locale_data 0000000140079bf0     libucrt:nlsdata.obj
 0003:00002e11       __acrt_lconv_static_null   0000000140079e11     libucrt:localeconv.obj
 0003:00002e14       __acrt_lconv_static_W_null 0000000140079e14     libucrt:localeconv.obj
 0003:00002e18       __acrt_heap                0000000140079e18     libucrt:heap_handle.obj
 0003:00002e60       _nstream                   0000000140079e60     libucrt:_file.obj
 0003:00002e68       __piob                     0000000140079e68     libucrt:_file.obj
 0003:00002e74       _cflush                    0000000140079e74     libucrt:_file.obj
 0003:00002e78       __acrt_stdout_buffer       0000000140079e78     libucrt:_sftbuf.obj
 0003:00002e88       __acrt_stderr_buffer       0000000140079e88     libucrt:_sftbuf.obj
 0003:00002ea4       __scrt_ucrt_dll_is_in_use  0000000140079ea4     <common>
 0003:00002eb0       __dyn_tls_dtor_callback    0000000140079eb0     <common>
 0003:00002ec8       __dyn_tls_init_callback    0000000140079ec8     <common>
 0003:00002ee0       _pDestructExceptionObject  0000000140079ee0     <common>
 0005:00000000       __imp_StretchDIBits        000000014007f000     gdi32:GDI32.dll
 0005:00000008       \177GDI32_NULL_THUNK_DATA  000000014007f008     gdi32:GDI32.dll
 0005:00000060       __imp_SetFilePointerEx     000000014007f060     kernel32:KERNEL32.dll
 0005:00000068       __imp_RaiseException       000000014007f068     kernel32:KERNEL32.dll
 0005:00000070       __imp_GetConsoleMode       000000014007f070     kernel32:KERNEL32.dll
 0005:00000078       __imp_GetConsoleCP         000000014007f078     kernel32:KERNEL32.dll
 0005:00000080       __imp_CreateFileW          000000014007f080     kernel32:KERNEL32.dll
 0005:00000088       __imp_HeapReAlloc          000000014007f088     kernel32:KERNEL32.dll
 0005:00000090       __imp_HeapSize             000000014007f090     kernel32:KERNEL32.dll
 0005:00000098       __imp_SetConsoleCtrlHandler 000000014007f098     kernel32:KERNEL32.dll
 0005:000000a0       __imp_GetProcessHeap       000000014007f0a0     kernel32:KERNEL32.dll
 0005:000000a8       __imp_FlushFileBuffers     000000014007f0a8     kernel32:KERNEL32.dll
 0005:000000b0       __imp_TlsFree              000000014007f0b0     kernel32:KERNEL32.dll
 0005:000000b8       __imp_CreateFileA          000000014007f0b8     kernel32:KERNEL32.dll
 0005:000000c0       __imp_GetFileSizeEx        000000014007f0c0     kernel32:KERNEL32.dll
 0005:000000c8       __imp_ReadFile             000000014007f0c8     kernel32:KERNEL32.dll
 0005:000000d0       __imp_OutputDebugStringA   000000014007f0d0     kernel32:KERNEL32.dll
 0005:000000d8       __imp_CloseHandle          000000014007f0d8     kernel32:KERNEL32.dll
 0005:000000e0       __imp_QueryPerformanceCounter 000000014007f0e0     kernel32:KERNEL32.dll
 0005:000000e8       __imp_QueryPerformanceFrequency 000000014007f0e8     kernel32:KERNEL32.dll
 0005:000000f0       __imp_VirtualAlloc         000000014007f0f0     kernel32:KERNEL32.dll
 0005:000000f8       __imp_VirtualFree          000000014007f0f8     kernel32:KERNEL32.dll
 0005:00000100       __imp_GetProcAddress       000000014007f100     kernel32:KERNEL32.dll
 0005:00000108       __imp_LoadLibraryA         000000014007f108     kernel32:KERNEL32.dll
 0005:00000110       __imp_RtlCaptureContext    000000014007f110     kernel32:KERNEL32.dll
 0005:00000118       __imp_RtlLookupFunctionEntry 000000014007f118     kernel32:KERNEL32.dll
 0005:00000120       __imp_RtlVirtualUnwind     000000014007f120     kernel32:KERNEL32.dll
 0005:00000128       __imp_UnhandledExceptionFilter 000000014007f128     kernel32:KERNEL32.dll
 0005:00000130       __imp_SetUnhandledExceptionFilter 000000014007f130     kernel32:KERNEL32.dll
 0005:00000138       __imp_GetCurrentProcess    000000014007f138     kernel32:KERNEL32.dll
 0005:00000140       __imp_TerminateProcess     000000014007f140     kernel32:KERNEL32.dll
 0005:00000148       __imp_IsProcessorFeaturePresent 000000014007f148     kernel32:KERNEL32.dll
 0005:00000150       __imp_GetCurrentProcessId  000000014007f150     kernel32:KERNEL32.dll
 0005:00000158       __imp_GetCurrentThreadId   000000014007f158     kernel32:KERNEL32.dll
 0005:00000160       __imp_GetSystemTimeAsFileTime 000000014007f160     kernel32:KERNEL32.dll
 0005:00000168       __imp_InitializeSListHead  000000014007f168     kernel32:KERNEL32.dll
 0005:00000170       __imp_IsDebuggerPresent    000000014007f170     kernel32:KERNEL32.dll
 0005:00000178       __imp_GetStartupInfoW      000000014007f178     kernel32:KERNEL32.dll
 0005:00000180       __imp_GetModuleHandleW     000000014007f180     kernel32:KERNEL32.dll
 0005:00000188       __imp_LCMapStringW         000000014007f188     kernel32:KERNEL32.dll
 0005:00000190       __imp_RtlUnwindEx          000000014007f190     kernel32:KERNEL32.dll
 0005:00000198       __imp_InterlockedPushEntrySList 000000014007f198     kernel32:KERNEL32.dll
 0005:000001a0       __imp_InterlockedFlushSList 000000014007f1a0     kernel32:KERNEL32.dll
 0005:000001a8       __imp_GetLastError         000000014007f1a8     kernel32:KERNEL32.dll
 0005:000001b0       __imp_SetLastError         000000014007f1b0     kernel32:KERNEL32.dll
 0005:000001b8       __imp_EnterCriticalSection 000000014007f1b8     kernel32:KERNEL32.dll
 0005:000001c0       __imp_LeaveCriticalSection 000000014007f1c0     kernel32:KERNEL32.dll
 0005:000001c8       __imp_DeleteCriticalSection 000000014007f1c8     kernel32:KERNEL32.dll
 0005:000001d0       __imp_InitializeCriticalSectionAndSpinCount 000000014007f1d0     kernel32:KERNEL32.dll
 0005:000001d8       __imp_TlsAlloc             000000014007f1d8     kernel32:KERNEL32.dll
 0005:000001e0       __imp_TlsGetValue          000000014007f1e0     kernel32:KERNEL32.dll
 0005:000001e8       __imp_TlsSetValue          000000014007f1e8     kernel32:KERNEL32.dll
 0005:000001f0       __imp_WriteConsoleW        000000014007f1f0     kernel32:KERNEL32.dll
 0005:000001f8       __imp_FreeLibrary          000000014007f1f8     kernel32:KERNEL32.dll
 0005:00000200       __imp_LoadLibraryExW       000000014007f200     kernel32:KERNEL32.dll
 0005:00000208       __imp_GetStdHandle         000000014007f208     kernel32:KERNEL32.dll
 0005:00000210       __imp_WriteFile            000000014007f210     kernel32:KERNEL32.dll
 0005:00000218       __imp_GetModuleFileNameW   000000014007f218     kernel32:KERNEL32.dll
 0005:00000220       __imp_GetModuleFileNameA   000000014007f220     kernel32:KERNEL32.dll
 0005:00000228       __imp_MultiByteToWideChar  000000014007f228     kernel32:KERNEL32.dll
 0005:00000230       __imp_WideCharToMultiByte  000000014007f230     kernel32:KERNEL32.dll
 0005:00000238       __imp_ExitProcess          000000014007f238     kernel32:KERNEL32.dll
 0005:00000240       __imp_GetModuleHandleExW   000000014007f240     kernel32:KERNEL32.dll
 0005:00000248       __imp_GetACP               000000014007f248     kernel32:KERNEL32.dll
 0005:00000250       __imp_HeapFree             000000014007f250     kernel32:KERNEL32.dll
 0005:00000258       __imp_HeapAlloc            000000014007f258     kernel32:KERNEL32.dll
 0005:00000260       __imp_GetCurrentThread     000000014007f260     kernel32:KERNEL32.dll
 0005:00000268       __imp_FindClose            000000014007f268     kernel32:KERNEL32.dll
 0005:00000270       __imp_FindFirstFileExA     000000014007f270     kernel32:KERNEL32.dll
 0005:00000278       __imp_FindFirstFileExW     000000014007f278     kernel32:KERNEL32.dll
 0005:00000280       __imp_FindNextFileA        000000014007f280     kernel32:KERNEL32.dll
 0005:00000288       __imp_FindNextFileW        000000014007f288     kernel32:KERNEL32.dll
 0005:00000290       __imp_IsValidCodePage      000000014007f290     kernel32:KERNEL32.dll
 0005:00000298       __imp_GetOEMCP             000000014007f298     kernel32:KERNEL32.dll
 0005:000002a0       __imp_GetCPInfo            000000014007f2a0     kernel32:KERNEL32.dll
 0005:000002a8       __imp_GetCommandLineA      000000014007f2a8     kernel32:KERNEL32.dll
 0005:000002b0       __imp_GetCommandLineW      000000014007f2b0     kernel32:KERNEL32.dll
 0005:000002b8       __imp_GetEnvironmentStringsW 000000014007f2b8     kernel32:KERNEL32.dll
 0005:000002c0       __imp_FreeEnvironmentStringsW 000000014007f2c0     kernel32:KERNEL32.dll
 0005:000002c8       __imp_SetEnvironmentVariableA 000000014007f2c8     kernel32:KERNEL32.dll
 0005:000002d0       __imp_SetEnvironmentVariableW 000000014007f2d0     kernel32:KERNEL32.dll
 0005:000002d8       __imp_SetStdHandle         000000014007f2d8     kernel32:KERNEL32.dll
 0005:000002e0       __imp_GetFileType          000000014007f2e0     kernel32:KERNEL32.dll
 0005:000002e8       __imp_GetStringTypeW       000000014007f2e8     kernel32:KERNEL32.dll
 0005:000002f0       __imp_GetLocaleInfoW       000000014007f2f0     kernel32:KERNEL32.dll
 0005:000002f8       __imp_IsValidLocale        000000014007f2f8     kernel32:KERNEL32.dll
 0005:00000300       __imp_GetUserDefaultLCID   000000014007f300     kernel32:KERNEL32.dll
 0005:00000308       __imp_EnumSystemLocalesW   000000014007f308     kernel32:KERNEL32.dll
 0005:00000310       __imp_OutputDebugStringW   000000014007f310     kernel32:KERNEL32.dll
 0005:00000318       __imp_GetDateFormatW       000000014007f318     kernel32:KERNEL32.dll
 0005:00000320       __imp_GetTimeFormatW       000000014007f320     kernel32:KERNEL32.dll
 0005:00000328       __imp_CompareStringW       000000014007f328     kernel32:KERNEL32.dll
 0005:00000330       \177KERNEL32_NULL_THUNK_DATA 000000014007f330     kernel32:KERNEL32.dll
 0005:00000418       __imp_DispatchMessageA     000000014007f418     user32:USER32.dll
 0005:00000420       __imp_GetClientRect        000000014007f420     user32:USER32.dll
 0005:00000428       __imp_EndPaint             000000014007f428     user32:USER32.dll
 0005:00000430       __imp_BeginPaint           000000014007f430     user32:USER32.dll
 0005:00000438       __imp_GetDC                000000014007f438     user32:USER32.dll
 0005:00000440       __imp_CreateWindowExA      000000014007f440     user32:USER32.dll
 0005:00000448       __imp_RegisterClassA       000000014007f448     user32:USER32.dll
 0005:00000450       __imp_DefWindowProcA       000000014007f450     user32:USER32.dll
 0005:00000458       __imp_PeekMessageA         000000014007f458     user32:USER32.dll
 0005:00000460       __imp_TranslateMessage     000000014007f460     user32:USER32.dll
 0005:00000468       \177USER32_NULL_THUNK_DATA 000000014007f468     user32:USER32.dll
 0005:000004d0       __IMPORT_DESCRIPTOR_USER32 000000014007f4d0     user32:USER32.dll
 0005:000004e4       __IMPORT_DESCRIPTOR_GDI32  000000014007f4e4     gdi32:GDI32.dll
 0005:000004f8       __IMPORT_DESCRIPTOR_KERNEL32 000000014007f4f8     kernel32:KERNEL32.dll
 0005:0000050c       __NULL_IMPORT_DESCRIPTOR   000000014007f50c     user32:USER32.dll
 0006:00000000       __guard_check_icall_fptr   0000000140081000     LIBCMT:guard_support.obj
 0006:00000010       __guard_dispatch_icall_fptr 0000000140081010     LIBCMT:guard_support.obj
 0006:00000020       __guard_ss_verify_failure_fptr 0000000140081020     LIBCMT:guard_support.obj
 0006:00000030       __guard_ss_verify_sp_fptr  0000000140081030     LIBCMT:guard_support.obj
