 win32_hh

 Timestamp is 5aa92317 (Wed Mar 14 16:26:47 2018)

 Preferred load address is 0000000140000000

 Start         Length     Name                   Class
 0001:00000000 0005f310H .text$mn                CODE
 0001:0005f310 00001110H .text$mn$00             CODE
 0001:00060420 00001791H .text$x                 CODE
 0002:00000000 00000110H .CRT$XCA                DATA
 0002:00000110 00000110H .CRT$XCAA               DATA
 0002:00000220 00000110H .CRT$XCZ                DATA
 0002:00000330 00000110H .CRT$XIA                DATA
 0002:00000440 00000110H .CRT$XIAA               DATA
 0002:00000550 00000110H .CRT$XIAC               DATA
 0002:00000660 00000130H .CRT$XIC                DATA
 0002:00000790 00000110H .CRT$XIZ                DATA
 0002:000008a0 00000110H .CRT$XPA                DATA
 0002:000009b0 00000120H .CRT$XPX                DATA
 0002:00000ad0 00000110H .CRT$XPXA               DATA
 0002:00000be0 00000110H .CRT$XPZ                DATA
 0002:00000cf0 00000110H .CRT$XTA                DATA
 0002:00000e00 00000110H .CRT$XTZ                DATA
 0002:00000f10 0000c040H .rdata                  DATA
 0002:0000cf50 000004ecH .rdata$r                DATA
 0002:0000d43c 00000174H .rdata$zzzdbg           DATA
 0002:0000d5b0 00000110H .rtc$IAA                DATA
 0002:0000d6c0 00000110H .rtc$IZZ                DATA
 0002:0000d7d0 00000110H .rtc$TAA                DATA
 0002:0000d8e0 00000110H .rtc$TZZ                DATA
 0002:0000d9f0 00005812H .xdata                  DATA
 0002:00013202 00000000H .edata                  DATA
 0003:00000000 00000c50H .data                   DATA
 0003:00000c50 00000230H .data$r                 DATA
 0003:00000e80 00002071H .bss                    DATA
 0004:00000000 000047d0H .pdata                  DATA
 0005:00000000 000004d0H .idata$5                DATA
 0005:000004d0 0000003cH .idata$2                DATA
 0005:0000050c 00000014H .idata$3                DATA
 0005:00000520 000004d0H .idata$4                DATA
 0005:000009f0 00000942H .idata$6                DATA
 0006:00000000 0000013fH .00cfg                  DATA

  Address         Publics by Value              Rva+Base               Lib:Object

 0000:00000000       __guard_iat_count          0000000000000000     <absolute>
 0000:00000000       __hybrid_code_map          0000000000000000     <absolute>
 0000:00000000       __dynamic_value_reloc_table 0000000000000000     <absolute>
 0000:00000000       ___safe_se_handler_count   0000000000000000     <absolute>
 0000:00000000       __guard_longjmp_count      0000000000000000     <absolute>
 0000:00000000       ___safe_se_handler_table   0000000000000000     <absolute>
 0000:00000000       __guard_iat_table          0000000000000000     <absolute>
 0000:00000000       __hybrid_code_map_count    0000000000000000     <absolute>
 0000:00000000       __enclave_config           0000000000000000     <absolute>
 0000:00000000       __guard_longjmp_table      0000000000000000     <absolute>
 0000:00000000       __guard_fids_count         0000000000000000     <absolute>
 0000:00000000       __guard_fids_table         0000000000000000     <absolute>
 0000:00000000       __hybrid_auxiliary_iat     0000000000000000     <absolute>
 0000:00000100       __guard_flags              0000000000000100     <absolute>
 0000:00000000       __ImageBase                0000000140000000     <linker-defined>
 0001:000052f4       ?XInputGetStateStub@@YAKKPEAU_XINPUT_STATE@@@Z 00000001400062f4 f   win32_hh.obj
 0001:000052fc       ?XInputSetStateStub@@YAKKPEAU_XINPUT_VIBRATION@@@Z 00000001400062fc f   win32_hh.obj
 0001:00005858       ?GetController@@YAPEAUgame_controller_input@@PEAUgame_input@@I@Z 0000000140006858 f i win32_hh.obj
 0001:00005908       ?SafeTruncateUInt64@@YAI_K@Z 0000000140006908 f i win32_hh.obj
 0001:0000637c       WinMain                    000000014000737c f   win32_hh.obj
 0001:00006c0b       TranslateMessage           0000000140007c0b f   user32:USER32.dll
 0001:00006c11       DispatchMessageA           0000000140007c11 f   user32:USER32.dll
 0001:00006c17       PeekMessageA               0000000140007c17 f   user32:USER32.dll
 0001:00006c1d       DefWindowProcA             0000000140007c1d f   user32:USER32.dll
 0001:00006c23       RegisterClassA             0000000140007c23 f   user32:USER32.dll
 0001:00006c29       CreateWindowExA            0000000140007c29 f   user32:USER32.dll
 0001:00006c2f       GetDC                      0000000140007c2f f   user32:USER32.dll
 0001:00006c35       BeginPaint                 0000000140007c35 f   user32:USER32.dll
 0001:00006c3b       EndPaint                   0000000140007c3b f   user32:USER32.dll
 0001:00006c41       GetClientRect              0000000140007c41 f   user32:USER32.dll
 0001:00006c47       StretchDIBits              0000000140007c47 f   gdi32:GDI32.dll
 0001:00006c50       __GSHandlerCheck           0000000140007c50 f   LIBCMT:_gshandler_.obj
 0001:00006c74       __GSHandlerCheckCommon     0000000140007c74 f   LIBCMT:_gshandler_.obj
 0001:00006d00       __security_check_cookie    0000000140007d00 f   LIBCMT:_amdsecgs_.obj
 0001:0000703c       ?configure_argv@__scrt_narrow_argv_policy@@SAHXZ 000000014000803c f i LIBCMT:exe_winmain.obj
 0001:00007058       ?initialize_environment@__scrt_narrow_environment_policy@@SAHXZ 0000000140008058 f i LIBCMT:exe_winmain.obj
 0001:00007098       ?set_app_type@__scrt_winmain_policy@@SAXXZ 0000000140008098 f i LIBCMT:exe_winmain.obj
 0001:000070a4       ?set_commode@__scrt_file_policy@@SAXXZ 00000001400080a4 f i LIBCMT:exe_winmain.obj
 0001:000070c8       ?set_fmode@__scrt_file_policy@@SAXXZ 00000001400080c8 f i LIBCMT:exe_winmain.obj
 0001:000070e4       WinMainCRTStartup          00000001400080e4 f   LIBCMT:exe_winmain.obj
 0001:000070fc       __raise_securityfailure    00000001400080fc f   LIBCMT:gs_report.obj
 0001:00007140       __report_gsfailure         0000000140008140 f   LIBCMT:gs_report.obj
 0001:00007248       __report_rangecheckfailure 0000000140008248 f   LIBCMT:gs_report.obj
 0001:00007260       __report_securityfailure   0000000140008260 f   LIBCMT:gs_report.obj
 0001:00007324       __report_securityfailureEx 0000000140008324 f   LIBCMT:gs_report.obj
 0001:00007590       ??$__crt_fast_decode_pointer@PEAP6AXXZ@@YAPEAP6AXXZQEAP6AXXZ@Z 0000000140008590 f i LIBCMT:utility.obj
 0001:000075ac       ??$__crt_fast_encode_pointer@PEAP6AXXZ@@YAPEAP6AXXZQEAP6AXXZ@Z 00000001400085ac f i LIBCMT:utility.obj
 0001:000075d4       ?__crt_rotate_pointer_value@@YA_K_KH@Z 00000001400085d4 f i LIBCMT:utility.obj
 0001:00007678       NtCurrentTeb               0000000140008678 f i LIBCMT:utility.obj
 0001:00007684       __scrt_acquire_startup_lock 0000000140008684 f   LIBCMT:utility.obj
 0001:000076cc       __scrt_dllmain_after_initialize_c 00000001400086cc f   LIBCMT:utility.obj
 0001:00007710       __scrt_dllmain_before_initialize_c 0000000140008710 f   LIBCMT:utility.obj
 0001:0000772c       __scrt_dllmain_crt_thread_attach 000000014000872c f   LIBCMT:utility.obj
 0001:00007760       __scrt_dllmain_crt_thread_detach 0000000140008760 f   LIBCMT:utility.obj
 0001:0000777c       __scrt_dllmain_exception_filter 000000014000877c f   LIBCMT:utility.obj
 0001:000077f8       __scrt_dllmain_uninitialize_c 00000001400087f8 f   LIBCMT:utility.obj
 0001:00007834       __scrt_dllmain_uninitialize_critical 0000000140008834 f   LIBCMT:utility.obj
 0001:00007850       __scrt_initialize_crt      0000000140008850 f   LIBCMT:utility.obj
 0001:000078ac       __scrt_initialize_onexit_tables 00000001400088ac f   LIBCMT:utility.obj
 0001:000079c4       __scrt_is_nonwritable_in_current_image 00000001400089c4 f   LIBCMT:utility.obj
 0001:00007a84       __scrt_release_startup_lock 0000000140008a84 f   LIBCMT:utility.obj
 0001:00007ab4       __scrt_uninitialize_crt    0000000140008ab4 f   LIBCMT:utility.obj
 0001:00007aec       _onexit                    0000000140008aec f   LIBCMT:utility.obj
 0001:00007b50       at_quick_exit              0000000140008b50 f   LIBCMT:utility.obj
 0001:00007b94       atexit                     0000000140008b94 f   LIBCMT:utility.obj
 0001:00007c38       __security_init_cookie     0000000140008c38 f   LIBCMT:gs_support.obj
 0001:00007d10       _matherr                   0000000140008d10 f   LIBCMT:matherr.obj
 0001:00007d14       _get_startup_argv_mode     0000000140008d14 f   LIBCMT:argv_mode.obj
 0001:00007d1c       _get_startup_commit_mode   0000000140008d1c f   LIBCMT:commit_mode.obj
 0001:00007d20       _get_startup_file_mode     0000000140008d20 f   LIBCMT:file_mode.obj
 0001:00007d28       _get_startup_new_mode      0000000140008d28 f   LIBCMT:new_mode.obj
 0001:00007d2c       _get_startup_thread_locale_mode 0000000140008d2c f   LIBCMT:thread_locale.obj
 0001:00007d30       ?__scrt_initialize_type_info@@YAXXZ 0000000140008d30 f   LIBCMT:tncleanup.obj
 0001:00007d44       ?__scrt_uninitialize_type_info@@YAXXZ 0000000140008d44 f   LIBCMT:tncleanup.obj
 0001:00007d54       _should_initialize_environment 0000000140008d54 f   LIBCMT:env_mode.obj
 0001:00007d58       _initialize_invalid_parameter_handler 0000000140008d58 f   LIBCMT:invalid_parameter_handler.obj
 0001:00007d5c       _initialize_denormal_control 0000000140008d5c f   LIBCMT:denormal_control.obj
 0001:00007d60       __local_stdio_printf_options 0000000140008d60 f i LIBCMT:default_local_stdio_options.obj
 0001:00007d6c       __local_stdio_scanf_options 0000000140008d6c f i LIBCMT:default_local_stdio_options.obj
 0001:00007d78       __scrt_initialize_default_local_stdio_options 0000000140008d78 f   LIBCMT:default_local_stdio_options.obj
 0001:00007d9c       __scrt_is_user_matherr_present 0000000140008d9c f   LIBCMT:matherr_detection.obj
 0001:00007dac       __scrt_get_dyn_tls_init_callback 0000000140008dac f   LIBCMT:dyn_tls_init.obj
 0001:00007db8       __scrt_get_dyn_tls_dtor_callback 0000000140008db8 f   LIBCMT:dyn_tls_dtor.obj
 0001:00007dc4       __crt_debugger_hook        0000000140008dc4 f   LIBCMT:utility_desktop.obj
 0001:00007dd0       __scrt_fastfail            0000000140008dd0 f   LIBCMT:utility_desktop.obj
 0001:00007f6c       __scrt_get_show_window_mode 0000000140008f6c f   LIBCMT:utility_desktop.obj
 0001:00007fb4       __scrt_initialize_winrt    0000000140008fb4 f   LIBCMT:utility_desktop.obj
 0001:00007fb8       __scrt_is_managed_app      0000000140008fb8 f   LIBCMT:utility_desktop.obj
 0001:00008024       __scrt_set_unhandled_exception_filter 0000000140009024 f   LIBCMT:utility_desktop.obj
 0001:00008038       __scrt_unhandled_exception_filter 0000000140009038 f   LIBCMT:utility_desktop.obj
 0001:00008080       _RTC_Initialize            0000000140009080 f   LIBCMT:_initsect_.obj
 0001:000080dc       _RTC_Terminate             00000001400090dc f   LIBCMT:_initsect_.obj
 0001:00008138       _guard_check_icall         0000000140009138 f i LIBCMT:checkcfg.obj
 0001:00008140       __isa_available_init       0000000140009140 f   LIBCMT:_cpu_disp_.obj
 0001:00008368       __scrt_is_ucrt_dll_in_use  0000000140009368 f   LIBCMT:ucrt_detection.obj
 0001:00008378       _guard_check_icall_nop     0000000140009378 f i LIBCMT:guard_support.obj
 0001:0000837c       ReadNoFence64              000000014000937c f i LIBCMT:guard_support.obj
 0001:00008380       ReadPointerNoFence         0000000140009380 f i LIBCMT:guard_support.obj
 0001:00008384       __guard_ss_common_verify_stub 0000000140009384 f i LIBCMT:guard_support.obj
 0001:00008388       _guard_icall_checks_enforced 0000000140009388 f i LIBCMT:guard_support.obj
 0001:000083a4       _guard_rf_checks_enforced  00000001400093a4 f i LIBCMT:guard_support.obj
 0001:000083c0       CreateFileA                00000001400093c0 f   kernel32:KERNEL32.dll
 0001:000083c6       GetFileSizeEx              00000001400093c6 f   kernel32:KERNEL32.dll
 0001:000083cc       ReadFile                   00000001400093cc f   kernel32:KERNEL32.dll
 0001:000083d2       OutputDebugStringA         00000001400093d2 f   kernel32:KERNEL32.dll
 0001:000083d8       CloseHandle                00000001400093d8 f   kernel32:KERNEL32.dll
 0001:000083de       QueryPerformanceCounter    00000001400093de f   kernel32:KERNEL32.dll
 0001:000083e4       QueryPerformanceFrequency  00000001400093e4 f   kernel32:KERNEL32.dll
 0001:000083ea       VirtualAlloc               00000001400093ea f   kernel32:KERNEL32.dll
 0001:000083f0       VirtualFree                00000001400093f0 f   kernel32:KERNEL32.dll
 0001:000083f6       GetProcAddress             00000001400093f6 f   kernel32:KERNEL32.dll
 0001:000083fc       LoadLibraryA               00000001400093fc f   kernel32:KERNEL32.dll
 0001:00008402       RtlCaptureContext          0000000140009402 f   kernel32:KERNEL32.dll
 0001:00008408       RtlLookupFunctionEntry     0000000140009408 f   kernel32:KERNEL32.dll
 0001:0000840e       RtlVirtualUnwind           000000014000940e f   kernel32:KERNEL32.dll
 0001:00008414       UnhandledExceptionFilter   0000000140009414 f   kernel32:KERNEL32.dll
 0001:0000841a       SetUnhandledExceptionFilter 000000014000941a f   kernel32:KERNEL32.dll
 0001:00008420       GetCurrentProcess          0000000140009420 f   kernel32:KERNEL32.dll
 0001:00008426       TerminateProcess           0000000140009426 f   kernel32:KERNEL32.dll
 0001:0000842c       IsProcessorFeaturePresent  000000014000942c f   kernel32:KERNEL32.dll
 0001:00008432       GetCurrentProcessId        0000000140009432 f   kernel32:KERNEL32.dll
 0001:00008438       GetCurrentThreadId         0000000140009438 f   kernel32:KERNEL32.dll
 0001:0000843e       GetSystemTimeAsFileTime    000000014000943e f   kernel32:KERNEL32.dll
 0001:00008444       InitializeSListHead        0000000140009444 f   kernel32:KERNEL32.dll
 0001:0000844a       IsDebuggerPresent          000000014000944a f   kernel32:KERNEL32.dll
 0001:00008450       GetStartupInfoW            0000000140009450 f   kernel32:KERNEL32.dll
 0001:00008456       GetModuleHandleW           0000000140009456 f   kernel32:KERNEL32.dll
 0001:00008470       memset                     0000000140009470 f   libvcruntime:memset.obj
 0001:00008690       __C_specific_handler       0000000140009690 f   libvcruntime:_riscchandler_.obj
 0001:00008920       __vcrt_initialize          0000000140009920 f   libvcruntime:initialization.obj
 0001:00008960       __vcrt_thread_attach       0000000140009960 f   libvcruntime:initialization.obj
 0001:0000897c       __vcrt_thread_detach       000000014000997c f   libvcruntime:initialization.obj
 0001:00008994       __vcrt_uninitialize        0000000140009994 f   libvcruntime:initialization.obj
 0001:000089bc       __vcrt_uninitialize_critical 00000001400099bc f   libvcruntime:initialization.obj
 0001:000089e4       ??$?RD@__crt_internal_free_policy@@QEBAXQEBD@Z 00000001400099e4 f i libvcruntime:std_type_info.obj
 0001:000089f0       ??$?RX@__crt_internal_free_policy@@QEBAXQEBX@Z 00000001400099f0 f i libvcruntime:std_type_info.obj
 0001:000089fc       ??$__crt_interlocked_compare_exchange_pointer@$$CBDPEAD$$T@@YAPEBDPEDSEBDQEAD$$T@Z 00000001400099fc f i libvcruntime:std_type_info.obj
 0001:00008a08       ??$__crt_interlocked_read_pointer@$$CBD@@YAPEBDPEDSEBD@Z 0000000140009a08 f i libvcruntime:std_type_info.obj
 0001:00008a0c       ??0?$__crt_unique_heap_ptr@DU__crt_internal_free_policy@@@@QEAA@QEAD@Z 0000000140009a0c f i libvcruntime:std_type_info.obj
 0001:00008a14       ??0?$__crt_unique_heap_ptr@XU__crt_internal_free_policy@@@@QEAA@QEAX@Z 0000000140009a14 f i libvcruntime:std_type_info.obj
 0001:00008a1c       ??1?$__crt_unique_heap_ptr@DU__crt_internal_free_policy@@@@QEAA@XZ 0000000140009a1c f i libvcruntime:std_type_info.obj
 0001:00008a40       ??1?$__crt_unique_heap_ptr@XU__crt_internal_free_policy@@@@QEAA@XZ 0000000140009a40 f i libvcruntime:std_type_info.obj
 0001:00008a7c       ??B?$__crt_unique_heap_ptr@DU__crt_internal_free_policy@@@@QEBA_NXZ 0000000140009a7c f i libvcruntime:std_type_info.obj
 0001:00008a88       ??B?$__crt_unique_heap_ptr@XU__crt_internal_free_policy@@@@QEBA_NXZ 0000000140009a88 f i libvcruntime:std_type_info.obj
 0001:00008aac       ?__crt_interlocked_read_64@@YA_JPED_J@Z 0000000140009aac f i libvcruntime:std_type_info.obj
 0001:00008ab0       ?detach@?$__crt_unique_heap_ptr@XU__crt_internal_free_policy@@@@QEAAPEAXXZ 0000000140009ab0 f i libvcruntime:std_type_info.obj
 0001:00008abc       ?get@?$__crt_unique_heap_ptr@DU__crt_internal_free_policy@@@@QEBAPEADXZ 0000000140009abc f i libvcruntime:std_type_info.obj
 0001:00008ac0       ?get@?$__crt_unique_heap_ptr@XU__crt_internal_free_policy@@@@QEBAPEAXXZ 0000000140009ac0 f i libvcruntime:std_type_info.obj
 0001:00008ac4       ?is_valid@?$__crt_unique_heap_ptr@DU__crt_internal_free_policy@@@@QEBA_NXZ 0000000140009ac4 f i libvcruntime:std_type_info.obj
 0001:00008ad0       ?is_valid@?$__crt_unique_heap_ptr@XU__crt_internal_free_policy@@@@QEBA_NXZ 0000000140009ad0 f i libvcruntime:std_type_info.obj
 0001:00008adc       ?release@?$__crt_unique_heap_ptr@DU__crt_internal_free_policy@@@@QEAAXXZ 0000000140009adc f i libvcruntime:std_type_info.obj
 0001:00008b00       ?release@?$__crt_unique_heap_ptr@XU__crt_internal_free_policy@@@@QEAAXXZ 0000000140009b00 f i libvcruntime:std_type_info.obj
 0001:00008b24       __std_type_info_compare    0000000140009b24 f   libvcruntime:std_type_info.obj
 0001:00008b54       __std_type_info_destroy_list 0000000140009b54 f   libvcruntime:std_type_info.obj
 0001:00008b88       __std_type_info_hash       0000000140009b88 f   libvcruntime:std_type_info.obj
 0001:00008bd4       __std_type_info_name       0000000140009bd4 f   libvcruntime:std_type_info.obj
 0001:00008d50       _local_unwind              0000000140009d50 f   libvcruntime:_jmpuwind_.obj
 0001:00008d80       _NLG_Notify                0000000140009d80 f   libvcruntime:_jmpuwind_.obj
 0001:00008da0       __NLG_Dispatch2            0000000140009da0 f   libvcruntime:_jmpuwind_.obj
 0001:00008db0       __NLG_Return2              0000000140009db0 f   libvcruntime:_jmpuwind_.obj
 0001:00008dd8       __except_validate_context_record 0000000140009dd8 f   libvcruntime:jbcxrval.obj
 0001:00008e1c       __except_validate_jump_buffer 0000000140009e1c f   libvcruntime:jbcxrval.obj
 0001:00008e6c       __except_validate_jump_buffer_common 0000000140009e6c f i libvcruntime:jbcxrval.obj
 0001:00008ef0       ??$?RU__vcrt_ptd@@@__crt_internal_free_policy@@QEBAXQEBU__vcrt_ptd@@@Z 0000000140009ef0 f i libvcruntime:per_thread_data.obj
 0001:00008efc       ??0?$__crt_unique_heap_ptr@U__vcrt_ptd@@U__crt_internal_free_policy@@@@QEAA@QEAU__vcrt_ptd@@@Z 0000000140009efc f i libvcruntime:per_thread_data.obj
 0001:00008f24       ??1?$__crt_unique_heap_ptr@U__vcrt_ptd@@U__crt_internal_free_policy@@@@QEAA@XZ 0000000140009f24 f i libvcruntime:per_thread_data.obj
 0001:00008f54       ??B?$__crt_unique_heap_ptr@U__vcrt_ptd@@U__crt_internal_free_policy@@@@QEBA_NXZ 0000000140009f54 f i libvcruntime:per_thread_data.obj
 0001:00008f60       ?detach@?$__crt_unique_heap_ptr@U__vcrt_ptd@@U__crt_internal_free_policy@@@@QEAAPEAU__vcrt_ptd@@XZ 0000000140009f60 f i libvcruntime:per_thread_data.obj
 0001:00008f6c       ?get@?$__crt_unique_heap_ptr@U__vcrt_ptd@@U__crt_internal_free_policy@@@@QEBAPEAU__vcrt_ptd@@XZ 0000000140009f6c f i libvcruntime:per_thread_data.obj
 0001:00008f70       ?is_valid@?$__crt_unique_heap_ptr@U__vcrt_ptd@@U__crt_internal_free_policy@@@@QEBA_NXZ 0000000140009f70 f i libvcruntime:per_thread_data.obj
 0001:00008f7c       ?release@?$__crt_unique_heap_ptr@U__vcrt_ptd@@U__crt_internal_free_policy@@@@QEAAXXZ 0000000140009f7c f i libvcruntime:per_thread_data.obj
 0001:00008fc4       __vcrt_freefls             0000000140009fc4 f   libvcruntime:per_thread_data.obj
 0001:00008fec       __vcrt_freeptd             0000000140009fec f   libvcruntime:per_thread_data.obj
 0001:0000904c       __vcrt_getptd              000000014000a04c f   libvcruntime:per_thread_data.obj
 0001:0000906c       __vcrt_getptd_noexit       000000014000a06c f   libvcruntime:per_thread_data.obj
 0001:00009154       __vcrt_getptd_noinit       000000014000a154 f   libvcruntime:per_thread_data.obj
 0001:000091b4       __vcrt_initialize_ptd      000000014000a1b4 f   libvcruntime:per_thread_data.obj
 0001:0000921c       __vcrt_uninitialize_ptd    000000014000a21c f   libvcruntime:per_thread_data.obj
 0001:00009248       __vcrt_initialize_locks    000000014000a248 f   libvcruntime:locks.obj
 0001:000092a0       __vcrt_lock                000000014000a2a0 f   libvcruntime:locks.obj
 0001:000092c0       __vcrt_uninitialize_locks  000000014000a2c0 f   libvcruntime:locks.obj
 0001:00009304       __vcrt_unlock              000000014000a304 f   libvcruntime:locks.obj
 0001:00009324       ??$?BX@__crt_fast_encoded_nullptr_t@@QEBAPEAXXZ 000000014000a324 f i libvcruntime:winapi_downlevel.obj
 0001:00009348       ??$__crt_fast_decode_pointer@PEAX@@YAPEAXQEAX@Z 000000014000a348 f i libvcruntime:winapi_downlevel.obj
 0001:00009364       ??$__crt_fast_encode_pointer@PEAX@@YAPEAXQEAX@Z 000000014000a364 f i libvcruntime:winapi_downlevel.obj
 0001:0000938c       ??$__crt_interlocked_exchange_pointer@UHINSTANCE__@@PEAU1@@@YAPEAUHINSTANCE__@@PEDSEAU0@QEAU0@@Z 000000014000a38c f i libvcruntime:winapi_downlevel.obj
 0001:00009394       ??$__crt_interlocked_exchange_pointer@UHINSTANCE__@@PEAX@@YAPEAUHINSTANCE__@@PEDSEAU0@QEAX@Z 000000014000a394 f i libvcruntime:winapi_downlevel.obj
 0001:0000939c       ??$__crt_interlocked_exchange_pointer@XPEAX@@YAPEAXPEDSEAXQEAX@Z 000000014000a39c f i libvcruntime:winapi_downlevel.obj
 0001:000093a4       ??$__crt_interlocked_read_pointer@UHINSTANCE__@@@@YAPEAUHINSTANCE__@@PEDSEAU0@@Z 000000014000a3a4 f i libvcruntime:winapi_downlevel.obj
 0001:000093a8       ??$__crt_interlocked_read_pointer@X@@YAPEAXPEDSEAX@Z 000000014000a3a8 f i libvcruntime:winapi_downlevel.obj
 0001:000093ac       ?__crt_fast_encode_pointer@@YA?AU__crt_fast_encoded_nullptr_t@@$$T@Z 000000014000a3ac f i libvcruntime:winapi_downlevel.obj
 0001:00009b80       __vcrt_FlsAlloc            000000014000ab80 f   libvcruntime:winapi_downlevel.obj
 0001:00009be8       __vcrt_FlsFree             000000014000abe8 f   libvcruntime:winapi_downlevel.obj
 0001:00009c54       __vcrt_FlsGetValue         000000014000ac54 f   libvcruntime:winapi_downlevel.obj
 0001:00009cc0       __vcrt_FlsSetValue         000000014000acc0 f   libvcruntime:winapi_downlevel.obj
 0001:00009d40       __vcrt_InitializeCriticalSectionEx 000000014000ad40 f   libvcruntime:winapi_downlevel.obj
 0001:00009dd4       __vcrt_initialize_winapi_thunks 000000014000add4 f   libvcruntime:winapi_downlevel.obj
 0001:00009e28       __vcrt_uninitialize_winapi_thunks 000000014000ae28 f   libvcruntime:winapi_downlevel.obj
 0001:00009e78       ??$?B$$A6AXXZ@__crt_fast_encoded_nullptr_t@@QEBAP6AXXZXZ 000000014000ae78 f i libvcruntime:purevirt_data.obj
 0001:00009e9c       ??$__crt_fast_encode_pointer@P6AXXZ@@YAP6AXXZQ6AXXZ@Z 000000014000ae9c f i libvcruntime:purevirt_data.obj
 0001:00009ec4       __vcrt_initialize_pure_virtual_call_handler 000000014000aec4 f   libvcruntime:purevirt_data.obj
 0001:00009ef0       ??$__vcrt_va_start_verify_argument_type@QEBD@@YAXXZ 000000014000aef0 f i libvcruntime:undname.obj
 0001:00009ef4       ??0Block@_HeapManager@@QEAA@XZ 000000014000aef4 f i libvcruntime:undname.obj
 0001:00009f00       ??0DName@@QEAA@AEAPEBDD@Z  000000014000af00 f   libvcruntime:undname.obj
 0001:0000a010       ??0DName@@QEAA@AEBV0@@Z    000000014000b010 f i libvcruntime:undname.obj
 0001:0000a024       ??0DName@@QEAA@D@Z         000000014000b024 f   libvcruntime:undname.obj
 0001:0000a064       ??0DName@@QEAA@PEAV0@@Z    000000014000b064 f   libvcruntime:undname.obj
 0001:0000a10c       ??0DName@@QEAA@PEBD@Z      000000014000b10c f   libvcruntime:undname.obj
 0001:0000a15c       ??0DName@@QEAA@W4DNameStatus@@@Z 000000014000b15c f   libvcruntime:undname.obj
 0001:0000a194       ??0DName@@QEAA@XZ          000000014000b194 f i libvcruntime:undname.obj
 0001:0000a1a4       ??0DName@@QEAA@_J@Z        000000014000b1a4 f   libvcruntime:undname.obj
 0001:0000a274       ??0DName@@QEAA@_K@Z        000000014000b274 f   libvcruntime:undname.obj
 0001:0000a320       ??0DNameNode@@IEAA@XZ      000000014000b320 f i libvcruntime:undname.obj
 0001:0000a334       ??0Replicator@@QEAA@XZ     000000014000b334 f i libvcruntime:undname.obj
 0001:0000a33c       ??0UnDecorator@@QEAA@PEADPEBDHP6APEADJ@ZK@Z 000000014000b33c f i libvcruntime:undname.obj
 0001:0000a3b8       ??0charNode@@QEAA@D@Z      000000014000b3b8 f i libvcruntime:undname.obj
 0001:0000a3d0       ??0pDNameNode@@QEAA@PEAVDName@@@Z 000000014000b3d0 f   libvcruntime:undname.obj
 0001:0000a400       ??0pairNode@@QEAA@PEBVDNameNode@@0@Z 000000014000b400 f i libvcruntime:undname.obj
 0001:0000a420       ??0pcharNode@@QEAA@PEBDH@Z 000000014000b420 f   libvcruntime:undname.obj
 0001:0000a4cc       ??2@YAPEAX_KAEAV_HeapManager@@H@Z 000000014000b4cc f i libvcruntime:undname.obj
 0001:0000a4e0       ??4DName@@QEAAAEAV0@AEBV0@@Z 000000014000b4e0 f   libvcruntime:undname.obj
 0001:0000a4f4       ??4DName@@QEAAAEAV0@D@Z    000000014000b4f4 f i libvcruntime:undname.obj
 0001:0000a534       ??4DName@@QEAAAEAV0@PEAV0@@Z 000000014000b534 f   libvcruntime:undname.obj
 0001:0000a5d4       ??4DName@@QEAAAEAV0@PEBD@Z 000000014000b5d4 f   libvcruntime:undname.obj
 0001:0000a618       ??4DName@@QEAAAEAV0@W4DNameStatus@@@Z 000000014000b618 f   libvcruntime:undname.obj
 0001:0000a640       ??AReplicator@@QEBA?AVDName@@H@Z 000000014000b640 f   libvcruntime:undname.obj
 0001:0000a690       ??BUnDecorator@@QEAAPEADXZ 000000014000b690 f i libvcruntime:undname.obj
 0001:0000a8e4       ??H@YA?AVDName@@DAEBV0@@Z  000000014000b8e4 f i libvcruntime:undname.obj
 0001:0000a928       ??H@YA?AVDName@@PEBDAEBV0@@Z 000000014000b928 f i libvcruntime:undname.obj
 0001:0000a96c       ??H@YA?AVDName@@W4DNameStatus@@AEBV0@@Z 000000014000b96c f i libvcruntime:undname.obj
 0001:0000a9c8       ??HDName@@QEBA?AV0@AEBV0@@Z 000000014000b9c8 f   libvcruntime:undname.obj
 0001:0000a9fc       ??HDName@@QEBA?AV0@D@Z     000000014000b9fc f   libvcruntime:undname.obj
 0001:0000aa30       ??HDName@@QEBA?AV0@PEAV0@@Z 000000014000ba30 f   libvcruntime:undname.obj
 0001:0000aa64       ??HDName@@QEBA?AV0@PEBD@Z  000000014000ba64 f   libvcruntime:undname.obj
 0001:0000aa98       ??HDName@@QEBA?AV0@W4DNameStatus@@@Z 000000014000ba98 f   libvcruntime:undname.obj
 0001:0000aacc       ??YDName@@QEAAAEAV0@AEBV0@@Z 000000014000bacc f   libvcruntime:undname.obj
 0001:0000ab24       ??YDName@@QEAAAEAV0@D@Z    000000014000bb24 f   libvcruntime:undname.obj
 0001:0000abc0       ??YDName@@QEAAAEAV0@PEAV0@@Z 000000014000bbc0 f   libvcruntime:undname.obj
 0001:0000ac7c       ??YDName@@QEAAAEAV0@PEBD@Z 000000014000bc7c f   libvcruntime:undname.obj
 0001:0000ad28       ??YDName@@QEAAAEAV0@W4DNameStatus@@@Z 000000014000bd28 f   libvcruntime:undname.obj
 0001:0000adb0       ??YReplicator@@QEAAAEAV0@AEBVDName@@@Z 000000014000bdb0 f   libvcruntime:undname.obj
 0001:0000ae30       ??_5DName@@QEAAAEAV0@AEBV0@@Z 000000014000be30 f   libvcruntime:undname.obj
 0001:0000ae4c       ?Constructor@_HeapManager@@QEAAXP6APEAX_K@ZP6AXPEAX@Z@Z 000000014000be4c f i libvcruntime:undname.obj
 0001:0000ae68       ?Destructor@_HeapManager@@QEAAXXZ 000000014000be68 f i libvcruntime:undname.obj
 0001:0000aedc       ?UScore@UnDecorator@@SAPEBDW4Tokens@@@Z 000000014000bedc f   libvcruntime:undname.obj
 0001:0000af04       ?append@DName@@AEAAXPEBVDNameNode@@@Z 000000014000bf04 f   libvcruntime:undname.obj
 0001:0000af80       ?composeDeclaration@UnDecorator@@CA?AVDName@@AEBV2@@Z 000000014000bf80 f i libvcruntime:undname.obj
 0001:0000bcfc       ?Win32MainWindowCallback@@YA_JPEAUHWND__@@I_K_J@Z 000000014000ccfc f   win32_hh.obj
 0001:0000c05c       ?doAccessSpecifiers@UnDecorator@@SAHXZ 000000014000d05c f i libvcruntime:undname.obj
 0001:0000c070       ?doAllocationLanguage@UnDecorator@@SAHXZ 000000014000d070 f i libvcruntime:undname.obj
 0001:0000c084       ?doAllocationModel@UnDecorator@@SAHXZ 000000014000d084 f i libvcruntime:undname.obj
 0001:0000c098       ?doEcsu@UnDecorator@@SAHXZ 000000014000d098 f i libvcruntime:undname.obj
 0001:0000c0ac       ?doEllipsis@UnDecorator@@SAHXZ 000000014000d0ac f i libvcruntime:undname.obj
 0001:0000c0c0       ?doFunctionReturns@UnDecorator@@SAHXZ 000000014000d0c0 f i libvcruntime:undname.obj
 0001:0000c0d4       ?doMSKeywords@UnDecorator@@SAHXZ 000000014000d0d4 f i libvcruntime:undname.obj
 0001:0000c0e8       ?doMemberTypes@UnDecorator@@SAHXZ 000000014000d0e8 f i libvcruntime:undname.obj
 0001:0000c0fc       ?doNameOnly@UnDecorator@@SAHXZ 000000014000d0fc f i libvcruntime:undname.obj
 0001:0000c10c       ?doNoIdentCharCheck@UnDecorator@@SAHXZ 000000014000d10c f i libvcruntime:undname.obj
 0001:0000c11c       ?doPchar@DName@@AEAAXPEBDH@Z 000000014000d11c f   libvcruntime:undname.obj
 0001:0000c1ec       ?doPtr64@UnDecorator@@SAHXZ 000000014000d1ec f i libvcruntime:undname.obj
 0001:0000c200       ?doRestrictionSpec@UnDecorator@@SAHXZ 000000014000d200 f i libvcruntime:undname.obj
 0001:0000c214       ?doThisTypes@UnDecorator@@SAHXZ 000000014000d214 f i libvcruntime:undname.obj
 0001:0000c22c       ?doThrowTypes@UnDecorator@@SAHXZ 000000014000d22c f i libvcruntime:undname.obj
 0001:0000c240       ?doTypeOnly@UnDecorator@@SAHXZ 000000014000d240 f i libvcruntime:undname.obj
 0001:0000c250       ?doUnderScore@UnDecorator@@SAHXZ 000000014000d250 f i libvcruntime:undname.obj
 0001:0000c260       ?getArgumentList@UnDecorator@@CA?AVDName@@XZ 000000014000d260 f   libvcruntime:undname.obj
 0001:0000c3d8       ?getArgumentTypes@UnDecorator@@CA?AVDName@@XZ 000000014000d3d8 f   libvcruntime:undname.obj
 0001:0000c51c       ?getArrayType@UnDecorator@@CA?AVDName@@AEBV2@@Z 000000014000d51c f i libvcruntime:undname.obj
 0001:0000c804       ?getBasedType@UnDecorator@@CA?AVDName@@XZ 000000014000d804 f   libvcruntime:undname.obj
 0001:0000c900       ?getBasicDataType@UnDecorator@@CA?AVDName@@AEBV2@@Z 000000014000d900 f   libvcruntime:undname.obj
 0001:0000ce70       ?getCallIndex@UnDecorator@@CA?AVDName@@XZ 000000014000de70 f i libvcruntime:undname.obj
 0001:0000ce90       ?getCallingConvention@UnDecorator@@CA?AVDName@@XZ 000000014000de90 f   libvcruntime:undname.obj
 0001:0000cff0       ?getDataIndirectType@UnDecorator@@CA?AVDName@@AEBV2@PEBD0H@Z 000000014000dff0 f   libvcruntime:undname.obj
 0001:0000d994       ?getDataIndirectType@UnDecorator@@CA?AVDName@@XZ 000000014000e994 f i libvcruntime:undname.obj
 0001:0000d9e4       ?getDataType@UnDecorator@@CA?AVDName@@PEAV2@@Z 000000014000e9e4 f   libvcruntime:undname.obj
 0001:0000db04       ?getDecoratedName@UnDecorator@@CA?AVDName@@XZ 000000014000eb04 f   libvcruntime:undname.obj
 0001:0000de50       ?getDimension@UnDecorator@@CA?AVDName@@_N@Z 000000014000ee50 f   libvcruntime:undname.obj
 0001:0000e01c       ?getDispatchTarget@UnDecorator@@CA?AVDName@@XZ 000000014000f01c f   libvcruntime:undname.obj
 0001:0000e07c       ?getDisplacement@UnDecorator@@CA?AVDName@@XZ 000000014000f07c f i libvcruntime:undname.obj
 0001:0000e09c       ?getECSUDataType@UnDecorator@@CA?AVDName@@XZ 000000014000f09c f   libvcruntime:undname.obj
 0001:0000e254       ?getECSUName@UnDecorator@@CA?AVDName@@XZ 000000014000f254 f i libvcruntime:undname.obj
 0001:0000e270       ?getEnumType@UnDecorator@@CA?AVDName@@XZ 000000014000f270 f i libvcruntime:undname.obj
 0001:0000e3b0       ?getExtendedDataIndirectType@UnDecorator@@CA?AVDName@@AEAPEBDAEA_NH@Z 000000014000f3b0 f   libvcruntime:undname.obj
 0001:0000e66c       ?getExternalDataType@UnDecorator@@CA?AVDName@@AEBV2@@Z 000000014000f66c f i libvcruntime:undname.obj
 0001:0000e764       ?getFunctionIndirectType@UnDecorator@@CA?AVDName@@AEBV2@@Z 000000014000f764 f   libvcruntime:undname.obj
 0001:0000ee0c       ?getGuardNumber@UnDecorator@@CA?AVDName@@XZ 000000014000fe0c f i libvcruntime:undname.obj
 0001:0000ee2c       ?getLastChar@DName@@QEBADXZ 000000014000fe2c f i libvcruntime:undname.obj
 0001:0000ee70       ?getLastChar@DNameStatusNode@@UEBADXZ 000000014000fe70 f i libvcruntime:undname.obj
 0001:0000ee80       ?getLastChar@charNode@@UEBADXZ 000000014000fe80 f i libvcruntime:undname.obj
 0001:0000ee84       ?getLastChar@pDNameNode@@UEBADXZ 000000014000fe84 f i libvcruntime:undname.obj
 0001:0000eed0       ?getLastChar@pairNode@@UEBADXZ 000000014000fed0 f i libvcruntime:undname.obj
 0001:0000ef3c       ?getLastChar@pcharNode@@UEBADXZ 000000014000ff3c f i libvcruntime:undname.obj
 0001:0000ef58       ?getLexicalFrame@UnDecorator@@CA?AVDName@@XZ 000000014000ff58 f i libvcruntime:undname.obj
 0001:0000efe8       ?getMemory@_HeapManager@@QEAAPEAX_KH@Z 000000014000ffe8 f   libvcruntime:undname.obj
 0001:0000f0c8       ?getNoexcept@UnDecorator@@CA?AVDName@@XZ 00000001400100c8 f   libvcruntime:undname.obj
 0001:0000f120       ?getNumberOfDimensions@UnDecorator@@CAHXZ 0000000140010120 f   libvcruntime:undname.obj
 0001:0000f1b0       ?getOperatorName@UnDecorator@@CA?AVDName@@_NPEA_N@Z 00000001400101b0 f i libvcruntime:undname.obj
 0001:0000fb18       ?getPointerType@UnDecorator@@CA?AVDName@@AEBV2@0@Z 0000000140010b18 f i libvcruntime:undname.obj
 0001:0000fb40       ?getPointerTypeArray@UnDecorator@@CA?AVDName@@AEBV2@0@Z 0000000140010b40 f i libvcruntime:undname.obj
 0001:0000fb68       ?getPrimaryDataType@UnDecorator@@CA?AVDName@@AEBV2@@Z 0000000140010b68 f   libvcruntime:undname.obj
 0001:0000fe58       ?getPtrRefDataType@UnDecorator@@CA?AVDName@@AEBV2@H@Z 0000000140010e58 f   libvcruntime:undname.obj
 0001:00010014       ?getPtrRefType@UnDecorator@@CA?AVDName@@AEBV2@0PEBD@Z 0000000140011014 f   libvcruntime:undname.obj
 0001:00010198       ?getReferenceType@UnDecorator@@CA?AVDName@@AEBV2@0PEBD@Z 0000000140011198 f i libvcruntime:undname.obj
 0001:000101b4       ?getRestrictionSpec@UnDecorator@@CA?AVDName@@XZ 00000001400111b4 f   libvcruntime:undname.obj
 0001:0001034c       ?getReturnType@UnDecorator@@CA?AVDName@@PEAV2@@Z 000000014001134c f   libvcruntime:undname.obj
 0001:00010390       ?getScope@UnDecorator@@CA?AVDName@@XZ 0000000140011390 f   libvcruntime:undname.obj
 0001:00010928       ?getScopedName@UnDecorator@@CA?AVDName@@XZ 0000000140011928 f   libvcruntime:undname.obj
 0001:00010a6c       ?getSignedDimension@UnDecorator@@CA?AVDName@@XZ 0000000140011a6c f   libvcruntime:undname.obj
 0001:00010b28       ?getStorageConvention@UnDecorator@@CA?AVDName@@XZ 0000000140011b28 f i libvcruntime:undname.obj
 0001:00010b78       ?getString@DName@@QEBAPEADPEAD0@Z 0000000140011b78 f i libvcruntime:undname.obj
 0001:00010be4       ?getString@DName@@QEBAPEADPEADH@Z 0000000140011be4 f i libvcruntime:undname.obj
 0001:00010cc0       ?getString@DNameStatusNode@@UEBAPEADPEAD0@Z 0000000140011cc0 f i libvcruntime:undname.obj
 0001:00010d18       ?getString@charNode@@UEBAPEADPEAD0@Z 0000000140011d18 f i libvcruntime:undname.obj
 0001:00010d30       ?getString@pDNameNode@@UEBAPEADPEAD0@Z 0000000140011d30 f i libvcruntime:undname.obj
 0001:00010da8       ?getString@pairNode@@UEBAPEADPEAD0@Z 0000000140011da8 f i libvcruntime:undname.obj
 0001:00010e4c       ?getString@pcharNode@@UEBAPEADPEAD0@Z 0000000140011e4c f i libvcruntime:undname.obj
 0001:00010e90       ?getStringEncoding@UnDecorator@@CA?AVDName@@PEBDH@Z 0000000140011e90 f   libvcruntime:undname.obj
 0001:00010f98       ?getStringHelper@@YAPEADPEADPEBD1H@Z 0000000140011f98 f i libvcruntime:undname.obj
 0001:00010fd0       ?getSymbolName@UnDecorator@@CA?AVDName@@XZ 0000000140011fd0 f i libvcruntime:undname.obj
 0001:00011030       ?getTemplateArgumentList@UnDecorator@@CA?AVDName@@XZ 0000000140012030 f   libvcruntime:undname.obj
 0001:00011430       ?getTemplateConstant@UnDecorator@@CA?AVDName@@XZ 0000000140012430 f   libvcruntime:undname.obj
 0001:000118f8       ?getTemplateName@UnDecorator@@CA?AVDName@@_N@Z 00000001400128f8 f   libvcruntime:undname.obj
 0001:00011b8c       ?getThisType@UnDecorator@@CA?AVDName@@XZ 0000000140012b8c f i libvcruntime:undname.obj
 0001:00011be0       ?getThrowTypes@UnDecorator@@CA?AVDName@@XZ 0000000140012be0 f   libvcruntime:undname.obj
 0001:00011c0c       ?getTypeEncoding@UnDecorator@@CAHXZ 0000000140012c0c f i libvcruntime:undname.obj
 0001:00012038       ?getVCallThunkType@UnDecorator@@CA?AVDName@@XZ 0000000140013038 f i libvcruntime:undname.obj
 0001:000120ac       ?getVbTableType@UnDecorator@@CA?AVDName@@AEBV2@@Z 00000001400130ac f i libvcruntime:undname.obj
 0001:000120c8       ?getVdispMapType@UnDecorator@@CA?AVDName@@AEBV2@@Z 00000001400130c8 f i libvcruntime:undname.obj
 0001:00012140       ?getVfTableType@UnDecorator@@CA?AVDName@@AEBV2@@Z 0000000140013140 f i libvcruntime:undname.obj
 0001:000123bc       ?getZName@UnDecorator@@CA?AVDName@@_N0@Z 00000001400133bc f   libvcruntime:undname.obj
 0001:00012768       ?haveTemplateParameters@UnDecorator@@SAHXZ 0000000140013768 f i libvcruntime:undname.obj
 0001:00012778       ?isArray@DName@@QEBAHXZ    0000000140013778 f i libvcruntime:undname.obj
 0001:00012784       ?isComArray@DName@@QEBAHXZ 0000000140013784 f i libvcruntime:undname.obj
 0001:00012790       ?isEmpty@DName@@QEBAHXZ    0000000140013790 f i libvcruntime:undname.obj
 0001:0001279c       ?isFull@Replicator@@QEBAHXZ 000000014001379c f i libvcruntime:undname.obj
 0001:000127a8       ?isNoTE@DName@@QEBAHXZ     00000001400137a8 f i libvcruntime:undname.obj
 0001:000127b4       ?isPinPtr@DName@@QEBAHXZ   00000001400137b4 f i libvcruntime:undname.obj
 0001:000127c0       ?isPtrRef@DName@@QEBAHXZ   00000001400137c0 f i libvcruntime:undname.obj
 0001:000127cc       ?isUDC@DName@@QEBAHXZ      00000001400137cc f i libvcruntime:undname.obj
 0001:000127e8       ?isUDTThunk@DName@@QEBAHXZ 00000001400137e8 f i libvcruntime:undname.obj
 0001:00012804       ?isVCallThunk@DName@@QEBAHXZ 0000000140013804 f i libvcruntime:undname.obj
 0001:00012810       ?isValid@DName@@QEBAHXZ    0000000140013810 f i libvcruntime:undname.obj
 0001:0001281c       ?length@DName@@QEBAHXZ     000000014001381c f i libvcruntime:undname.obj
 0001:00012860       ?length@DNameStatusNode@@UEBAHXZ 0000000140013860 f i libvcruntime:undname.obj
 0001:00012864       ?length@charNode@@UEBAHXZ  0000000140013864 f i libvcruntime:undname.obj
 0001:0001286c       ?length@pDNameNode@@UEBAHXZ 000000014001386c f i libvcruntime:undname.obj
 0001:000128b8       ?length@pairNode@@UEBAHXZ  00000001400138b8 f i libvcruntime:undname.obj
 0001:0001293c       ?length@pcharNode@@UEBAHXZ 000000014001393c f i libvcruntime:undname.obj
 0001:00012940       ?make@DNameStatusNode@@SAPEBV1@W4DNameStatus@@@Z 0000000140013940 f i libvcruntime:undname.obj
 0001:00012968       ?setIsArray@DName@@QEAAXXZ 0000000140013968 f i libvcruntime:undname.obj
 0001:00012970       ?setIsComArray@DName@@QEAAXXZ 0000000140013970 f i libvcruntime:undname.obj
 0001:00012978       ?setIsNoTE@DName@@QEAAXXZ  0000000140013978 f i libvcruntime:undname.obj
 0001:00012980       ?setIsPinPtr@DName@@QEAAXXZ 0000000140013980 f i libvcruntime:undname.obj
 0001:00012988       ?setIsUDC@DName@@QEAAXXZ   0000000140013988 f i libvcruntime:undname.obj
 0001:00012998       ?setIsVCallThunk@DName@@QEAAXXZ 0000000140013998 f i libvcruntime:undname.obj
 0001:000129a0       ?setPtrRef@DName@@QEAAAEAV1@XZ 00000001400139a0 f i libvcruntime:undname.obj
 0001:000129ac       ?status@DName@@QEBA?AW4DNameStatus@@XZ 00000001400139ac f i libvcruntime:undname.obj
 0001:00012a24       __unDName                  0000000140013a24 f   libvcruntime:undname.obj
 0001:00012b78       __unDNameEx                0000000140013b78 f   libvcruntime:undname.obj
 0001:00012cd4       _vsprintf_s_l              0000000140013cd4 f i libvcruntime:undname.obj
 0001:00012d50       sprintf_s                  0000000140013d50 f i libvcruntime:undname.obj
 0001:00012db8       ??$__crt_fast_decode_pointer@P6AXXZ@@YAP6AXXZQ6AXXZ@Z 0000000140013db8 f i libvcruntime:purevirt.obj
 0001:00012dd4       ??$__crt_interlocked_exchange_pointer@$$A6AXXZP6AXXZ@@YAP6AXXZPEDS6AXXZQ6AXXZ@Z 0000000140013dd4 f i libvcruntime:purevirt.obj
 0001:00012ddc       ??$__crt_interlocked_read_pointer@$$A6AXXZ@@YAP6AXXZPEDS6AXXZ@Z 0000000140013ddc f i libvcruntime:purevirt.obj
 0001:00012de0       _get_purecall_handler      0000000140013de0 f   libvcruntime:purevirt.obj
 0001:00012e00       _purecall                  0000000140013e00 f   libvcruntime:purevirt.obj
 0001:00012e44       _set_purecall_handler      0000000140013e44 f   libvcruntime:purevirt.obj
 0001:00012e90       sinf                       0000000140013e90 f   libucrt:sinf.obj
 0001:00013768       _seh_filter_dll            0000000140014768 f   libucrt:exception_filter.obj
 0001:00013780       _seh_filter_exe            0000000140014780 f   libucrt:exception_filter.obj
 0001:00013a7c       __acrt_report_runtime_error 0000000140014a7c f   libucrt:report_runtime_error.obj
 0001:00013c9c       _invoke_watson_if_error    0000000140014c9c f i libucrt:report_runtime_error.obj
 0001:00013cdc       _query_app_type            0000000140014cdc f   libucrt:report_runtime_error.obj
 0001:00013ce4       _set_app_type              0000000140014ce4 f   libucrt:report_runtime_error.obj
 0001:00013cec       ??$__crt_fast_decode_pointer@P6AHPEAU_exception@@@Z@@YAP6AHPEAU_exception@@@ZQ6AH0@Z@Z 0000000140014cec f i libucrt:matherr.obj
 0001:00013d08       ??$__crt_fast_encode_pointer@P6AHPEAU_exception@@@Z@@YAP6AHPEAU_exception@@@ZQ6AH0@Z@Z 0000000140014d08 f i libucrt:matherr.obj
 0001:00013d30       ?get_current_state_index@__crt_state_management@@YA_KXZ 0000000140014d30 f i libucrt:matherr.obj
 0001:00013d34       ?initialize@?$dual_state_global@P6AHPEAU_exception@@@Z@__crt_state_management@@QEAAXQ6AHPEAU_exception@@@Z@Z 0000000140014d34 f i libucrt:matherr.obj
 0001:00013d68       ?value@?$dual_state_global@P6AHPEAU_exception@@@Z@__crt_state_management@@QEAAAEAP6AHPEAU_exception@@@ZXZ 0000000140014d68 f i libucrt:matherr.obj
 0001:00013d6c       __acrt_has_user_matherr    0000000140014d6c f   libucrt:matherr.obj
 0001:00013d90       __acrt_initialize_user_matherr 0000000140014d90 f   libucrt:matherr.obj
 0001:00013d9c       __acrt_invoke_user_matherr 0000000140014d9c f   libucrt:matherr.obj
 0001:00013dd8       __setusermatherr           0000000140014dd8 f   libucrt:matherr.obj
 0001:00013e08       ??$?RE@__crt_internal_free_policy@@QEBAXQEBE@Z 0000000140014e08 f i libucrt:argv_parsing.obj
 0001:00013e14       ??$?RPEAD@__crt_internal_free_policy@@QEBAXQEBQEAD@Z 0000000140014e14 f i libucrt:argv_parsing.obj
 0001:00013e20       ??$?RPEA_W@__crt_internal_free_policy@@QEBAXQEBQEA_W@Z 0000000140014e20 f i libucrt:argv_parsing.obj
 0001:000141d0       ??$get_module_file_name@$$TAEAY0BAF@DH@?$__crt_char_traits@D@@SAK$$QEA$$TAEAY0BAF@D$$QEAH@Z 00000001400151d0 f i libucrt:argv_parsing.obj
 0001:000141e0       ??$get_module_file_name@$$TAEAY0BAF@_WH@?$__crt_char_traits@_W@@SAK$$QEA$$TAEAY0BAF@_W$$QEAH@Z 00000001400151e0 f i libucrt:argv_parsing.obj
 0001:00014618       ??$set_program_name@PEAD@?$__crt_char_traits@D@@SAX$$QEAPEAD@Z 0000000140015618 f i libucrt:argv_parsing.obj
 0001:00014628       ??$set_program_name@PEA_W@?$__crt_char_traits@_W@@SAX$$QEAPEA_W@Z 0000000140015628 f i libucrt:argv_parsing.obj
 0001:00014648       ??0?$__crt_unique_heap_ptr@EU__crt_internal_free_policy@@@@QEAA@QEAE@Z 0000000140015648 f i libucrt:argv_parsing.obj
 0001:00014650       ??0?$__crt_unique_heap_ptr@PEADU__crt_internal_free_policy@@@@QEAA@QEAPEAD@Z 0000000140015650 f i libucrt:argv_parsing.obj
 0001:00014658       ??0?$__crt_unique_heap_ptr@PEA_WU__crt_internal_free_policy@@@@QEAA@QEAPEA_W@Z 0000000140015658 f i libucrt:argv_parsing.obj
 0001:00014660       ??1?$__crt_unique_heap_ptr@EU__crt_internal_free_policy@@@@QEAA@XZ 0000000140015660 f i libucrt:argv_parsing.obj
 0001:00014684       ??1?$__crt_unique_heap_ptr@PEADU__crt_internal_free_policy@@@@QEAA@XZ 0000000140015684 f i libucrt:argv_parsing.obj
 0001:000146a8       ??1?$__crt_unique_heap_ptr@PEA_WU__crt_internal_free_policy@@@@QEAA@XZ 00000001400156a8 f i libucrt:argv_parsing.obj
 0001:000146cc       ??B?$__crt_unique_heap_ptr@EU__crt_internal_free_policy@@@@QEBA_NXZ 00000001400156cc f i libucrt:argv_parsing.obj
 0001:00014720       ?detach@?$__crt_unique_heap_ptr@EU__crt_internal_free_policy@@@@QEAAPEAEXZ 0000000140015720 f i libucrt:argv_parsing.obj
 0001:0001472c       ?detach@?$__crt_unique_heap_ptr@PEADU__crt_internal_free_policy@@@@QEAAPEAPEADXZ 000000014001572c f i libucrt:argv_parsing.obj
 0001:00014738       ?detach@?$__crt_unique_heap_ptr@PEA_WU__crt_internal_free_policy@@@@QEAAPEAPEA_WXZ 0000000140015738 f i libucrt:argv_parsing.obj
 0001:00014760       ?get@?$__crt_unique_heap_ptr@EU__crt_internal_free_policy@@@@QEBAPEAEXZ 0000000140015760 f i libucrt:argv_parsing.obj
 0001:00014764       ?get@?$__crt_unique_heap_ptr@PEADU__crt_internal_free_policy@@@@QEBAPEAPEADXZ 0000000140015764 f i libucrt:argv_parsing.obj
 0001:00014768       ?get@?$__crt_unique_heap_ptr@PEA_WU__crt_internal_free_policy@@@@QEBAPEAPEA_WXZ 0000000140015768 f i libucrt:argv_parsing.obj
 0001:0001476c       ?get_address_of@?$__crt_unique_heap_ptr@PEADU__crt_internal_free_policy@@@@QEAAPEAPEAPEADXZ 000000014001576c f i libucrt:argv_parsing.obj
 0001:00014770       ?get_address_of@?$__crt_unique_heap_ptr@PEA_WU__crt_internal_free_policy@@@@QEAAPEAPEAPEA_WXZ 0000000140015770 f i libucrt:argv_parsing.obj
 0001:000147a4       ?is_valid@?$__crt_unique_heap_ptr@EU__crt_internal_free_policy@@@@QEBA_NXZ 00000001400157a4 f i libucrt:argv_parsing.obj
 0001:000147b0       ?release@?$__crt_unique_heap_ptr@EU__crt_internal_free_policy@@@@QEAAXXZ 00000001400157b0 f i libucrt:argv_parsing.obj
 0001:000147d4       ?release@?$__crt_unique_heap_ptr@PEADU__crt_internal_free_policy@@@@QEAAXXZ 00000001400157d4 f i libucrt:argv_parsing.obj
 0001:000147f8       ?release@?$__crt_unique_heap_ptr@PEA_WU__crt_internal_free_policy@@@@QEAAXXZ 00000001400157f8 f i libucrt:argv_parsing.obj
 0001:0001483c       __acrt_allocate_buffer_for_argv 000000014001583c f   libucrt:argv_parsing.obj
 0001:000148b0       _configure_narrow_argv     00000001400158b0 f   libucrt:argv_parsing.obj
 0001:00014a98       _configure_wide_argv       0000000140015a98 f   libucrt:argv_parsing.obj
 0001:00014c7c       _set_pgmptr                0000000140015c7c f i libucrt:argv_parsing.obj
 0001:00014c88       _set_wpgmptr               0000000140015c88 f i libucrt:argv_parsing.obj
 0001:00014c94       ??$?R_W@__crt_internal_free_policy@@QEBAXQEB_W@Z 0000000140015c94 f i libucrt:environment_initialization.obj
 0001:000152f8       ??$get_environment_from_os@$$V@?$__crt_char_traits@D@@SAPEADXZ 00000001400162f8 f i libucrt:environment_initialization.obj
 0001:00015300       ??$get_environment_from_os@$$V@?$__crt_char_traits@_W@@SAPEA_WXZ 0000000140016300 f i libucrt:environment_initialization.obj
 0001:000154ec       ??$set_variable_in_environment_nolock@PEADH@?$__crt_char_traits@D@@SAH$$QEAPEAD$$QEAH@Z 00000001400164ec f i libucrt:environment_initialization.obj
 0001:000154f8       ??$set_variable_in_environment_nolock@PEA_WH@?$__crt_char_traits@_W@@SAH$$QEAPEA_W$$QEAH@Z 00000001400164f8 f i libucrt:environment_initialization.obj
 0001:00015504       ??$tcscpy_s@PEADAEB_KAEAPEAD@?$__crt_char_traits@D@@SAH$$QEAPEADAEB_KAEAPEAD@Z 0000000140016504 f i libucrt:environment_initialization.obj
 0001:00015518       ??$tcscpy_s@PEA_WAEB_KAEAPEA_W@?$__crt_char_traits@_W@@SAH$$QEAPEA_WAEB_KAEAPEA_W@Z 0000000140016518 f i libucrt:environment_initialization.obj
 0001:0001552c       ??$tcslen@AEAPEAD@?$__crt_char_traits@D@@SA_KAEAPEAD@Z 000000014001652c f i libucrt:environment_initialization.obj
 0001:00015544       ??$tcslen@AEAPEA_W@?$__crt_char_traits@_W@@SA_KAEAPEA_W@Z 0000000140016544 f i libucrt:environment_initialization.obj
 0001:0001555c       ??$uninitialize@A6AXAEAPEAPEAD@Z@?$dual_state_global@PEAPEAD@__crt_state_management@@QEAAXA6AXAEAPEAPEAD@Z@Z 000000014001655c f i libucrt:environment_initialization.obj
 0001:000155b0       ??$uninitialize@A6AXAEAPEAPEA_W@Z@?$dual_state_global@PEAPEA_W@__crt_state_management@@QEAAXA6AXAEAPEAPEA_W@Z@Z 00000001400165b0 f i libucrt:environment_initialization.obj
 0001:00015644       ??0?$__crt_unique_heap_ptr@_WU__crt_internal_free_policy@@@@QEAA@QEA_W@Z 0000000140016644 f i libucrt:environment_initialization.obj
 0001:0001564c       ??1?$__crt_unique_heap_ptr@_WU__crt_internal_free_policy@@@@QEAA@XZ 000000014001664c f i libucrt:environment_initialization.obj
 0001:00015670       ??B?$__crt_unique_heap_ptr@PEADU__crt_internal_free_policy@@@@QEBA_NXZ 0000000140016670 f i libucrt:environment_initialization.obj
 0001:0001567c       ??B?$__crt_unique_heap_ptr@PEA_WU__crt_internal_free_policy@@@@QEBA_NXZ 000000014001667c f i libucrt:environment_initialization.obj
 0001:00015688       ??B?$__crt_unique_heap_ptr@_WU__crt_internal_free_policy@@@@QEBA_NXZ 0000000140016688 f i libucrt:environment_initialization.obj
 0001:00015694       ?__crt_compute_required_transform_buffer_count@@YA_KIQEBD@Z 0000000140016694 f i libucrt:environment_initialization.obj
 0001:000156c4       ?__crt_compute_required_transform_buffer_count@@YA_KIQEB_W@Z 00000001400166c4 f i libucrt:environment_initialization.obj
 0001:00015700       ?__crt_transform_string@@YA_KIQEBDQEA_W_K@Z 0000000140016700 f i libucrt:environment_initialization.obj
 0001:00015730       ?__crt_transform_string@@YA_KIQEB_WQEAD_K@Z 0000000140016730 f i libucrt:environment_initialization.obj
 0001:0001576c       ?detach@?$__crt_unique_heap_ptr@DU__crt_internal_free_policy@@@@QEAAPEADXZ 000000014001676c f i libucrt:environment_initialization.obj
 0001:00015778       ?detach@?$__crt_unique_heap_ptr@_WU__crt_internal_free_policy@@@@QEAAPEA_WXZ 0000000140016778 f i libucrt:environment_initialization.obj
 0001:00015784       ?get@?$__crt_unique_heap_ptr@_WU__crt_internal_free_policy@@@@QEBAPEA_WXZ 0000000140016784 f i libucrt:environment_initialization.obj
 0001:000157d0       ?initialize@?$dual_state_global@PEAPEAD@__crt_state_management@@QEAAXQEAPEAD@Z 00000001400167d0 f i libucrt:environment_initialization.obj
 0001:00015804       ?initialize@?$dual_state_global@PEAPEA_W@__crt_state_management@@QEAAXQEAPEA_W@Z 0000000140016804 f i libucrt:environment_initialization.obj
 0001:00015838       ?is_valid@?$__crt_unique_heap_ptr@PEADU__crt_internal_free_policy@@@@QEBA_NXZ 0000000140016838 f i libucrt:environment_initialization.obj
 0001:00015844       ?is_valid@?$__crt_unique_heap_ptr@PEA_WU__crt_internal_free_policy@@@@QEBA_NXZ 0000000140016844 f i libucrt:environment_initialization.obj
 0001:00015850       ?is_valid@?$__crt_unique_heap_ptr@_WU__crt_internal_free_policy@@@@QEBA_NXZ 0000000140016850 f i libucrt:environment_initialization.obj
 0001:00015868       ?release@?$__crt_unique_heap_ptr@_WU__crt_internal_free_policy@@@@QEAAXXZ 0000000140016868 f i libucrt:environment_initialization.obj
 0001:0001588c       ?value@?$dual_state_global@PEAPEAD@__crt_state_management@@QEAAAEAPEAPEADXZ 000000014001688c f i libucrt:environment_initialization.obj
 0001:00015890       ?value@?$dual_state_global@PEAPEA_W@__crt_state_management@@QEAAAEAPEAPEA_WXZ 0000000140016890 f i libucrt:environment_initialization.obj
 0001:00015894       __dcrt_get_or_create_narrow_environment_nolock 0000000140016894 f   libucrt:environment_initialization.obj
 0001:000158e0       __dcrt_get_or_create_wide_environment_nolock 00000001400168e0 f   libucrt:environment_initialization.obj
 0001:0001592c       __dcrt_uninitialize_environments_nolock 000000014001692c f   libucrt:environment_initialization.obj
 0001:00015974       __p__environ               0000000140016974 f   libucrt:environment_initialization.obj
 0001:00015980       __p__wenviron              0000000140016980 f   libucrt:environment_initialization.obj
 0001:0001598c       _get_initial_narrow_environment 000000014001698c f   libucrt:environment_initialization.obj
 0001:000159f0       _get_initial_wide_environment 00000001400169f0 f   libucrt:environment_initialization.obj
 0001:00015a54       _initialize_narrow_environment 0000000140016a54 f   libucrt:environment_initialization.obj
 0001:00015a5c       _initialize_wide_environment 0000000140016a5c f   libucrt:environment_initialization.obj
 0001:00015ba0       _get_narrow_winmain_command_line 0000000140016ba0 f   libucrt:argv_winmain.obj
 0001:00015c2c       _get_wide_winmain_command_line 0000000140016c2c f   libucrt:argv_winmain.obj
 0001:00015c98       _initterm                  0000000140016c98 f   libucrt:initterm.obj
 0001:00015d18       _initterm_e                0000000140016d18 f   libucrt:initterm.obj
 0001:00015d64       ??$?B$$A6AXPEAXK0@Z@__crt_fast_encoded_nullptr_t@@QEBAP6AXPEAXK0@ZXZ 0000000140016d64 f i libucrt:exit.obj
 0001:00015e00       ??$__crt_fast_decode_pointer@P6AXPEAXK0@Z@@YAP6AXPEAXK0@ZQ6AX0K0@Z@Z 0000000140016e00 f i libucrt:exit.obj
 0001:00015e1c       ??$__crt_fast_encode_pointer@P6AXPEAXK0@Z@@YAP6AXPEAXK0@ZQ6AX0K0@Z@Z 0000000140016e1c f i libucrt:exit.obj
 0001:00015e44       ??$__crt_get_proc_address@P6AXI@Z@@YAP6AXI@ZQEAUHINSTANCE__@@QEBD@Z 0000000140016e44 f i libucrt:exit.obj
 0001:00015e4c       ??$__crt_interlocked_read@J@@YAJPEDJ@Z 0000000140016e4c f i libucrt:exit.obj
 0001:00015e7c       ??0?$__crt_unique_handle_t@U__crt_hmodule_traits@@@@QEAA@QEAUHINSTANCE__@@@Z 0000000140016e7c f i libucrt:exit.obj
 0001:00015e84       ??1?$__crt_unique_handle_t@U__crt_hmodule_traits@@@@QEAA@XZ 0000000140016e84 f i libucrt:exit.obj
 0001:00015fd0       ?__acrt_select_exit_lock@@YA?AW4__acrt_lock_id@@XZ 0000000140016fd0 f i libucrt:exit.obj
 0001:00015fd8       ?__crt_interlocked_read_32@@YAHPEDH@Z 0000000140016fd8 f i libucrt:exit.obj
 0001:00015fec       ?close@?$__crt_unique_handle_t@U__crt_hmodule_traits@@@@QEAAXXZ 0000000140016fec f i libucrt:exit.obj
 0001:00016018       ?close@__crt_hmodule_traits@@SA_NPEAUHINSTANCE__@@@Z 0000000140017018 f i libucrt:exit.obj
 0001:0001617c       ?get@?$__crt_unique_handle_t@U__crt_hmodule_traits@@@@QEBAPEAUHINSTANCE__@@XZ 000000014001717c f i libucrt:exit.obj
 0001:00016180       ?get_address_of@?$__crt_unique_handle_t@U__crt_hmodule_traits@@@@QEAAPEAPEAUHINSTANCE__@@XZ 0000000140017180 f i libucrt:exit.obj
 0001:00016184       ?get_invalid_value@__crt_hmodule_traits@@SAPEAUHINSTANCE__@@XZ 0000000140017184 f i libucrt:exit.obj
 0001:000162a0       _Exit                      00000001400172a0 f   libucrt:exit.obj
 0001:000162b0       __acrt_initialize_thread_local_exit_callback 00000001400172b0 f   libucrt:exit.obj
 0001:000162bc       _c_exit                    00000001400172bc f   libucrt:exit.obj
 0001:000162d0       _cexit                     00000001400172d0 f   libucrt:exit.obj
 0001:000162e0       _exit                      00000001400172e0 f   libucrt:exit.obj
 0001:000162f0       _is_c_termination_complete 00000001400172f0 f   libucrt:exit.obj
 0001:000162f8       _register_thread_local_exe_atexit_callback 00000001400172f8 f   libucrt:exit.obj
 0001:00016350       exit                       0000000140017350 f   libucrt:exit.obj
 0001:0001635c       quick_exit                 000000014001735c f   libucrt:exit.obj
 0001:0001636c       ??$__crt_interlocked_read@H@@YAHPEDH@Z 000000014001736c f i libucrt:setmode.obj
 0001:00016370       ?value@?$dual_state_global@H@__crt_state_management@@QEAAAEAHXZ 0000000140017370 f i libucrt:setmode.obj
 0001:00016374       _get_fmode                 0000000140017374 f   libucrt:setmode.obj
 0001:000163b0       _set_fmode                 00000001400173b0 f   libucrt:setmode.obj
 0001:000163fc       _setmode                   00000001400173fc f   libucrt:setmode.obj
 0001:00016540       _setmode_nolock            0000000140017540 f   libucrt:setmode.obj
 0001:0001665c       ??$?RU__crt_locale_data@@@__crt_internal_free_policy@@QEBAXQEBU__crt_locale_data@@@Z 000000014001765c f i libucrt:wsetlocale.obj
 0001:00016668       ??$?RU__crt_locale_pointers@@@__crt_internal_free_policy@@QEBAXQEBU__crt_locale_pointers@@@Z 0000000140017668 f i libucrt:wsetlocale.obj
 0001:00016674       ??$?RU__crt_multibyte_data@@@__crt_internal_free_policy@@QEBAXQEBU__crt_multibyte_data@@@Z 0000000140017674 f i libucrt:wsetlocale.obj
 0001:00016a48       ??$__vcrt_va_start_verify_argument_type@H@@YAXXZ 0000000140017a48 f i libucrt:wsetlocale.obj
 0001:00016b80       ??0?$__crt_unique_heap_ptr@U__crt_locale_data@@U__crt_internal_free_policy@@@@QEAA@QEAU__crt_locale_data@@@Z 0000000140017b80 f i libucrt:wsetlocale.obj
 0001:00016b88       ??0?$__crt_unique_heap_ptr@U__crt_locale_pointers@@U__crt_internal_free_policy@@@@QEAA@QEAU__crt_locale_pointers@@@Z 0000000140017b88 f i libucrt:wsetlocale.obj
 0001:00016b90       ??0?$__crt_unique_heap_ptr@U__crt_multibyte_data@@U__crt_internal_free_policy@@@@QEAA@QEAU__crt_multibyte_data@@@Z 0000000140017b90 f i libucrt:wsetlocale.obj
 0001:00016b98       ??1?$__crt_unique_heap_ptr@U__crt_locale_data@@U__crt_internal_free_policy@@@@QEAA@XZ 0000000140017b98 f i libucrt:wsetlocale.obj
 0001:00016bbc       ??1?$__crt_unique_heap_ptr@U__crt_locale_pointers@@U__crt_internal_free_policy@@@@QEAA@XZ 0000000140017bbc f i libucrt:wsetlocale.obj
 0001:00016be0       ??1?$__crt_unique_heap_ptr@U__crt_multibyte_data@@U__crt_internal_free_policy@@@@QEAA@XZ 0000000140017be0 f i libucrt:wsetlocale.obj
 0001:00016c04       ??B?$__crt_unique_heap_ptr@U__crt_locale_data@@U__crt_internal_free_policy@@@@QEBA_NXZ 0000000140017c04 f i libucrt:wsetlocale.obj
 0001:00016c10       ??B?$__crt_unique_heap_ptr@U__crt_locale_pointers@@U__crt_internal_free_policy@@@@QEBA_NXZ 0000000140017c10 f i libucrt:wsetlocale.obj
 0001:00016c1c       ??B?$__crt_unique_heap_ptr@U__crt_multibyte_data@@U__crt_internal_free_policy@@@@QEBA_NXZ 0000000140017c1c f i libucrt:wsetlocale.obj
 0001:00016f28       ?detach@?$__crt_unique_heap_ptr@U__crt_locale_data@@U__crt_internal_free_policy@@@@QEAAPEAU__crt_locale_data@@XZ 0000000140017f28 f i libucrt:wsetlocale.obj
 0001:00016f34       ?detach@?$__crt_unique_heap_ptr@U__crt_locale_pointers@@U__crt_internal_free_policy@@@@QEAAPEAU__crt_locale_pointers@@XZ 0000000140017f34 f i libucrt:wsetlocale.obj
 0001:00016f40       ?detach@?$__crt_unique_heap_ptr@U__crt_multibyte_data@@U__crt_internal_free_policy@@@@QEAAPEAU__crt_multibyte_data@@XZ 0000000140017f40 f i libucrt:wsetlocale.obj
 0001:00016f4c       ?get@?$__crt_unique_heap_ptr@U__crt_locale_data@@U__crt_internal_free_policy@@@@QEBAPEAU__crt_locale_data@@XZ 0000000140017f4c f i libucrt:wsetlocale.obj
 0001:00016f50       ?get@?$__crt_unique_heap_ptr@U__crt_locale_pointers@@U__crt_internal_free_policy@@@@QEBAPEAU__crt_locale_pointers@@XZ 0000000140017f50 f i libucrt:wsetlocale.obj
 0001:00016f54       ?get@?$__crt_unique_heap_ptr@U__crt_multibyte_data@@U__crt_internal_free_policy@@@@QEBAPEAU__crt_multibyte_data@@XZ 0000000140017f54 f i libucrt:wsetlocale.obj
 0001:00016f58       ?is_valid@?$__crt_unique_heap_ptr@U__crt_locale_data@@U__crt_internal_free_policy@@@@QEBA_NXZ 0000000140017f58 f i libucrt:wsetlocale.obj
 0001:00016f64       ?is_valid@?$__crt_unique_heap_ptr@U__crt_locale_pointers@@U__crt_internal_free_policy@@@@QEBA_NXZ 0000000140017f64 f i libucrt:wsetlocale.obj
 0001:00016f70       ?is_valid@?$__crt_unique_heap_ptr@U__crt_multibyte_data@@U__crt_internal_free_policy@@@@QEBA_NXZ 0000000140017f70 f i libucrt:wsetlocale.obj
 0001:00016f7c       ?release@?$__crt_unique_heap_ptr@U__crt_locale_data@@U__crt_internal_free_policy@@@@QEAAXXZ 0000000140017f7c f i libucrt:wsetlocale.obj
 0001:00016fa0       ?release@?$__crt_unique_heap_ptr@U__crt_locale_pointers@@U__crt_internal_free_policy@@@@QEAAXXZ 0000000140017fa0 f i libucrt:wsetlocale.obj
 0001:00016fc4       ?release@?$__crt_unique_heap_ptr@U__crt_multibyte_data@@U__crt_internal_free_policy@@@@QEAAXXZ 0000000140017fc4 f i libucrt:wsetlocale.obj
 0001:00016fe8       ?value@?$dual_state_global@PEAU__crt_locale_data@@@__crt_state_management@@QEAAAEAPEAU__crt_locale_data@@XZ 0000000140017fe8 f i libucrt:wsetlocale.obj
 0001:00016fec       __acrt_copy_locale_name    0000000140017fec f   libucrt:wsetlocale.obj
 0001:00017090       __acrt_set_locale_changed  0000000140018090 f   libucrt:wsetlocale.obj
 0001:000170a0       __acrt_uninitialize_locale 00000001400180a0 f   libucrt:wsetlocale.obj
 0001:000170dc       __lc_lctowcs               00000001400180dc f   libucrt:wsetlocale.obj
 0001:000171a8       __lc_wcstolc               00000001400181a8 f   libucrt:wsetlocale.obj
 0001:000173cc       _configthreadlocale        00000001400183cc f   libucrt:wsetlocale.obj
 0001:00017540       _create_locale             0000000140018540 f   libucrt:wsetlocale.obj
 0001:000175d4       _expandlocale              00000001400185d4 f   libucrt:wsetlocale.obj
 0001:00017ad0       _free_locale               0000000140018ad0 f   libucrt:wsetlocale.obj
 0001:00017b9c       _get_current_locale        0000000140018b9c f   libucrt:wsetlocale.obj
 0001:00017c88       _wcreate_locale            0000000140018c88 f   libucrt:wsetlocale.obj
 0001:00017e24       _wcscats                   0000000140018e24 f   libucrt:wsetlocale.obj
 0001:00017ea4       _wsetlocale                0000000140018ea4 f   libucrt:wsetlocale.obj
 0001:00018938       ?value@?$dual_state_global@J@__crt_state_management@@QEAAAEAJXZ 0000000140019938 f i libucrt:new_mode.obj
 0001:0001893c       _query_new_mode            000000014001993c f   libucrt:new_mode.obj
 0001:00018944       _set_new_mode              0000000140019944 f   libucrt:new_mode.obj
 0001:0001897c       __p__commode               000000014001997c f   libucrt:ncommode.obj
 0001:00018988       ??$?BP6AXXZ@__crt_fast_encoded_nullptr_t@@QEBAPEAP6AXXZXZ 0000000140019988 f i libucrt:onexit.obj
 0001:000189ac       ??$?RP6AXXZ@__crt_internal_free_policy@@QEBAXQEBQ6AXXZ@Z 00000001400199ac f i libucrt:onexit.obj
 0001:00018ab0       ??$__crt_fast_encode_pointer@P6AHXZ@@YAP6AHXZQ6AHXZ@Z 0000000140019ab0 f i libucrt:onexit.obj
 0001:00018b20       ??0?$__crt_unique_heap_ptr@P6AXXZU__crt_internal_free_policy@@@@QEAA@QEAP6AXXZ@Z 0000000140019b20 f i libucrt:onexit.obj
 0001:00018b28       ??1?$__crt_unique_heap_ptr@P6AXXZU__crt_internal_free_policy@@@@QEAA@XZ 0000000140019b28 f i libucrt:onexit.obj
 0001:00018b4c       ??1scoped_global_state_reset@__crt_state_management@@QEAA@XZ 0000000140019b4c f i libucrt:onexit.obj
 0001:00018f40       ?detach@?$__crt_unique_heap_ptr@P6AXXZU__crt_internal_free_policy@@@@QEAAPEAP6AXXZXZ 0000000140019f40 f i libucrt:onexit.obj
 0001:00018f4c       ?release@?$__crt_unique_heap_ptr@P6AXXZU__crt_internal_free_policy@@@@QEAAXXZ 0000000140019f4c f i libucrt:onexit.obj
 0001:00018f70       _crt_at_quick_exit         0000000140019f70 f   libucrt:onexit.obj
 0001:00018f84       _crt_atexit                0000000140019f84 f   libucrt:onexit.obj
 0001:00018f98       _execute_onexit_table      0000000140019f98 f   libucrt:onexit.obj
 0001:00018fe0       _initialize_onexit_table   0000000140019fe0 f   libucrt:onexit.obj
 0001:00019030       _register_onexit_function  000000014001a030 f   libucrt:onexit.obj
 0001:0001930c       ?__acrt_stdio_is_initialized@@YA_NXZ 000000014001a30c f i libucrt:initialization.obj
 0001:0001931c       ?initialize@?$dual_state_global@PEAU__crt_locale_data@@@__crt_state_management@@QEAAXQEAU__crt_locale_data@@@Z 000000014001a31c f i libucrt:initialization.obj
 0001:00019350       __acrt_initialize          000000014001a350 f   libucrt:initialization.obj
 0001:00019368       __acrt_thread_attach       000000014001a368 f   libucrt:initialization.obj
 0001:00019384       __acrt_thread_detach       000000014001a384 f   libucrt:initialization.obj
 0001:00019398       __acrt_uninitialize        000000014001a398 f   libucrt:initialization.obj
 0001:000193dc       __acrt_uninitialize_critical 000000014001a3dc f   libucrt:initialization.obj
 0001:00019408       _get_terminate             000000014001a408 f   libucrt:terminate.obj
 0001:00019434       set_terminate              000000014001a434 f   libucrt:terminate.obj
 0001:0001946c       terminate                  000000014001a46c f   libucrt:terminate.obj
 0001:000194a0       _free_base                 000000014001a4a0 f   libucrt:free_base.obj
 0001:000194ec       _malloc_base               000000014001a4ec f   libucrt:malloc_base.obj
 0001:000195e0       strcpy_s                   000000014001a5e0 f   libucrt:strcpy_s.obj
 0001:00019658       _set_abort_behavior        000000014001a658 f   libucrt:abort.obj
 0001:0001967c       abort                      000000014001a67c f   libucrt:abort.obj
 0001:000196e8       _calloc_base               000000014001a6e8 f   libucrt:calloc_base.obj
 0001:0001977c       wcsncmp                    000000014001a77c f   libucrt:wcsncmp.obj
 0001:000197b4       ??$?0AEBV?$stream_output_adapter@D@__crt_stdio_output@@AEB_KAEBQEBDAEBQEAU__crt_locale_pointers@@AEBQEAD@?$format_validation_base@DV?$stream_output_adapter@D@__crt_stdio_output@@@__crt_stdio_output@@IEAA@AEBV?$stream_output_adapter@D@1@AEB_KAEBQEBDAEBQEAU__crt_locale_pointers@@AEBQEAD@Z 000000014001a7b4 f i libucrt:output.obj
 0001:00019858       ??$?0AEBV?$stream_output_adapter@D@__crt_stdio_output@@AEB_KAEBQEBDAEBQEAU__crt_locale_pointers@@AEBQEAD@?$positional_parameter_base@DV?$stream_output_adapter@D@__crt_stdio_output@@@__crt_stdio_output@@IEAA@AEBV?$stream_output_adapter@D@1@AEB_KAEBQEBDAEBQEAU__crt_locale_pointers@@AEBQEAD@Z 000000014001a858 f i libucrt:output.obj
 0001:00019920       ??$?0AEBV?$stream_output_adapter@D@__crt_stdio_output@@AEB_KAEBQEBDAEBQEAU__crt_locale_pointers@@AEBQEAD@?$standard_base@DV?$stream_output_adapter@D@__crt_stdio_output@@@__crt_stdio_output@@IEAA@AEBV?$stream_output_adapter@D@1@AEB_KAEBQEBDAEBQEAU__crt_locale_pointers@@AEBQEAD@Z 000000014001a920 f i libucrt:output.obj
 0001:000199c4       ??$?0AEBV?$stream_output_adapter@_W@__crt_stdio_output@@AEB_KAEBQEB_WAEBQEAU__crt_locale_pointers@@AEBQEAD@?$format_validation_base@_WV?$stream_output_adapter@_W@__crt_stdio_output@@@__crt_stdio_output@@IEAA@AEBV?$stream_output_adapter@_W@1@AEB_KAEBQEB_WAEBQEAU__crt_locale_pointers@@AEBQEAD@Z 000000014001a9c4 f i libucrt:output.obj
 0001:00019a6c       ??$?0AEBV?$stream_output_adapter@_W@__crt_stdio_output@@AEB_KAEBQEB_WAEBQEAU__crt_locale_pointers@@AEBQEAD@?$positional_parameter_base@_WV?$stream_output_adapter@_W@__crt_stdio_output@@@__crt_stdio_output@@IEAA@AEBV?$stream_output_adapter@_W@1@AEB_KAEBQEB_WAEBQEAU__crt_locale_pointers@@AEBQEAD@Z 000000014001aa6c f i libucrt:output.obj
 0001:00019b38       ??$?0AEBV?$stream_output_adapter@_W@__crt_stdio_output@@AEB_KAEBQEB_WAEBQEAU__crt_locale_pointers@@AEBQEAD@?$standard_base@_WV?$stream_output_adapter@_W@__crt_stdio_output@@@__crt_stdio_output@@IEAA@AEBV?$stream_output_adapter@_W@1@AEB_KAEBQEB_WAEBQEAU__crt_locale_pointers@@AEBQEAD@Z 000000014001ab38 f i libucrt:output.obj
 0001:00019be0       ??$?0AEBV?$string_output_adapter@D@__crt_stdio_output@@AEB_KAEBQEBDAEBQEAU__crt_locale_pointers@@AEBQEAD@?$format_validation_base@DV?$string_output_adapter@D@__crt_stdio_output@@@__crt_stdio_output@@IEAA@AEBV?$string_output_adapter@D@1@AEB_KAEBQEBDAEBQEAU__crt_locale_pointers@@AEBQEAD@Z 000000014001abe0 f i libucrt:output.obj
 0001:00019c84       ??$?0AEBV?$string_output_adapter@D@__crt_stdio_output@@AEB_KAEBQEBDAEBQEAU__crt_locale_pointers@@AEBQEAD@?$positional_parameter_base@DV?$string_output_adapter@D@__crt_stdio_output@@@__crt_stdio_output@@IEAA@AEBV?$string_output_adapter@D@1@AEB_KAEBQEBDAEBQEAU__crt_locale_pointers@@AEBQEAD@Z 000000014001ac84 f i libucrt:output.obj
 0001:00019d4c       ??$?0AEBV?$string_output_adapter@D@__crt_stdio_output@@AEB_KAEBQEBDAEBQEAU__crt_locale_pointers@@AEBQEAD@?$standard_base@DV?$string_output_adapter@D@__crt_stdio_output@@@__crt_stdio_output@@IEAA@AEBV?$string_output_adapter@D@1@AEB_KAEBQEBDAEBQEAU__crt_locale_pointers@@AEBQEAD@Z 000000014001ad4c f i libucrt:output.obj
 0001:00019df0       ??$?0AEBV?$string_output_adapter@_W@__crt_stdio_output@@AEB_KAEBQEB_WAEBQEAU__crt_locale_pointers@@AEBQEAD@?$format_validation_base@_WV?$string_output_adapter@_W@__crt_stdio_output@@@__crt_stdio_output@@IEAA@AEBV?$string_output_adapter@_W@1@AEB_KAEBQEB_WAEBQEAU__crt_locale_pointers@@AEBQEAD@Z 000000014001adf0 f i libucrt:output.obj
 0001:00019e98       ??$?0AEBV?$string_output_adapter@_W@__crt_stdio_output@@AEB_KAEBQEB_WAEBQEAU__crt_locale_pointers@@AEBQEAD@?$positional_parameter_base@_WV?$string_output_adapter@_W@__crt_stdio_output@@@__crt_stdio_output@@IEAA@AEBV?$string_output_adapter@_W@1@AEB_KAEBQEB_WAEBQEAU__crt_locale_pointers@@AEBQEAD@Z 000000014001ae98 f i libucrt:output.obj
 0001:00019f64       ??$?0AEBV?$string_output_adapter@_W@__crt_stdio_output@@AEB_KAEBQEB_WAEBQEAU__crt_locale_pointers@@AEBQEAD@?$standard_base@_WV?$string_output_adapter@_W@__crt_stdio_output@@@__crt_stdio_output@@IEAA@AEBV?$string_output_adapter@_W@1@AEB_KAEBQEB_WAEBQEAU__crt_locale_pointers@@AEBQEAD@Z 000000014001af64 f i libucrt:output.obj
 0001:0001b8ec       ??$count@D@formatting_buffer@__crt_stdio_output@@QEBA_KXZ 000000014001c8ec f i libucrt:output.obj
 0001:0001b910       ??$count@_W@formatting_buffer@__crt_stdio_output@@QEBA_KXZ 000000014001c910 f i libucrt:output.obj
 0001:0001b934       ??$data@D@formatting_buffer@__crt_stdio_output@@QEAAPEADXZ 000000014001c934 f i libucrt:output.obj
 0001:0001b948       ??$data@_W@formatting_buffer@__crt_stdio_output@@QEAAPEA_WXZ 000000014001c948 f i libucrt:output.obj
 0001:0001b95c       ??$ensure_buffer_is_big_enough@D@formatting_buffer@__crt_stdio_output@@QEAA_N_K@Z 000000014001c95c f i libucrt:output.obj
 0001:0001ba2c       ??$ensure_buffer_is_big_enough@_W@formatting_buffer@__crt_stdio_output@@QEAA_N_K@Z 000000014001ca2c f i libucrt:output.obj
 0001:0001bb00       ??$extract_argument_from_va_list@C_J@?$positional_parameter_base@DV?$stream_output_adapter@D@__crt_stdio_output@@@__crt_stdio_output@@IEAA_NAEA_J@Z 000000014001cb00 f i libucrt:output.obj
 0001:0001bbf4       ??$extract_argument_from_va_list@C_J@?$positional_parameter_base@DV?$string_output_adapter@D@__crt_stdio_output@@@__crt_stdio_output@@IEAA_NAEA_J@Z 000000014001cbf4 f i libucrt:output.obj
 0001:0001bce8       ??$extract_argument_from_va_list@C_J@?$positional_parameter_base@_WV?$stream_output_adapter@_W@__crt_stdio_output@@@__crt_stdio_output@@IEAA_NAEA_J@Z 000000014001cce8 f i libucrt:output.obj
 0001:0001bde0       ??$extract_argument_from_va_list@C_J@?$positional_parameter_base@_WV?$string_output_adapter@_W@__crt_stdio_output@@@__crt_stdio_output@@IEAA_NAEA_J@Z 000000014001cde0 f i libucrt:output.obj
 0001:0001bed8       ??$extract_argument_from_va_list@C_J@?$standard_base@DV?$stream_output_adapter@D@__crt_stdio_output@@@__crt_stdio_output@@IEAA_NAEA_J@Z 000000014001ced8 f i libucrt:output.obj
 0001:0001bef4       ??$extract_argument_from_va_list@C_J@?$standard_base@DV?$string_output_adapter@D@__crt_stdio_output@@@__crt_stdio_output@@IEAA_NAEA_J@Z 000000014001cef4 f i libucrt:output.obj
 0001:0001bf10       ??$extract_argument_from_va_list@C_J@?$standard_base@_WV?$stream_output_adapter@_W@__crt_stdio_output@@@__crt_stdio_output@@IEAA_NAEA_J@Z 000000014001cf10 f i libucrt:output.obj
 0001:0001bf2c       ??$extract_argument_from_va_list@C_J@?$standard_base@_WV?$string_output_adapter@_W@__crt_stdio_output@@@__crt_stdio_output@@IEAA_NAEA_J@Z 000000014001cf2c f i libucrt:output.obj
 0001:0001bf48       ??$extract_argument_from_va_list@E_J@?$positional_parameter_base@DV?$stream_output_adapter@D@__crt_stdio_output@@@__crt_stdio_output@@IEAA_NAEA_J@Z 000000014001cf48 f i libucrt:output.obj
 0001:0001c03c       ??$extract_argument_from_va_list@E_J@?$positional_parameter_base@DV?$string_output_adapter@D@__crt_stdio_output@@@__crt_stdio_output@@IEAA_NAEA_J@Z 000000014001d03c f i libucrt:output.obj
 0001:0001c130       ??$extract_argument_from_va_list@E_J@?$positional_parameter_base@_WV?$stream_output_adapter@_W@__crt_stdio_output@@@__crt_stdio_output@@IEAA_NAEA_J@Z 000000014001d130 f i libucrt:output.obj
 0001:0001c228       ??$extract_argument_from_va_list@E_J@?$positional_parameter_base@_WV?$string_output_adapter@_W@__crt_stdio_output@@@__crt_stdio_output@@IEAA_NAEA_J@Z 000000014001d228 f i libucrt:output.obj
 0001:0001c320       ??$extract_argument_from_va_list@E_J@?$standard_base@DV?$stream_output_adapter@D@__crt_stdio_output@@@__crt_stdio_output@@IEAA_NAEA_J@Z 000000014001d320 f i libucrt:output.obj
 0001:0001c338       ??$extract_argument_from_va_list@E_J@?$standard_base@DV?$string_output_adapter@D@__crt_stdio_output@@@__crt_stdio_output@@IEAA_NAEA_J@Z 000000014001d338 f i libucrt:output.obj
 0001:0001c350       ??$extract_argument_from_va_list@E_J@?$standard_base@_WV?$stream_output_adapter@_W@__crt_stdio_output@@@__crt_stdio_output@@IEAA_NAEA_J@Z 000000014001d350 f i libucrt:output.obj
 0001:0001c368       ??$extract_argument_from_va_list@E_J@?$standard_base@_WV?$string_output_adapter@_W@__crt_stdio_output@@@__crt_stdio_output@@IEAA_NAEA_J@Z 000000014001d368 f i libucrt:output.obj
 0001:0001c380       ??$extract_argument_from_va_list@F_J@?$positional_parameter_base@DV?$stream_output_adapter@D@__crt_stdio_output@@@__crt_stdio_output@@IEAA_NAEA_J@Z 000000014001d380 f i libucrt:output.obj
 0001:0001c474       ??$extract_argument_from_va_list@F_J@?$positional_parameter_base@DV?$string_output_adapter@D@__crt_stdio_output@@@__crt_stdio_output@@IEAA_NAEA_J@Z 000000014001d474 f i libucrt:output.obj
 0001:0001c568       ??$extract_argument_from_va_list@F_J@?$positional_parameter_base@_WV?$stream_output_adapter@_W@__crt_stdio_output@@@__crt_stdio_output@@IEAA_NAEA_J@Z 000000014001d568 f i libucrt:output.obj
 0001:0001c660       ??$extract_argument_from_va_list@F_J@?$positional_parameter_base@_WV?$string_output_adapter@_W@__crt_stdio_output@@@__crt_stdio_output@@IEAA_NAEA_J@Z 000000014001d660 f i libucrt:output.obj
 0001:0001c758       ??$extract_argument_from_va_list@F_J@?$standard_base@DV?$stream_output_adapter@D@__crt_stdio_output@@@__crt_stdio_output@@IEAA_NAEA_J@Z 000000014001d758 f i libucrt:output.obj
 0001:0001c774       ??$extract_argument_from_va_list@F_J@?$standard_base@DV?$string_output_adapter@D@__crt_stdio_output@@@__crt_stdio_output@@IEAA_NAEA_J@Z 000000014001d774 f i libucrt:output.obj
 0001:0001c790       ??$extract_argument_from_va_list@F_J@?$standard_base@_WV?$stream_output_adapter@_W@__crt_stdio_output@@@__crt_stdio_output@@IEAA_NAEA_J@Z 000000014001d790 f i libucrt:output.obj
 0001:0001c7ac       ??$extract_argument_from_va_list@F_J@?$standard_base@_WV?$string_output_adapter@_W@__crt_stdio_output@@@__crt_stdio_output@@IEAA_NAEA_J@Z 000000014001d7ac f i libucrt:output.obj
 0001:0001c7c8       ??$extract_argument_from_va_list@GD@?$positional_parameter_base@DV?$stream_output_adapter@D@__crt_stdio_output@@@__crt_stdio_output@@IEAA_NAEAD@Z 000000014001d7c8 f i libucrt:output.obj
 0001:0001c8b8       ??$extract_argument_from_va_list@GD@?$positional_parameter_base@DV?$string_output_adapter@D@__crt_stdio_output@@@__crt_stdio_output@@IEAA_NAEAD@Z 000000014001d8b8 f i libucrt:output.obj
 0001:0001c9a8       ??$extract_argument_from_va_list@GD@?$standard_base@DV?$stream_output_adapter@D@__crt_stdio_output@@@__crt_stdio_output@@IEAA_NAEAD@Z 000000014001d9a8 f i libucrt:output.obj
 0001:0001c9c0       ??$extract_argument_from_va_list@GD@?$standard_base@DV?$string_output_adapter@D@__crt_stdio_output@@@__crt_stdio_output@@IEAA_NAEAD@Z 000000014001d9c0 f i libucrt:output.obj
 0001:0001c9d8       ??$extract_argument_from_va_list@G_J@?$positional_parameter_base@DV?$stream_output_adapter@D@__crt_stdio_output@@@__crt_stdio_output@@IEAA_NAEA_J@Z 000000014001d9d8 f i libucrt:output.obj
 0001:0001cacc       ??$extract_argument_from_va_list@G_J@?$positional_parameter_base@DV?$string_output_adapter@D@__crt_stdio_output@@@__crt_stdio_output@@IEAA_NAEA_J@Z 000000014001dacc f i libucrt:output.obj
 0001:0001cbc0       ??$extract_argument_from_va_list@G_J@?$positional_parameter_base@_WV?$stream_output_adapter@_W@__crt_stdio_output@@@__crt_stdio_output@@IEAA_NAEA_J@Z 000000014001dbc0 f i libucrt:output.obj
 0001:0001ccb8       ??$extract_argument_from_va_list@G_J@?$positional_parameter_base@_WV?$string_output_adapter@_W@__crt_stdio_output@@@__crt_stdio_output@@IEAA_NAEA_J@Z 000000014001dcb8 f i libucrt:output.obj
 0001:0001cdb0       ??$extract_argument_from_va_list@G_J@?$standard_base@DV?$stream_output_adapter@D@__crt_stdio_output@@@__crt_stdio_output@@IEAA_NAEA_J@Z 000000014001ddb0 f i libucrt:output.obj
 0001:0001cdc8       ??$extract_argument_from_va_list@G_J@?$standard_base@DV?$string_output_adapter@D@__crt_stdio_output@@@__crt_stdio_output@@IEAA_NAEA_J@Z 000000014001ddc8 f i libucrt:output.obj
 0001:0001cde0       ??$extract_argument_from_va_list@G_J@?$standard_base@_WV?$stream_output_adapter@_W@__crt_stdio_output@@@__crt_stdio_output@@IEAA_NAEA_J@Z 000000014001dde0 f i libucrt:output.obj
 0001:0001cdf8       ??$extract_argument_from_va_list@G_J@?$standard_base@_WV?$string_output_adapter@_W@__crt_stdio_output@@@__crt_stdio_output@@IEAA_NAEA_J@Z 000000014001ddf8 f i libucrt:output.obj
 0001:0001ce10       ??$extract_argument_from_va_list@H_J@?$positional_parameter_base@DV?$stream_output_adapter@D@__crt_stdio_output@@@__crt_stdio_output@@IEAA_NAEA_J@Z 000000014001de10 f i libucrt:output.obj
 0001:0001cf04       ??$extract_argument_from_va_list@H_J@?$positional_parameter_base@DV?$string_output_adapter@D@__crt_stdio_output@@@__crt_stdio_output@@IEAA_NAEA_J@Z 000000014001df04 f i libucrt:output.obj
 0001:0001cff8       ??$extract_argument_from_va_list@H_J@?$positional_parameter_base@_WV?$stream_output_adapter@_W@__crt_stdio_output@@@__crt_stdio_output@@IEAA_NAEA_J@Z 000000014001dff8 f i libucrt:output.obj
 0001:0001d0ec       ??$extract_argument_from_va_list@H_J@?$positional_parameter_base@_WV?$string_output_adapter@_W@__crt_stdio_output@@@__crt_stdio_output@@IEAA_NAEA_J@Z 000000014001e0ec f i libucrt:output.obj
 0001:0001d1e0       ??$extract_argument_from_va_list@H_J@?$standard_base@DV?$stream_output_adapter@D@__crt_stdio_output@@@__crt_stdio_output@@IEAA_NAEA_J@Z 000000014001e1e0 f i libucrt:output.obj
 0001:0001d1f8       ??$extract_argument_from_va_list@H_J@?$standard_base@DV?$string_output_adapter@D@__crt_stdio_output@@@__crt_stdio_output@@IEAA_NAEA_J@Z 000000014001e1f8 f i libucrt:output.obj
 0001:0001d210       ??$extract_argument_from_va_list@H_J@?$standard_base@_WV?$stream_output_adapter@_W@__crt_stdio_output@@@__crt_stdio_output@@IEAA_NAEA_J@Z 000000014001e210 f i libucrt:output.obj
 0001:0001d228       ??$extract_argument_from_va_list@H_J@?$standard_base@_WV?$string_output_adapter@_W@__crt_stdio_output@@@__crt_stdio_output@@IEAA_NAEA_J@Z 000000014001e228 f i libucrt:output.obj
 0001:0001d240       ??$extract_argument_from_va_list@I_J@?$positional_parameter_base@DV?$stream_output_adapter@D@__crt_stdio_output@@@__crt_stdio_output@@IEAA_NAEA_J@Z 000000014001e240 f i libucrt:output.obj
 0001:0001d330       ??$extract_argument_from_va_list@I_J@?$positional_parameter_base@DV?$string_output_adapter@D@__crt_stdio_output@@@__crt_stdio_output@@IEAA_NAEA_J@Z 000000014001e330 f i libucrt:output.obj
 0001:0001d420       ??$extract_argument_from_va_list@I_J@?$positional_parameter_base@_WV?$stream_output_adapter@_W@__crt_stdio_output@@@__crt_stdio_output@@IEAA_NAEA_J@Z 000000014001e420 f i libucrt:output.obj
 0001:0001d514       ??$extract_argument_from_va_list@I_J@?$positional_parameter_base@_WV?$string_output_adapter@_W@__crt_stdio_output@@@__crt_stdio_output@@IEAA_NAEA_J@Z 000000014001e514 f i libucrt:output.obj
 0001:0001d608       ??$extract_argument_from_va_list@I_J@?$standard_base@DV?$stream_output_adapter@D@__crt_stdio_output@@@__crt_stdio_output@@IEAA_NAEA_J@Z 000000014001e608 f i libucrt:output.obj
 0001:0001d620       ??$extract_argument_from_va_list@I_J@?$standard_base@DV?$string_output_adapter@D@__crt_stdio_output@@@__crt_stdio_output@@IEAA_NAEA_J@Z 000000014001e620 f i libucrt:output.obj
[...]
 0002:0000d188       ??_R4DNameStatusNode@@6B@  0000000140070188     libvcruntime:undname.obj
 0002:0000d1b8       ??_R3DNameStatusNode@@8    00000001400701b8     libvcruntime:undname.obj
 0002:0000d1d0       ??_R2DNameStatusNode@@8    00000001400701d0     libvcruntime:undname.obj
 0002:0000d1e8       ??_R1A@?0A@EA@DNameStatusNode@@8 00000001400701e8     libvcruntime:undname.obj
 0002:0000d218       ??_R4pairNode@@6B@         0000000140070218     libvcruntime:undname.obj
 0002:0000d248       ??_R3pairNode@@8           0000000140070248     libvcruntime:undname.obj
 0002:0000d260       ??_R2pairNode@@8           0000000140070260     libvcruntime:undname.obj
 0002:0000d278       ??_R1A@?0A@EA@pairNode@@8  0000000140070278     libvcruntime:undname.obj
 0002:0000d2a8       ??_R4type_info@@6B@        00000001400702a8     LIBCMT:std_type_info_static.obj
 0002:0000d2d8       ??_R3type_info@@8          00000001400702d8     LIBCMT:std_type_info_static.obj
 0002:0000d2f0       ??_R2type_info@@8          00000001400702f0     LIBCMT:std_type_info_static.obj
 0002:0000d300       ??_R1A@?0A@EA@type_info@@8 0000000140070300     LIBCMT:std_type_info_static.obj
 0002:0000d5b0       __rtc_iaa                  00000001400705b0     LIBCMT:_initsect_.obj
 0002:0000d6c0       __rtc_izz                  00000001400706c0     LIBCMT:_initsect_.obj
 0002:0000d7d0       __rtc_taa                  00000001400707d0     LIBCMT:_initsect_.obj
 0002:0000d8e0       __rtc_tzz                  00000001400708e0     LIBCMT:_initsect_.obj
 0003:00000020       __security_cookie          0000000140077020     LIBCMT:gs_cookie.obj
 0003:00000028       __security_cookie_complement 0000000140077028     LIBCMT:gs_cookie.obj
 0003:00000034       _fltused                   0000000140077034     LIBCMT:fltused.obj
 0003:00000038       __scrt_native_dllmain_reason 0000000140077038     LIBCMT:utility.obj
 0003:0000003c       __scrt_default_matherr     000000014007703c     LIBCMT:matherr.obj
 0003:00000040       __isa_available            0000000140077040     LIBCMT:_cpu_disp_.obj
 0003:00000044       __isa_enabled              0000000140077044     LIBCMT:_cpu_disp_.obj
 0003:00000048       __memcpy_nt_iters          0000000140077048     LIBCMT:_cpu_disp_.obj
 0003:0000007c       __abort_behavior           000000014007707c     libucrt:abort.obj
 0003:00000090       __acrt_initial_multibyte_data 0000000140077090     libucrt:mbctype.obj
 0003:000006d0       __badioinfo                00000001400776d0     libucrt:ioinit.obj
 0003:0000071c       __mb_cur_max               000000014007771c     libucrt:nlsdata.obj
 0003:00000720       __acrt_initial_locale_data 0000000140077720     libucrt:nlsdata.obj
 0003:000008c0       __acrt_initial_locale_pointers 00000001400778c0     libucrt:nlsdata.obj
 0003:000008d4       __acrt_wide_c_locale_string 00000001400778d4     libucrt:nlsdata.obj
 0003:000008d8       _pctype                    00000001400778d8     libucrt:ctype.obj
 0003:000008e8       _pwctype                   00000001400778e8     libucrt:ctype.obj
 0003:00000900       __acrt_lconv_c             0000000140077900     libucrt:localeconv.obj
 0003:000009b8       __acrt_lconv               00000001400779b8     libucrt:localeconv.obj
 0003:000009c4       __acrt_lconv_static_decimal 00000001400779c4     libucrt:localeconv.obj
 0003:000009c8       __acrt_lconv_static_W_decimal 00000001400779c8     libucrt:localeconv.obj
 0003:000009cc       __globallocalestatus       00000001400779cc     libucrt:glstatus.obj
 0003:000009d0       _iob                       00000001400779d0     libucrt:_file.obj
 0003:00000c50       ??_R0?AVDNameNode@@@8      0000000140077c50     libvcruntime:undname.obj
 0003:00000c78       ??_R0?AVcharNode@@@8       0000000140077c78     libvcruntime:undname.obj
 0003:00000ca0       ??_R0?AVpcharNode@@@8      0000000140077ca0     libvcruntime:undname.obj
 0003:00000cc8       ??_R0?AVpDNameNode@@@8     0000000140077cc8     libvcruntime:undname.obj
 0003:00000cf0       ??_R0?AVDNameStatusNode@@@8 0000000140077cf0     libvcruntime:undname.obj
 0003:00000d20       ??_R0?AVpairNode@@@8       0000000140077d20     libvcruntime:undname.obj
 0003:00000d48       ??_R0?AVtype_info@@@8      0000000140077d48     LIBCMT:std_type_info_static.obj
 0003:00001598       __scrt_current_native_startup_state 0000000140078598     LIBCMT:utility.obj
 0003:000015a0       __scrt_native_startup_lock 00000001400785a0     LIBCMT:utility.obj
 0003:000015f0       ?__type_info_root_node@@3U__type_info_node@@A 00000001400785f0     LIBCMT:tncleanup.obj
 0003:00001608       ?_OptionsStorage@?1??__local_stdio_printf_options@@9@4_KA 0000000140078608     LIBCMT:default_local_stdio_options.obj
 0003:00001618       ?_OptionsStorage@?1??__local_stdio_scanf_options@@9@4_KA 0000000140078618     LIBCMT:default_local_stdio_options.obj
 0003:00001624       __scrt_debugger_hook_flag  0000000140078624     LIBCMT:utility_desktop.obj
 0003:00001628       __favor                    0000000140078628     LIBCMT:_cpu_disp_.obj
 0003:00001748       __pPurecall                0000000140078748     libvcruntime:purevirt_data.obj
 0003:00001758       ?pArgList@UnDecorator@@0PEAVReplicator@@EA 0000000140078758     libvcruntime:undname.obj
 0003:00001760       ?pZNameList@UnDecorator@@0PEAVReplicator@@EA 0000000140078760     libvcruntime:undname.obj
 0003:00001768       ?pTemplateArgList@UnDecorator@@0PEAVReplicator@@EA 0000000140078768     libvcruntime:undname.obj
 0003:00001770       ?gName@UnDecorator@@0PEBDEB 0000000140078770     libvcruntime:undname.obj
 0003:00001778       ?name@UnDecorator@@0PEBDEB 0000000140078778     libvcruntime:undname.obj
 0003:00001780       ?outputString@UnDecorator@@0PEADEA 0000000140078780     libvcruntime:undname.obj
 0003:00001788       ?maxStringLength@UnDecorator@@0HA 0000000140078788     libvcruntime:undname.obj
 0003:0000178c       ?disableFlags@UnDecorator@@0KA 000000014007878c     libvcruntime:undname.obj
 0003:00001790       ?fExplicitTemplateParams@UnDecorator@@0_NA 0000000140078790     libvcruntime:undname.obj
 0003:00001791       ?fGetTemplateArgumentList@UnDecorator@@0_NA 0000000140078791     libvcruntime:undname.obj
 0003:00001798       ?m_pGetParameter@UnDecorator@@0P6APEADJ@ZEA 0000000140078798     libvcruntime:undname.obj
 0003:00002328       _environ_table             0000000140079328     libucrt:environment_initialization.obj
 0003:00002330       _wenviron_table            0000000140079330     libucrt:environment_initialization.obj
 0003:00002340       __dcrt_initial_wide_environment 0000000140079340     libucrt:environment_initialization.obj
 0003:00002350       __dcrt_initial_narrow_environment 0000000140079350     libucrt:environment_initialization.obj
 0003:00002371       ?c_exit_complete@?1???R<lambda_6e4b09c48022b2350581041d5f6b0c4c>@@QEBA@XZ@4_NA 0000000140079371     libucrt:exit.obj
 0003:00002374       __acrt_locale_changed_data 0000000140079374     libucrt:wsetlocale.obj
 0003:0000237c       _commode                   000000014007937c     libucrt:ncommode.obj
 0003:00002380       __acrt_atexit_table        0000000140079380     libucrt:onexit.obj
 0003:000023a0       __acrt_at_quick_exit_table 00000001400793a0     libucrt:onexit.obj
 0003:000023bc       __fma3_is_available        00000001400793bc     libucrt:fma3_available.obj
 0003:000023c0       __use_fma3_lib             00000001400793c0     libucrt:fma3_available.obj
 0003:000023d8       __acrt_current_multibyte_data 00000001400793d8     libucrt:mbctype.obj
 0003:000023e0       _mbctype                   00000001400793e0     libucrt:mbctype.obj
 0003:000023e8       _mbcasemap                 00000001400793e8     libucrt:mbctype.obj
 0003:000023fc       __argc                     00000001400793fc     libucrt:argv_data.obj
 0003:00002400       __argv                     0000000140079400     libucrt:argv_data.obj
 0003:00002410       __wargv                    0000000140079410     libucrt:argv_data.obj
 0003:00002420       _acmdln                    0000000140079420     libucrt:argv_data.obj
 0003:00002430       _wcmdln                    0000000140079430     libucrt:argv_data.obj
 0003:00002440       _pgmptr                    0000000140079440     libucrt:argv_data.obj
 0003:00002450       _wpgmptr                   0000000140079450     libucrt:argv_data.obj
 0003:00002710       _fmode                     0000000140079710     libucrt:txtmode.obj
 0003:00002720       __pioinfo                  0000000140079720     libucrt:ioinit.obj
 0003:00002bec       _nhandle                   0000000140079bec     libucrt:ioinit.obj
 0003:00002bf0       __acrt_current_locale_data 0000000140079bf0     libucrt:nlsdata.obj
 0003:00002e11       __acrt_lconv_static_null   0000000140079e11     libucrt:localeconv.obj
 0003:00002e14       __acrt_lconv_static_W_null 0000000140079e14     libucrt:localeconv.obj
 0003:00002e18       __acrt_heap                0000000140079e18     libucrt:heap_handle.obj
 0003:00002e60       _nstream                   0000000140079e60     libucrt:_file.obj
 0003:00002e68       __piob                     0000000140079e68     libucrt:_file.obj
 0003:00002e74       _cflush                    0000000140079e74     libucrt:_file.obj
 0003:00002e78       __acrt_stdout_buffer       0000000140079e78     libucrt:_sftbuf.obj
 0003:00002e88       __acrt_stderr_buffer       0000000140079e88     libucrt:_sftbuf.obj
 0003:00002ea4       __scrt_ucrt_dll_is_in_use  0000000140079ea4     <common>
 0003:00002eb0       __dyn_tls_dtor_callback    0000000140079eb0     <common>
 0003:00002ec8       __dyn_tls_init_callback    0000000140079ec8     <common>
 0003:00002ee0       _pDestructExceptionObject  0000000140079ee0     <common>
 0005:00000000       __imp_StretchDIBits        000000014007f000     gdi32:GDI32.dll
 0005:00000008       \177GDI32_NULL_THUNK_DATA  000000014007f008     gdi32:GDI32.dll
 0005:00000060       __imp_SetFilePointerEx     000000014007f060     kernel32:KERNEL32.dll
 0005:00000068       __imp_RaiseException       000000014007f068     kernel32:KERNEL32.dll
 0005:00000070       __imp_GetConsoleMode       000000014007f070     kernel32:KERNEL32.dll
 0005:00000078       __imp_GetConsoleCP         000000014007f078     kernel32:KERNEL32.dll
 0005:00000080       __imp_CreateFileW          000000014007f080     kernel32:KERNEL32.dll
 0005:00000088       __imp_HeapReAlloc          000000014007f088     kernel32:KERNEL32.dll
 0005:00000090       __imp_HeapSize             000000014007f090     kernel32:KERNEL32.dll
 0005:00000098       __imp_SetConsoleCtrlHandler 000000014007f098     kernel32:KERNEL32.dll
 0005:000000a0       __imp_GetProcessHeap       000000014007f0a0     kernel32:KERNEL32.dll
 0005:000000a8       __imp_FlushFileBuffers     000000014007f0a8     kernel32:KERNEL32.dll
 0005:000000b0       __imp_TlsFree              000000014007f0b0     kernel32:KERNEL32.dll
 0005:000000b8       __imp_CreateFileA          000000014007f0b8     kernel32:KERNEL32.dll
 0005:000000c0       __imp_GetFileSizeEx        000000014007f0c0     kernel32:KERNEL32.dll
 0005:000000c8       __imp_ReadFile             000000014007f0c8     kernel32:KERNEL32.dll
 0005:000000d0       __imp_OutputDebugStringA   000000014007f0d0     kernel32:KERNEL32.dll
 0005:000000d8       __imp_CloseHandle          000000014007f0d8     kernel32:KERNEL32.dll
 0005:000000e0       __imp_QueryPerformanceCounter 000000014007f0e0     kernel32:KERNEL32.dll
 0005:000000e8       __imp_QueryPerformanceFrequency 000000014007f0e8     kernel32:KERNEL32.dll
 0005:000000f0       __imp_VirtualAlloc         000000014007f0f0     kernel32:KERNEL32.dll
 0005:000000f8       __imp_VirtualFree          000000014007f0f8     kernel32:KERNEL32.dll
 0005:00000100       __imp_GetProcAddress       000000014007f100     kernel32:KERNEL32.dll
 0005:00000108       __imp_LoadLibraryA         000000014007f108     kernel32:KERNEL32.dll
 0005:00000110       __imp_RtlCaptureContext    000000014007f110     kernel32:KERNEL32.dll
 0005:00000118       __imp_RtlLookupFunctionEntry 000000014007f118     kernel32:KERNEL32.dll
 0005:00000120       __imp_RtlVirtualUnwind     000000014007f120     kernel32:KERNEL32.dll
 0005:00000128       __imp_UnhandledExceptionFilter 000000014007f128     kernel32:KERNEL32.dll
 0005:00000130       __imp_SetUnhandledExceptionFilter 000000014007f130     kernel32:KERNEL32.dll
 0005:00000138       __imp_GetCurrentProcess    000000014007f138     kernel32:KERNEL32.dll
 0005:00000140       __imp_TerminateProcess     000000014007f140     kernel32:KERNEL32.dll
 0005:00000148       __imp_IsProcessorFeaturePresent 000000014007f148     kernel32:KERNEL32.dll
 0005:00000150       __imp_GetCurrentProcessId  000000014007f150     kernel32:KERNEL32.dll
 0005:00000158       __imp_GetCurrentThreadId   000000014007f158     kernel32:KERNEL32.dll
 0005:00000160       __imp_GetSystemTimeAsFileTime 000000014007f160     kernel32:KERNEL32.dll
 0005:00000168       __imp_InitializeSListHead  000000014007f168     kernel32:KERNEL32.dll
 0005:00000170       __imp_IsDebuggerPresent    000000014007f170     kernel32:KERNEL32.dll
 0005:00000178       __imp_GetStartupInfoW      000000014007f178     kernel32:KERNEL32.dll
 0005:00000180       __imp_GetModuleHandleW     000000014007f180     kernel32:KERNEL32.dll
 0005:00000188       __imp_LCMapStringW         000000014007f188     kernel32:KERNEL32.dll
 0005:00000190       __imp_RtlUnwindEx          000000014007f190     kernel32:KERNEL32.dll
 0005:00000198       __imp_InterlockedPushEntrySList 000000014007f198     kernel32:KERNEL32.dll
 0005:000001a0       __imp_InterlockedFlushSList 000000014007f1a0     kernel32:KERNEL32.dll
 0005:000001a8       __imp_GetLastError         000000014007f1a8     kernel32:KERNEL32.dll
 0005:000001b0       __imp_SetLastError         000000014007f1b0     kernel32:KERNEL32.dll
 0005:000001b8       __imp_EnterCriticalSection 000000014007f1b8     kernel32:KERNEL32.dll
 0005:000001c0       __imp_LeaveCriticalSection 000000014007f1c0     kernel32:KERNEL32.dll
 0005:000001c8       __imp_DeleteCriticalSection 000000014007f1c8     kernel32:KERNEL32.dll
 0005:000001d0       __imp_InitializeCriticalSectionAndSpinCount 000000014007f1d0     kernel32:KERNEL32.dll
 0005:000001d8       __imp_TlsAlloc             000000014007f1d8     kernel32:KERNEL32.dll
 0005:000001e0       __imp_TlsGetValue          000000014007f1e0     kernel32:KERNEL32.dll
 0005:000001e8       __imp_TlsSetValue          000000014007f1e8     kernel32:KERNEL32.dll
 0005:000001f0       __imp_WriteConsoleW        000000014007f1f0     kernel32:KERNEL32.dll
 0005:000001f8       __imp_FreeLibrary          000000014007f1f8     kernel32:KERNEL32.dll
 0005:00000200       __imp_LoadLibraryExW       000000014007f200     kernel32:KERNEL32.dll
 0005:00000208       __imp_GetStdHandle         000000014007f208     kernel32:KERNEL32.dll
 0005:00000210       __imp_WriteFile            000000014007f210     kernel32:KERNEL32.dll
 0005:00000218       __imp_GetModuleFileNameW   000000014007f218     kernel32:KERNEL32.dll
 0005:00000220       __imp_GetModuleFileNameA   000000014007f220     kernel32:KERNEL32.dll
 0005:00000228       __imp_MultiByteToWideChar  000000014007f228     kernel32:KERNEL32.dll
 0005:00000230       __imp_WideCharToMultiByte  000000014007f230     kernel32:KERNEL32.dll
 0005:00000238       __imp_ExitProcess          000000014007f238     kernel32:KERNEL32.dll
 0005:00000240       __imp_GetModuleHandleExW   000000014007f240     kernel32:KERNEL32.dll
 0005:00000248       __imp_GetACP               000000014007f248     kernel32:KERNEL32.dll
 0005:00000250       __imp_HeapFree             000000014007f250     kernel32:KERNEL32.dll
 0005:00000258       __imp_HeapAlloc            000000014007f258     kernel32:KERNEL32.dll
 0005:00000260       __imp_GetCurrentThread     000000014007f260     kernel32:KERNEL32.dll
 0005:00000268       __imp_FindClose            000000014007f268     kernel32:KERNEL32.dll
 0005:00000270       __imp_FindFirstFileExA     000000014007f270     kernel32:KERNEL32.dll
 0005:00000278       __imp_FindFirstFileExW     000000014007f278     kernel32:KERNEL32.dll
 0005:00000280       __imp_FindNextFileA        000000014007f280     kernel32:KERNEL32.dll
 0005:00000288       __imp_FindNextFileW        000000014007f288     kernel32:KERNEL32.dll
 0005:00000290       __imp_IsValidCodePage      000000014007f290     kernel32:KERNEL32.dll
 0005:00000298       __imp_GetOEMCP             000000014007f298     kernel32:KERNEL32.dll
 0005:000002a0       __imp_GetCPInfo            000000014007f2a0     kernel32:KERNEL32.dll
 0005:000002a8       __imp_GetCommandLineA      000000014007f2a8     kernel32:KERNEL32.dll
 0005:000002b0       __imp_GetCommandLineW      000000014007f2b0     kernel32:KERNEL32.dll
 0005:000002b8       __imp_GetEnvironmentStringsW 000000014007f2b8     kernel32:KERNEL32.dll
 0005:000002c0       __imp_FreeEnvironmentStringsW 000000014007f2c0     kernel32:KERNEL32.dll
 0005:000002c8       __imp_SetEnvironmentVariableA 000000014007f2c8     kernel32:KERNEL32.dll
 0005:000002d0       __imp_SetEnvironmentVariableW 000000014007f2d0     kernel32:KERNEL32.dll
 0005:000002d8       __imp_SetStdHandle         000000014007f2d8     kernel32:KERNEL32.dll
 0005:000002e0       __imp_GetFileType          000000014007f2e0     kernel32:KERNEL32.dll
 0005:000002e8       __imp_GetStringTypeW       000000014007f2e8     kernel32:KERNEL32.dll
 0005:000002f0       __imp_GetLocaleInfoW       000000014007f2f0     kernel32:KERNEL32.dll
 0005:000002f8       __imp_IsValidLocale        000000014007f2f8     kernel32:KERNEL32.dll
 0005:00000300       __imp_GetUserDefaultLCID   000000014007f300     kernel32:KERNEL32.dll
 0005:00000308       __imp_EnumSystemLocalesW   000000014007f308     kernel32:KERNEL32.dll
 0005:00000310       __imp_OutputDebugStringW   000000014007f310     kernel32:KERNEL32.dll
 0005:00000318       __imp_GetDateFormatW       000000014007f318     kernel32:KERNEL32.dll
 0005:00000320       __imp_GetTimeFormatW       000000014007f320     kernel32:KERNEL32.dll
 0005:00000328       __imp_CompareStringW       000000014007f328     kernel32:KERNEL32.dll
 0005:00000330       \177KERNEL32_NULL_THUNK_DATA 000000014007f330     kernel32:KERNEL32.dll
 0005:00000418       __imp_DispatchMessageA     000000014007f418     user32:USER32.dll
 0005:00000420       __imp_GetClientRect        000000014007f420     user32:USER32.dll
 0005:00000428       __imp_EndPaint             000000014007f428     user32:USER32.dll
 0005:00000430       __imp_BeginPaint           000000014007f430     user32:USER32.dll
 0005:00000438       __imp_GetDC                000000014007f438     user32:USER32.dll
 0005:00000440       __imp_CreateWindowExA      000000014007f440     user32:USER32.dll
 0005:00000448       __imp_RegisterClassA       000000014007f448     user32:USER32.dll
 0005:00000450       __imp_DefWindowProcA       000000014007f450     user32:USER32.dll
 0005:00000458       __imp_PeekMessageA         000000014007f458     user32:USER32.dll
 0005:00000460       __imp_TranslateMessage     000000014007f460     user32:USER32.dll
 0005:00000468       \177USER32_NULL_THUNK_DATA 000000014007f468     user32:USER32.dll
 0005:000004d0       __IMPORT_DESCRIPTOR_USER32 000000014007f4d0     user32:USER32.dll
 0005:000004e4       __IMPORT_DESCRIPTOR_GDI32  000000014007f4e4     gdi32:GDI32.dll
 0005:000004f8       __IMPORT_DESCRIPTOR_KERNEL32 000000014007f4f8     kernel32:KERNEL32.dll
 0005:0000050c       __NULL_IMPORT_DESCRIPTOR   000000014007f50c     user32:USER32.dll
 0006:00000000       __guard_check_icall_fptr   0000000140081000     LIBCMT:guard_support.obj
 0006:00000010       __guard_dispatch_icall_fptr 0000000140081010     LIBCMT:guard_support.obj
 0006:00000020       __guard_ss_verify_failure_fptr 0000000140081020     LIBCMT:guard_support.obj
 0006:00000030       __guard_ss_verify_sp_fptr  0000000140081030     LIBCMT:guard_support.obj
